<?xml version="1.0" encoding="utf-8"?>
<TestRun id="b932be52-b51e-4958-a12e-12d4fe55db98" name="User@ASUS 2026-05-21 15:40:37" runUser="Asus\User" xmlns="http://microsoft.com/schemas/VisualStudio/TeamTest/2010">
  <Times creation="2026-05-21T15:40:37.2727007+03:00" queuing="2026-05-21T15:40:37.2727012+03:00" start="2026-05-21T15:40:34.0849723+03:00" finish="2026-05-21T15:41:12.7343276+03:00" />
  <TestSettings name="default" id="c4de9178-fd52-437f-a46f-394129fbab0b">
    <Deployment runDeploymentRoot="User_ASUS_2026-05-21_15_40_37" />
  </TestSettings>
  <Results>
    <UnitTestResult executionId="fcd5e8ee-f0ab-4c0c-a650-628c654ef593" testId="7c648003-73c0-0119-a724-1a61f1ad9e1e" testName="POS.Tests.ApiIntegrationTests.Sync_currency_policy_push_endpoint_applies_newer_policy_on_server" computerName="ASUS" duration="00:00:00.9484237" startTime="2026-05-21T15:40:50.8869102+03:00" endTime="2026-05-21T15:40:50.8869104+03:00" testType="13cdc9d9-ddb5-4fa4-a97d-d965ccfc6d4b" outcome="Passed" testListId="8c84fa94-04c1-424b-9868-57a2d4851a1d" relativeResultsDirectory="fcd5e8ee-f0ab-4c0c-a650-628c654ef593" />
    <UnitTestResult executionId="69b9b757-f7db-495f-a520-f5c161a8ff6d" testId="b821df00-112c-df99-f89b-86fee22c4368" testName="POS.Tests.SettingsServiceTests.Search_products_uses_configured_low_stock_threshold" computerName="ASUS" duration="00:00:05.5058207" startTime="2026-05-21T15:40:42.4728315+03:00" endTime="2026-05-21T15:40:42.4728319+03:00" testType="13cdc9d9-ddb5-4fa4-a97d-d965ccfc6d4b" outcome="Passed" testListId="8c84fa94-04c1-424b-9868-57a2d4851a1d" relativeResultsDirectory="69b9b757-f7db-495f-a520-f5c161a8ff6d" />
    <UnitTestResult executionId="9042f089-57f7-407f-97ad-26391e923ffa" testId="a3ff68e3-f599-f05f-4bc8-b0a94354099f" testName="POS.Tests.CurrencyConversionTests.ToBase_same_rate_is_identity" computerName="ASUS" duration="00:00:00.0003026" startTime="2026-05-21T15:40:37.1456826+03:00" endTime="2026-05-21T15:40:37.1456827+03:00" testType="13cdc9d9-ddb5-4fa4-a97d-d965ccfc6d4b" outcome="Passed" testListId="8c84fa94-04c1-424b-9868-57a2d4851a1d" relativeResultsDirectory="9042f089-57f7-407f-97ad-26391e923ffa" />
    <UnitTestResult executionId="2a5489c7-8da0-4199-a218-964061120a2c" testId="ed0f8c76-67bb-5864-f350-751c29b914c9" testName="POS.Tests.ApiIntegrationTests.Sync_audit_logs_pull_endpoint_returns_server_audit_changes_after_cursor" computerName="ASUS" duration="00:00:00.6514593" startTime="2026-05-21T15:41:09.3457171+03:00" endTime="2026-05-21T15:41:09.3457175+03:00" testType="13cdc9d9-ddb5-4fa4-a97d-d965ccfc6d4b" outcome="Passed" testListId="8c84fa94-04c1-424b-9868-57a2d4851a1d" relativeResultsDirectory="2a5489c7-8da0-4199-a218-964061120a2c" />
    <UnitTestResult executionId="275873fd-00c8-4ea2-9348-744837c031bd" testId="8d315db6-2a0e-4c64-fe64-6d9dab174c37" testName="POS.Tests.LineTotalTests.Line_total_rounds_away_from_zero" computerName="ASUS" duration="00:00:00.0014125" startTime="2026-05-21T15:40:37.0063975+03:00" endTime="2026-05-21T15:40:37.0063976+03:00" testType="13cdc9d9-ddb5-4fa4-a97d-d965ccfc6d4b" outcome="Passed" testListId="8c84fa94-04c1-424b-9868-57a2d4851a1d" relativeResultsDirectory="275873fd-00c8-4ea2-9348-744837c031bd" />
    <UnitTestResult executionId="4f9646af-fe7f-4f92-9f95-87bedc70dc63" testId="36d33af1-d87f-eccc-6359-c6311f13b9c0" testName="POS.Tests.StoreTests.Store_can_set_Name" computerName="ASUS" duration="00:00:00.0018179" startTime="2026-05-21T15:40:37.1475936+03:00" endTime="2026-05-21T15:40:37.1475937+03:00" testType="13cdc9d9-ddb5-4fa4-a97d-d965ccfc6d4b" outcome="Passed" testListId="8c84fa94-04c1-424b-9868-57a2d4851a1d" relativeResultsDirectory="4f9646af-fe7f-4f92-9f95-87bedc70dc63" />
    <UnitTestResult executionId="4a6ea6da-eb96-4cae-bd81-9c9b4538c712" testId="cd566374-774f-a109-ee1f-71e7ac86cc59" testName="POS.Tests.SyncMetadataTests.Tracked_user_save_emits_store_scoped_sync_change_row" computerName="ASUS" duration="00:00:00.1985762" startTime="2026-05-21T15:40:43.4716558+03:00" endTime="2026-05-21T15:40:43.4716560+03:00" testType="13cdc9d9-ddb5-4fa4-a97d-d965ccfc6d4b" outcome="Passed" testListId="8c84fa94-04c1-424b-9868-57a2d4851a1d" relativeResultsDirectory="4a6ea6da-eb96-4cae-bd81-9c9b4538c712" />
    <UnitTestResult executionId="7305f531-cf0c-4f28-b831-f3c2c0947210" testId="d2a709b9-b92d-ae03-6f86-4196e0eef0f2" testName="POS.Tests.ApiIntegrationTests.Sync_audit_logs_push_endpoint_applies_snapshot_on_server" computerName="ASUS" duration="00:00:01.3408744" startTime="2026-05-21T15:40:54.6949741+03:00" endTime="2026-05-21T15:40:54.6949752+03:00" testType="13cdc9d9-ddb5-4fa4-a97d-d965ccfc6d4b" outcome="Passed" testListId="8c84fa94-04c1-424b-9868-57a2d4851a1d" relativeResultsDirectory="7305f531-cf0c-4f28-b831-f3c2c0947210" />
    <UnitTestResult executionId="fe7fb029-648d-4fdb-8da0-2f0e89d2446f" testId="7332bb65-ad3a-168f-042e-1329d1c21107" testName="POS.Tests.InvoiceSyncServiceTests.Push_updated_categories_sends_snapshots_and_persists_cursor" computerName="ASUS" duration="00:00:00.2110250" startTime="2026-05-21T15:40:46.7349116+03:00" endTime="2026-05-21T15:40:46.7349120+03:00" testType="13cdc9d9-ddb5-4fa4-a97d-d965ccfc6d4b" outcome="Passed" testListId="8c84fa94-04c1-424b-9868-57a2d4851a1d" relativeResultsDirectory="fe7fb029-648d-4fdb-8da0-2f0e89d2446f" />
    <UnitTestResult executionId="e7ac8ec9-d60f-4a0c-8140-b96ec31c1305" testId="426fc058-a14c-0d44-caba-3b3cceddcea2" testName="POS.Tests.WebIntegrationTests.Management_postbacks_create_user_and_persist_operational_settings" computerName="ASUS" duration="00:00:01.0557956" startTime="2026-05-21T15:40:50.1785894+03:00" endTime="2026-05-21T15:40:50.1785902+03:00" testType="13cdc9d9-ddb5-4fa4-a97d-d965ccfc6d4b" outcome="Passed" testListId="8c84fa94-04c1-424b-9868-57a2d4851a1d" relativeResultsDirectory="e7ac8ec9-d60f-4a0c-8140-b96ec31c1305" />
    <UnitTestResult executionId="6cb10910-f52e-423b-8438-170928c36fc0" testId="7416d6d4-e56d-4258-3f01-88f6f1561081" testName="POS.Tests.ApiIntegrationTests.Sync_product_push_endpoint_applies_snapshot_on_server" computerName="ASUS" duration="00:00:00.7293410" startTime="2026-05-21T15:41:11.8716215+03:00" endTime="2026-05-21T15:41:11.8716218+03:00" testType="13cdc9d9-ddb5-4fa4-a97d-d965ccfc6d4b" outcome="Passed" testListId="8c84fa94-04c1-424b-9868-57a2d4851a1d" relativeResultsDirectory="6cb10910-f52e-423b-8438-170928c36fc0" />
    <UnitTestResult executionId="5d09b0fa-3259-4950-bf52-d22f4eeec640" testId="8caed3c1-0240-0112-54fb-7af6d16ea07c" testName="POS.Tests.InvoiceSyncServiceTests.Push_updated_users_sends_snapshots_and_persists_cursor" computerName="ASUS" duration="00:00:00.2884170" startTime="2026-05-21T15:40:44.7910145+03:00" endTime="2026-05-21T15:40:44.7910147+03:00" testType="13cdc9d9-ddb5-4fa4-a97d-d965ccfc6d4b" outcome="Passed" testListId="8c84fa94-04c1-424b-9868-57a2d4851a1d" relativeResultsDirectory="5d09b0fa-3259-4950-bf52-d22f4eeec640" />
    <UnitTestResult executionId="6b33b6d1-15f8-4091-a49e-7da9b2dfbb4b" testId="daadd110-ba0d-c21e-bd3c-a936ce19c5d5" testName="POS.Tests.ApiIntegrationTests.Lifecycle_endpoints_transition_invoice_status_and_allow_refund_after_payment" computerName="ASUS" duration="00:00:01.2599725" startTime="2026-05-21T15:40:52.1472574+03:00" endTime="2026-05-21T15:40:52.1472582+03:00" testType="13cdc9d9-ddb5-4fa4-a97d-d965ccfc6d4b" outcome="Passed" testListId="8c84fa94-04c1-424b-9868-57a2d4851a1d" relativeResultsDirectory="6b33b6d1-15f8-4091-a49e-7da9b2dfbb4b" />
    <UnitTestResult executionId="a970c132-5204-4c87-a2e9-daefd09819aa" testId="7644cd85-3bbc-2e2a-8057-dcc426f641a0" testName="POS.Tests.InvoiceSyncServiceTests.Pull_remote_categories_applies_snapshot_and_persists_cursor" computerName="ASUS" duration="00:00:00.2446204" startTime="2026-05-21T15:40:44.5023706+03:00" endTime="2026-05-21T15:40:44.5023709+03:00" testType="13cdc9d9-ddb5-4fa4-a97d-d965ccfc6d4b" outcome="Passed" testListId="8c84fa94-04c1-424b-9868-57a2d4851a1d" relativeResultsDirectory="a970c132-5204-4c87-a2e9-daefd09819aa" />
    <UnitTestResult executionId="8a949418-c02a-46d1-98cb-335b23f0d18e" testId="496f23fb-f239-d8dc-3698-518f2f5ba751" testName="POS.Tests.ApiIntegrationTests.Sync_pull_endpoint_returns_server_invoice_changes_after_cursor" computerName="ASUS" duration="00:00:02.5790779" startTime="2026-05-21T15:40:59.9852374+03:00" endTime="2026-05-21T15:40:59.9852377+03:00" testType="13cdc9d9-ddb5-4fa4-a97d-d965ccfc6d4b" outcome="Passed" testListId="8c84fa94-04c1-424b-9868-57a2d4851a1d" relativeResultsDirectory="8a949418-c02a-46d1-98cb-335b23f0d18e" />
    <UnitTestResult executionId="6c801684-4ee0-40c7-a25e-7b77b0c93375" testId="1cc5788a-0742-e1df-8236-2dadfebbb8ba" testName="POS.Tests.StoreTests.Store_defaults_Id_is_empty_guid" computerName="ASUS" duration="00:00:00.0058142" startTime="2026-05-21T15:40:37.1476799+03:00" endTime="2026-05-21T15:40:37.1476799+03:00" testType="13cdc9d9-ddb5-4fa4-a97d-d965ccfc6d4b" outcome="Passed" testListId="8c84fa94-04c1-424b-9868-57a2d4851a1d" relativeResultsDirectory="6c801684-4ee0-40c7-a25e-7b77b0c93375" />
    <UnitTestResult executionId="ae1b2a83-a3a3-47d6-8830-21d36cf07b3e" testId="652c050b-d14c-c4b8-7605-fbfc86c2e75e" testName="POS.Tests.AuditLogTests.Product_update_writes_product_and_manual_stock_audits" computerName="ASUS" duration="00:00:05.4225690" startTime="2026-05-21T15:40:42.3903318+03:00" endTime="2026-05-21T15:40:42.3903321+03:00" testType="13cdc9d9-ddb5-4fa4-a97d-d965ccfc6d4b" outcome="Passed" testListId="8c84fa94-04c1-424b-9868-57a2d4851a1d" relativeResultsDirectory="ae1b2a83-a3a3-47d6-8830-21d36cf07b3e" />
    <UnitTestResult executionId="38794d73-4265-4286-a8ad-ad74846274f1" testId="10ed7303-3338-cdca-e730-0aa588e51b2c" testName="POS.Tests.InvoiceSyncServiceTests.Pull_remote_audit_logs_applies_snapshot_and_persists_cursor" computerName="ASUS" duration="00:00:00.2406082" startTime="2026-05-21T15:40:47.2125922+03:00" endTime="2026-05-21T15:40:47.2125943+03:00" testType="13cdc9d9-ddb5-4fa4-a97d-d965ccfc6d4b" outcome="Passed" testListId="8c84fa94-04c1-424b-9868-57a2d4851a1d" relativeResultsDirectory="38794d73-4265-4286-a8ad-ad74846274f1" />
    <UnitTestResult executionId="980ec299-6308-4b95-83d3-20e373e26d36" testId="2a6bea22-6cfa-b098-fbb1-89db86be6be6" testName="POS.Tests.InvoiceSyncServiceTests.Pull_remote_settings_applies_snapshot_and_persists_cursor" computerName="ASUS" duration="00:00:00.3863394" startTime="2026-05-21T15:40:42.7762923+03:00" endTime="2026-05-21T15:40:42.7762927+03:00" testType="13cdc9d9-ddb5-4fa4-a97d-d965ccfc6d4b" outcome="Passed" testListId="8c84fa94-04c1-424b-9868-57a2d4851a1d" relativeResultsDirectory="980ec299-6308-4b95-83d3-20e373e26d36" />
    <UnitTestResult executionId="ef61d288-4c10-4888-81de-f823e16be27e" testId="e704cf59-a5be-860b-625c-da022a9f48bb" testName="POS.Tests.InvoiceSyncServiceTests.Pull_remote_invoices_applies_snapshot_updates_inventory_and_persists_cursor" computerName="ASUS" duration="00:00:00.4048948" startTime="2026-05-21T15:40:43.8683420+03:00" endTime="2026-05-21T15:40:43.8683431+03:00" testType="13cdc9d9-ddb5-4fa4-a97d-d965ccfc6d4b" outcome="Passed" testListId="8c84fa94-04c1-424b-9868-57a2d4851a1d" relativeResultsDirectory="ef61d288-4c10-4888-81de-f823e16be27e" />
    <UnitTestResult executionId="916aa4d3-fb54-4fa7-8673-32e0e88f526b" testId="d4beec55-8bb4-e04e-5263-607e5d0be97e" testName="POS.Tests.ApiIntegrationTests.Sync_devices_pull_endpoint_returns_server_device_changes_after_cursor" computerName="ASUS" duration="00:00:01.2061001" startTime="2026-05-21T15:40:53.3536672+03:00" endTime="2026-05-21T15:40:53.3536676+03:00" testType="13cdc9d9-ddb5-4fa4-a97d-d965ccfc6d4b" outcome="Passed" testListId="8c84fa94-04c1-424b-9868-57a2d4851a1d" relativeResultsDirectory="916aa4d3-fb54-4fa7-8673-32e0e88f526b" />
    <UnitTestResult executionId="a5a2b1a2-8c86-4a58-a1f7-00df1b22273b" testId="442c2e9e-e7c6-d499-78cc-a66e1f40e3f1" testName="POS.Tests.ApiIntegrationTests.Sync_users_pull_endpoint_returns_server_user_changes_after_cursor" computerName="ASUS" duration="00:00:00.6059031" startTime="2026-05-21T15:41:11.1418788+03:00" endTime="2026-05-21T15:41:11.1418796+03:00" testType="13cdc9d9-ddb5-4fa4-a97d-d965ccfc6d4b" outcome="Passed" testListId="8c84fa94-04c1-424b-9868-57a2d4851a1d" relativeResultsDirectory="a5a2b1a2-8c86-4a58-a1f7-00df1b22273b" />
    <UnitTestResult executionId="41e77db3-e4b0-4f6e-a849-75727043ce6e" testId="a0e26765-302c-ee09-992f-a7ef7407a4f8" testName="POS.Tests.AuditLogTests.Currency_policy_update_writes_audit_row" computerName="ASUS" duration="00:00:00.2889099" startTime="2026-05-21T15:40:43.5675539+03:00" endTime="2026-05-21T15:40:43.5675547+03:00" testType="13cdc9d9-ddb5-4fa4-a97d-d965ccfc6d4b" outcome="Passed" testListId="8c84fa94-04c1-424b-9868-57a2d4851a1d" relativeResultsDirectory="41e77db3-e4b0-4f6e-a849-75727043ce6e" />
    <UnitTestResult executionId="03cf4f6c-3347-49dc-8e47-943f942d4bc8" testId="4ab80519-a504-dfd8-520e-6faf8362710e" testName="POS.Tests.InvoiceSyncServiceTests.Pull_remote_users_applies_snapshot_creates_role_and_persists_cursor" computerName="ASUS" duration="00:00:00.2364991" startTime="2026-05-21T15:40:46.9716971+03:00" endTime="2026-05-21T15:40:46.9716974+03:00" testType="13cdc9d9-ddb5-4fa4-a97d-d965ccfc6d4b" outcome="Passed" testListId="8c84fa94-04c1-424b-9868-57a2d4851a1d" relativeResultsDirectory="03cf4f6c-3347-49dc-8e47-943f942d4bc8" />
    <UnitTestResult executionId="d3d89ba5-3748-444a-97ad-9126c4644e53" testId="0050df26-b947-58b4-c4b4-6f2f659a251a" testName="POS.Tests.ApiIntegrationTests.Sync_devices_push_endpoint_applies_snapshot_on_server" computerName="ASUS" duration="00:00:01.5546794" startTime="2026-05-21T15:40:46.0181488+03:00" endTime="2026-05-21T15:40:46.0181491+03:00" testType="13cdc9d9-ddb5-4fa4-a97d-d965ccfc6d4b" outcome="Passed" testListId="8c84fa94-04c1-424b-9868-57a2d4851a1d" relativeResultsDirectory="d3d89ba5-3748-444a-97ad-9126c4644e53" />
    <UnitTestResult executionId="13128dba-49de-4f47-aef0-58cdb1689a8d" testId="6c59921a-70d3-7570-64ad-d2dff5146048" testName="POS.Tests.CurrencyConversionTests.ToBase_zero_base_rate_throws" computerName="ASUS" duration="00:00:00.0205650" startTime="2026-05-21T15:40:37.0074582+03:00" endTime="2026-05-21T15:40:37.0074584+03:00" testType="13cdc9d9-ddb5-4fa4-a97d-d965ccfc6d4b" outcome="Passed" testListId="8c84fa94-04c1-424b-9868-57a2d4851a1d" relativeResultsDirectory="13128dba-49de-4f47-aef0-58cdb1689a8d" />
    <UnitTestResult executionId="80e6b929-b975-44e4-9def-b0d5e97aa425" testId="d064dc2b-054b-1541-0d66-ef3d8f6dfe1d" testName="POS.Tests.WebIntegrationTests.Management_get_stock_ledger_filter_limits_rows_to_selected_product" computerName="ASUS" duration="00:00:01.1801412" startTime="2026-05-21T15:40:47.7209499+03:00" endTime="2026-05-21T15:40:47.7209501+03:00" testType="13cdc9d9-ddb5-4fa4-a97d-d965ccfc6d4b" outcome="Passed" testListId="8c84fa94-04c1-424b-9868-57a2d4851a1d" relativeResultsDirectory="80e6b929-b975-44e4-9def-b0d5e97aa425" />
    <UnitTestResult executionId="e5817f93-fc5c-46b2-9023-cf555987f137" testId="862c06d0-8947-7d42-dfe2-8aec5cbe17a7" testName="POS.Tests.InvoiceSyncServiceTests.Push_updated_audit_logs_sends_snapshots_and_persists_cursor" computerName="ASUS" duration="00:00:00.2105586" startTime="2026-05-21T15:40:45.8781898+03:00" endTime="2026-05-21T15:40:45.8781900+03:00" testType="13cdc9d9-ddb5-4fa4-a97d-d965ccfc6d4b" outcome="Passed" testListId="8c84fa94-04c1-424b-9868-57a2d4851a1d" relativeResultsDirectory="e5817f93-fc5c-46b2-9023-cf555987f137" />
    <UnitTestResult executionId="75b64c1f-4e90-4fa7-a745-c2734ecc0165" testId="3bab6a12-176a-4b40-df1c-1344d20e4493" testName="POS.Tests.ApiIntegrationTests.Sync_endpoint_applies_invoice_snapshot_and_reports_conflict_for_stale_version" computerName="ASUS" duration="00:00:00.5982078" startTime="2026-05-21T15:41:08.6939331+03:00" endTime="2026-05-21T15:41:08.6939336+03:00" testType="13cdc9d9-ddb5-4fa4-a97d-d965ccfc6d4b" outcome="Passed" testListId="8c84fa94-04c1-424b-9868-57a2d4851a1d" relativeResultsDirectory="75b64c1f-4e90-4fa7-a745-c2734ecc0165" />
    <UnitTestResult executionId="645fb391-ca97-4549-9e18-54d2d0ef6704" testId="340de893-fb2a-1668-befc-9e5785d88e96" testName="POS.Tests.InvoiceSyncServiceTests.Push_updated_settings_sends_snapshots_and_persists_cursor" computerName="ASUS" duration="00:00:00.3998906" startTime="2026-05-21T15:40:43.1704089+03:00" endTime="2026-05-21T15:40:43.1704097+03:00" testType="13cdc9d9-ddb5-4fa4-a97d-d965ccfc6d4b" outcome="Passed" testListId="8c84fa94-04c1-424b-9868-57a2d4851a1d" relativeResultsDirectory="645fb391-ca97-4549-9e18-54d2d0ef6704" />
    <UnitTestResult executionId="5738a236-daec-416f-8fed-1600e22e5f0f" testId="ea2af427-0516-36c8-4eaa-4b6dc2b9212a" testName="POS.Tests.WebIntegrationTests.Management_postbacks_create_rename_and_delete_category_around_product_usage" computerName="ASUS" duration="00:00:01.0838577" startTime="2026-05-21T15:40:52.0850833+03:00" endTime="2026-05-21T15:40:52.0850846+03:00" testType="13cdc9d9-ddb5-4fa4-a97d-d965ccfc6d4b" outcome="Passed" testListId="8c84fa94-04c1-424b-9868-57a2d4851a1d" relativeResultsDirectory="5738a236-daec-416f-8fed-1600e22e5f0f" />
    <UnitTestResult executionId="a8e2171e-43d9-4d7a-8383-4bb42eadf275" testId="80860392-46c6-8311-6952-cb692ad00414" testName="POS.Tests.SettingsServiceTests.Settings_round_trip_persists_and_loads" computerName="ASUS" duration="00:00:00.3930131" startTime="2026-05-21T15:40:42.8660002+03:00" endTime="2026-05-21T15:40:42.8660005+03:00" testType="13cdc9d9-ddb5-4fa4-a97d-d965ccfc6d4b" outcome="Passed" testListId="8c84fa94-04c1-424b-9868-57a2d4851a1d" relativeResultsDirectory="a8e2171e-43d9-4d7a-8383-4bb42eadf275" />
    <UnitTestResult executionId="12b4beaa-c689-4ba1-ae5d-3ca407cb054b" testId="90b500e4-4cec-b83e-782d-50b128475173" testName="POS.Tests.InvoiceSyncServiceTests.Pull_remote_products_applies_snapshot_updates_inventory_and_persists_cursor" computerName="ASUS" duration="00:00:05.1128554" startTime="2026-05-21T15:40:42.0808481+03:00" endTime="2026-05-21T15:40:42.0808485+03:00" testType="13cdc9d9-ddb5-4fa4-a97d-d965ccfc6d4b" outcome="Passed" testListId="8c84fa94-04c1-424b-9868-57a2d4851a1d" relativeResultsDirectory="12b4beaa-c689-4ba1-ae5d-3ca407cb054b" />
    <UnitTestResult executionId="1edb0b94-320c-47ad-a294-e01417c9e92f" testId="85b3b6ed-94d3-2ff9-a2cb-8b0e3ee6b4db" testName="POS.Tests.InvoiceSyncServiceTests.Push_updated_categories_resumes_from_persisted_numeric_sequence_cursor" computerName="ASUS" duration="00:00:00.4458712" startTime="2026-05-21T15:40:45.6677942+03:00" endTime="2026-05-21T15:40:45.6677955+03:00" testType="13cdc9d9-ddb5-4fa4-a97d-d965ccfc6d4b" outcome="Passed" testListId="8c84fa94-04c1-424b-9868-57a2d4851a1d" relativeResultsDirectory="1edb0b94-320c-47ad-a294-e01417c9e92f" />
    <UnitTestResult executionId="be076973-8d22-4373-8769-652c13d7bf9a" testId="21c9afa1-2904-5ab8-67d6-440b77a50fd5" testName="POS.Tests.InvoiceSyncServiceTests.Push_updated_products_sends_snapshots_and_persists_cursor" computerName="ASUS" duration="00:00:00.2113113" startTime="2026-05-21T15:40:46.0896937+03:00" endTime="2026-05-21T15:40:46.0896943+03:00" testType="13cdc9d9-ddb5-4fa4-a97d-d965ccfc6d4b" outcome="Passed" testListId="8c84fa94-04c1-424b-9868-57a2d4851a1d" relativeResultsDirectory="be076973-8d22-4373-8769-652c13d7bf9a" />
    <UnitTestResult executionId="63afc38c-6ea3-4355-8445-593a57b525a3" testId="a8088a4c-fb11-8488-280a-49105ec1c2fb" testName="POS.Tests.ApiIntegrationTests.Sync_category_pull_endpoint_returns_server_category_changes_after_cursor" computerName="ASUS" duration="00:00:01.1561541" startTime="2026-05-21T15:40:48.7724083+03:00" endTime="2026-05-21T15:40:48.7724084+03:00" testType="13cdc9d9-ddb5-4fa4-a97d-d965ccfc6d4b" outcome="Passed" testListId="8c84fa94-04c1-424b-9868-57a2d4851a1d" relativeResultsDirectory="63afc38c-6ea3-4355-8445-593a57b525a3" />
    <UnitTestResult executionId="4c170bb8-0d50-4468-9ad2-39203b836aa4" testId="986bd36d-0e1d-f0d2-3e67-0ef978eb3cdb" testName="POS.Tests.SaleServiceSettingsTests.Negative_stock_policy_blocks_when_disabled" computerName="ASUS" duration="00:00:05.5962764" startTime="2026-05-21T15:40:42.6025567+03:00" endTime="2026-05-21T15:40:42.6025570+03:00" testType="13cdc9d9-ddb5-4fa4-a97d-d965ccfc6d4b" outcome="Passed" testListId="8c84fa94-04c1-424b-9868-57a2d4851a1d" relativeResultsDirectory="4c170bb8-0d50-4468-9ad2-39203b836aa4" />
    <UnitTestResult executionId="5d276a11-7463-4f24-87ff-637a32a49634" testId="66fec903-e166-1f65-c876-d94dc6a1ac48" testName="POS.Tests.WebIntegrationTests.Management_get_stock_ledger_filter_limits_rows_to_selected_product_and_movement_type" computerName="ASUS" duration="00:00:01.4447767" startTime="2026-05-21T15:40:46.5404876+03:00" endTime="2026-05-21T15:40:46.5404892+03:00" testType="13cdc9d9-ddb5-4fa4-a97d-d965ccfc6d4b" outcome="Passed" testListId="8c84fa94-04c1-424b-9868-57a2d4851a1d" relativeResultsDirectory="5d276a11-7463-4f24-87ff-637a32a49634" />
    <UnitTestResult executionId="110d982e-4db0-43bc-a719-0b8b62b730ef" testId="c066c2df-147c-a15a-a61f-ea4ea453263b" testName="POS.Tests.ApiIntegrationTests.Cash_sale_flow_returns_updated_snapshots_and_receipt" computerName="ASUS" duration="00:00:00.5958869" startTime="2026-05-21T15:41:10.5354224+03:00" endTime="2026-05-21T15:41:10.5354225+03:00" testType="13cdc9d9-ddb5-4fa4-a97d-d965ccfc6d4b" outcome="Passed" testListId="8c84fa94-04c1-424b-9868-57a2d4851a1d" relativeResultsDirectory="110d982e-4db0-43bc-a719-0b8b62b730ef" />
    <UnitTestResult executionId="279da978-7f74-41a4-9ee7-5090995c5f5a" testId="aa81bcc1-5dd5-1acf-433e-f733cd728233" testName="POS.Tests.ApiIntegrationTests.Sync_settings_pull_endpoint_returns_server_setting_changes_after_cursor" computerName="ASUS" duration="00:00:00.8628930" startTime="2026-05-21T15:41:08.0953326+03:00" endTime="2026-05-21T15:41:08.0953329+03:00" testType="13cdc9d9-ddb5-4fa4-a97d-d965ccfc6d4b" outcome="Passed" testListId="8c84fa94-04c1-424b-9868-57a2d4851a1d" relativeResultsDirectory="279da978-7f74-41a4-9ee7-5090995c5f5a" />
    <UnitTestResult executionId="720fcf2d-9fe2-4aac-a2c4-e81593e1f187" testId="dc7608db-b803-d9ad-2276-b67da9722d2b" testName="POS.Tests.InvoiceSyncServiceTests.Pull_remote_devices_applies_snapshot_and_persists_cursor" computerName="ASUS" duration="00:00:00.3033376" startTime="2026-05-21T15:40:42.3842074+03:00" endTime="2026-05-21T15:40:42.3842077+03:00" testType="13cdc9d9-ddb5-4fa4-a97d-d965ccfc6d4b" outcome="Passed" testListId="8c84fa94-04c1-424b-9868-57a2d4851a1d" relativeResultsDirectory="720fcf2d-9fe2-4aac-a2c4-e81593e1f187" />
    <UnitTestResult executionId="caff6016-9f62-4369-a5be-658eac67a380" testId="30b5d756-adfc-f568-265b-5e3e4ff673c3" testName="POS.Tests.ApiIntegrationTests.Sync_settings_push_endpoint_applies_snapshot_on_server" computerName="ASUS" duration="00:00:01.4230392" startTime="2026-05-21T15:40:57.4061902+03:00" endTime="2026-05-21T15:40:57.4061906+03:00" testType="13cdc9d9-ddb5-4fa4-a97d-d965ccfc6d4b" outcome="Passed" testListId="8c84fa94-04c1-424b-9868-57a2d4851a1d" relativeResultsDirectory="caff6016-9f62-4369-a5be-658eac67a380" />
    <UnitTestResult executionId="ff0bc277-660b-45de-b7e1-2d2799005506" testId="4bb901e6-8f3f-4842-06d2-05b25401fef0" testName="POS.Tests.InvoiceSyncServiceTests.Pull_currency_policy_applies_snapshot_and_persists_cursors" computerName="ASUS" duration="00:00:00.3886768" startTime="2026-05-21T15:40:44.2573542+03:00" endTime="2026-05-21T15:40:44.2573544+03:00" testType="13cdc9d9-ddb5-4fa4-a97d-d965ccfc6d4b" outcome="Passed" testListId="8c84fa94-04c1-424b-9868-57a2d4851a1d" relativeResultsDirectory="ff0bc277-660b-45de-b7e1-2d2799005506" />
    <UnitTestResult executionId="bf63255e-0c1b-4863-9be7-cfa416cf0818" testId="cdd07177-6813-55e3-9970-7431a43631cc" testName="POS.Tests.ApiIntegrationTests.Sync_category_push_endpoint_applies_snapshot_on_server" computerName="ASUS" duration="00:00:01.1653062" startTime="2026-05-21T15:40:49.9382217+03:00" endTime="2026-05-21T15:40:49.9382220+03:00" testType="13cdc9d9-ddb5-4fa4-a97d-d965ccfc6d4b" outcome="Passed" testListId="8c84fa94-04c1-424b-9868-57a2d4851a1d" relativeResultsDirectory="bf63255e-0c1b-4863-9be7-cfa416cf0818" />
    <UnitTestResult executionId="77dd4e0e-b571-460c-86c3-bca2eb2200a7" testId="28dca536-678a-e9d0-d276-1bcabfb4e70a" testName="POS.Tests.SyncMetadataTests.Sync_cursor_setting_save_does_not_emit_sync_change_row" computerName="ASUS" duration="00:00:00.2943129" startTime="2026-05-21T15:40:43.0792478+03:00" endTime="2026-05-21T15:40:43.0792484+03:00" testType="13cdc9d9-ddb5-4fa4-a97d-d965ccfc6d4b" outcome="Passed" testListId="8c84fa94-04c1-424b-9868-57a2d4851a1d" relativeResultsDirectory="77dd4e0e-b571-460c-86c3-bca2eb2200a7" />
    <UnitTestResult executionId="0010ddec-ebc1-4acb-9c07-17cd66bfc2b5" testId="ae94d76e-57d7-9ebf-e9f3-15d5b87775f5" testName="POS.Tests.SyncMetadataTests.New_sale_assigns_device_and_initial_sync_metadata" computerName="ASUS" duration="00:00:00.1935087" startTime="2026-05-21T15:40:43.2729251+03:00" endTime="2026-05-21T15:40:43.2729254+03:00" testType="13cdc9d9-ddb5-4fa4-a97d-d965ccfc6d4b" outcome="Passed" testListId="8c84fa94-04c1-424b-9868-57a2d4851a1d" relativeResultsDirectory="0010ddec-ebc1-4acb-9c07-17cd66bfc2b5" />
    <UnitTestResult executionId="c7dda313-5592-4588-a3f6-6c868e454f2b" testId="7bf4d9e4-505b-c4e2-ab4a-19827318a1d0" testName="POS.Tests.ApiIntegrationTests.Sync_devices_push_endpoint_skips_older_same_name_snapshot_without_changing_server_device_identity" computerName="ASUS" duration="00:00:00.5932729" startTime="2026-05-21T15:41:09.9393352+03:00" endTime="2026-05-21T15:41:09.9393359+03:00" testType="13cdc9d9-ddb5-4fa4-a97d-d965ccfc6d4b" outcome="Passed" testListId="8c84fa94-04c1-424b-9868-57a2d4851a1d" relativeResultsDirectory="c7dda313-5592-4588-a3f6-6c868e454f2b" />
    <UnitTestResult executionId="5e820707-bbff-40d1-b231-cf1c07b993b9" testId="e7cd6e02-6031-1f3f-466f-32a7997cdadc" testName="POS.Tests.CurrencyConversionTests.ToBase_converts_using_rate_ratio" computerName="ASUS" duration="00:00:00.0004511" startTime="2026-05-21T15:40:37.1450200+03:00" endTime="2026-05-21T15:40:37.1450210+03:00" testType="13cdc9d9-ddb5-4fa4-a97d-d965ccfc6d4b" outcome="Passed" testListId="8c84fa94-04c1-424b-9868-57a2d4851a1d" relativeResultsDirectory="5e820707-bbff-40d1-b231-cf1c07b993b9" />
    <UnitTestResult executionId="e48751d8-f8ef-4499-b6be-3e3632554731" testId="1f34e7a7-5750-e733-ef19-438e12e21a26" testName="POS.Tests.LineTotalTests.Line_total_handles_midpoint_decimal" computerName="ASUS" duration="00:00:00.0203928" startTime="2026-05-21T15:40:36.9979259+03:00" endTime="2026-05-21T15:40:36.9979596+03:00" testType="13cdc9d9-ddb5-4fa4-a97d-d965ccfc6d4b" outcome="Passed" testListId="8c84fa94-04c1-424b-9868-57a2d4851a1d" relativeResultsDirectory="e48751d8-f8ef-4499-b6be-3e3632554731" />
    <UnitTestResult executionId="d997d5f9-f7e8-42dc-8339-ca18748ce4b1" testId="6a510e97-aa63-7844-dc18-473fe572af25" testName="POS.Tests.InvoiceSyncServiceTests.Pull_remote_devices_skips_older_same_name_snapshot_without_changing_local_device_identity" computerName="ASUS" duration="00:00:00.1851748" startTime="2026-05-21T15:40:45.2208311+03:00" endTime="2026-05-21T15:40:45.2208313+03:00" testType="13cdc9d9-ddb5-4fa4-a97d-d965ccfc6d4b" outcome="Passed" testListId="8c84fa94-04c1-424b-9868-57a2d4851a1d" relativeResultsDirectory="d997d5f9-f7e8-42dc-8339-ca18748ce4b1" />
    <UnitTestResult executionId="8c6bd0a9-081c-4cf3-aadc-4cac337adda0" testId="1c88e101-8a8e-7201-859a-b9066ef7f21c" testName="POS.Tests.InvoiceSyncServiceTests.Push_updated_devices_sends_snapshots_and_persists_cursor" computerName="ASUS" duration="00:00:00.2925236" startTime="2026-05-21T15:40:43.4632108+03:00" endTime="2026-05-21T15:40:43.4632113+03:00" testType="13cdc9d9-ddb5-4fa4-a97d-d965ccfc6d4b" outcome="Passed" testListId="8c84fa94-04c1-424b-9868-57a2d4851a1d" relativeResultsDirectory="8c6bd0a9-081c-4cf3-aadc-4cac337adda0" />
    <UnitTestResult executionId="22364b5b-f0c2-4bbe-bcd2-f03a0e27daf9" testId="1824493b-4f50-d468-2075-7a9fde81ce28" testName="POS.Tests.WebIntegrationTests.Management_postbacks_create_update_and_delete_product_with_stock_movements" computerName="ASUS" duration="00:00:08.1272792" startTime="2026-05-21T15:40:45.0947402+03:00" endTime="2026-05-21T15:40:45.0947426+03:00" testType="13cdc9d9-ddb5-4fa4-a97d-d965ccfc6d4b" outcome="Passed" testListId="8c84fa94-04c1-424b-9868-57a2d4851a1d" relativeResultsDirectory="22364b5b-f0c2-4bbe-bcd2-f03a0e27daf9" />
    <UnitTestResult executionId="491f550f-fe99-4428-baa4-bb4ebe02f528" testId="74383383-f939-07d1-39da-0d7a2c60cf16" testName="POS.Tests.WebIntegrationTests.Login_flow_redirects_unauthenticated_dashboard_requests_and_then_renders_dashboard" computerName="ASUS" duration="00:00:01.0592211" startTime="2026-05-21T15:40:53.1449941+03:00" endTime="2026-05-21T15:40:53.1449951+03:00" testType="13cdc9d9-ddb5-4fa4-a97d-d965ccfc6d4b" outcome="Passed" testListId="8c84fa94-04c1-424b-9868-57a2d4851a1d" relativeResultsDirectory="491f550f-fe99-4428-baa4-bb4ebe02f528" />
    <UnitTestResult executionId="fc329d36-c6d6-4854-9512-ef90ab6d2fbf" testId="60c7eb3e-afd1-29e6-3a0d-9062d3397450" testName="POS.Tests.InvoiceSyncServiceTests.Push_currency_policy_sends_snapshot_and_persists_cursor" computerName="ASUS" duration="00:00:00.2442284" startTime="2026-05-21T15:40:45.0354620+03:00" endTime="2026-05-21T15:40:45.0354625+03:00" testType="13cdc9d9-ddb5-4fa4-a97d-d965ccfc6d4b" outcome="Passed" testListId="8c84fa94-04c1-424b-9868-57a2d4851a1d" relativeResultsDirectory="fc329d36-c6d6-4854-9512-ef90ab6d2fbf" />
    <UnitTestResult executionId="aa9ac012-d0c8-4a75-ba26-f3dbf72a13b1" testId="406ac49f-a9db-abd8-6605-474ab1766f43" testName="POS.Tests.ApiIntegrationTests.Sync_users_push_endpoint_applies_snapshot_on_server_and_creates_missing_role" computerName="ASUS" duration="00:00:07.2464323" startTime="2026-05-21T15:41:07.2320455+03:00" endTime="2026-05-21T15:41:07.2320468+03:00" testType="13cdc9d9-ddb5-4fa4-a97d-d965ccfc6d4b" outcome="Passed" testListId="8c84fa94-04c1-424b-9868-57a2d4851a1d" relativeResultsDirectory="aa9ac012-d0c8-4a75-ba26-f3dbf72a13b1" />
    <UnitTestResult executionId="937ad826-bef4-47b3-b993-100bb44449cc" testId="92deb2b5-8a60-64f9-32a1-d5189eb1991a" testName="POS.Tests.InvoiceSyncServiceTests.Push_unsynced_invoices_marks_local_invoice_synced_when_server_accepts" computerName="ASUS" duration="00:00:00.4332807" startTime="2026-05-21T15:40:46.5236536+03:00" endTime="2026-05-21T15:40:46.5236539+03:00" testType="13cdc9d9-ddb5-4fa4-a97d-d965ccfc6d4b" outcome="Passed" testListId="8c84fa94-04c1-424b-9868-57a2d4851a1d" relativeResultsDirectory="937ad826-bef4-47b3-b993-100bb44449cc" />
    <UnitTestResult executionId="05dc1511-fa2f-449d-8623-037b7eac8917" testId="80b0d0ec-e3c3-6fe7-6f6a-a1b59b45d544" testName="POS.Tests.SyncMetadataTests.Tracked_category_save_emits_sync_change_row" computerName="ASUS" duration="00:00:04.8171746" startTime="2026-05-21T15:40:41.7846179+03:00" endTime="2026-05-21T15:40:41.7846183+03:00" testType="13cdc9d9-ddb5-4fa4-a97d-d965ccfc6d4b" outcome="Passed" testListId="8c84fa94-04c1-424b-9868-57a2d4851a1d" relativeResultsDirectory="05dc1511-fa2f-449d-8623-037b7eac8917" />
    <UnitTestResult executionId="ea421995-3594-4094-a8cc-c84828c93ddb" testId="1591ecf0-66d5-413a-ed23-c8a2ebf63ec4" testName="POS.Tests.ApiIntegrationTests.Login_and_catalog_endpoints_return_seeded_data" computerName="ASUS" duration="00:00:00.6380369" startTime="2026-05-21T15:41:12.5099876+03:00" endTime="2026-05-21T15:41:12.5099885+03:00" testType="13cdc9d9-ddb5-4fa4-a97d-d965ccfc6d4b" outcome="Passed" testListId="8c84fa94-04c1-424b-9868-57a2d4851a1d" relativeResultsDirectory="ea421995-3594-4094-a8cc-c84828c93ddb" />
    <UnitTestResult executionId="92ba6752-7658-4690-9402-7c765a74965e" testId="ec7760c9-15a5-c8b8-97f2-fc5ea30b2d39" testName="POS.Tests.WebIntegrationTests.Management_get_stock_ledger_filter_limits_rows_to_selected_date_range" computerName="ASUS" duration="00:00:00.8219642" startTime="2026-05-21T15:40:51.0009784+03:00" endTime="2026-05-21T15:40:51.0009788+03:00" testType="13cdc9d9-ddb5-4fa4-a97d-d965ccfc6d4b" outcome="Passed" testListId="8c84fa94-04c1-424b-9868-57a2d4851a1d" relativeResultsDirectory="92ba6752-7658-4690-9402-7c765a74965e" />
    <UnitTestResult executionId="a72670da-d01d-4c26-acfb-aaf67a5cd2e7" testId="e4221f37-9e5f-6627-e042-951eeaffa750" testName="POS.Tests.ApiIntegrationTests.Sync_product_pull_endpoint_returns_server_product_changes_after_cursor" computerName="ASUS" duration="00:00:07.4848013" startTime="2026-05-21T15:40:44.4574211+03:00" endTime="2026-05-21T15:40:44.4574216+03:00" testType="13cdc9d9-ddb5-4fa4-a97d-d965ccfc6d4b" outcome="Passed" testListId="8c84fa94-04c1-424b-9868-57a2d4851a1d" relativeResultsDirectory="a72670da-d01d-4c26-acfb-aaf67a5cd2e7" />
    <UnitTestResult executionId="f9935e76-0148-43a6-97a5-1ebf34235e46" testId="32de2e2b-a1b6-eb22-ade6-bee4ce60e212" testName="POS.Tests.WebIntegrationTests.Management_get_stock_ledger_filter_supports_today_preset" computerName="ASUS" duration="00:00:01.4004814" startTime="2026-05-21T15:40:49.1217638+03:00" endTime="2026-05-21T15:40:49.1217643+03:00" testType="13cdc9d9-ddb5-4fa4-a97d-d965ccfc6d4b" outcome="Passed" testListId="8c84fa94-04c1-424b-9868-57a2d4851a1d" relativeResultsDirectory="f9935e76-0148-43a6-97a5-1ebf34235e46" />
    <UnitTestResult executionId="e5e7b0a0-8e27-4725-9163-4d07942710c5" testId="bbf1eece-04dc-2fd0-b4f6-d049225ca1d9" testName="POS.Tests.ApiIntegrationTests.Sync_currency_policy_pull_endpoint_returns_newer_server_policy" computerName="ASUS" duration="00:00:01.2870587" startTime="2026-05-21T15:40:55.9826051+03:00" endTime="2026-05-21T15:40:55.9826061+03:00" testType="13cdc9d9-ddb5-4fa4-a97d-d965ccfc6d4b" outcome="Passed" testListId="8c84fa94-04c1-424b-9868-57a2d4851a1d" relativeResultsDirectory="e5e7b0a0-8e27-4725-9163-4d07942710c5" />
    <UnitTestResult executionId="1a27cfd2-e0f3-4a54-93a0-083b9f686a49" testId="d8188e0c-4832-e29a-22ae-965c7b053d74" testName="POS.Tests.ApiIntegrationTests.Sync_endpoint_reconciles_inventory_when_paid_invoice_is_later_refunded" computerName="ASUS" duration="00:00:01.5972595" startTime="2026-05-21T15:40:47.6158368+03:00" endTime="2026-05-21T15:40:47.6158370+03:00" testType="13cdc9d9-ddb5-4fa4-a97d-d965ccfc6d4b" outcome="Passed" testListId="8c84fa94-04c1-424b-9868-57a2d4851a1d" relativeResultsDirectory="1a27cfd2-e0f3-4a54-93a0-083b9f686a49" />
    <UnitTestResult executionId="e7ff0485-addb-4d32-be0c-cdb7a3bd461c" testId="20263a67-98bf-c1c1-3ab6-3ec180636e5c" testName="POS.Tests.AuditLogTests.Refund_writes_invoice_refunded_audit_row" computerName="ASUS" duration="00:00:00.8882108" startTime="2026-05-21T15:40:43.2784299+03:00" endTime="2026-05-21T15:40:43.2784306+03:00" testType="13cdc9d9-ddb5-4fa4-a97d-d965ccfc6d4b" outcome="Passed" testListId="8c84fa94-04c1-424b-9868-57a2d4851a1d" relativeResultsDirectory="e7ff0485-addb-4d32-be0c-cdb7a3bd461c" />
    <UnitTestResult executionId="78a2bac4-df16-40ea-979e-dda163e01819" testId="7542509e-5afb-609e-e0ed-c9580a7d671b" testName="POS.Tests.SyncMetadataTests.Invoice_mutations_increment_sync_version" computerName="ASUS" duration="00:00:00.9998398" startTime="2026-05-21T15:40:42.7848668+03:00" endTime="2026-05-21T15:40:42.7848670+03:00" testType="13cdc9d9-ddb5-4fa4-a97d-d965ccfc6d4b" outcome="Passed" testListId="8c84fa94-04c1-424b-9868-57a2d4851a1d" relativeResultsDirectory="78a2bac4-df16-40ea-979e-dda163e01819" />
    <UnitTestResult executionId="3ea1bf95-3f99-40e3-bcbc-2f068c9e52ee" testId="89177fa3-a6d3-201f-8bdc-49d838b6d227" testName="POS.Tests.SaleServiceSettingsTests.Negative_stock_policy_allows_oversell_and_uses_default_tax" computerName="ASUS" duration="00:00:00.3981365" startTime="2026-05-21T15:40:43.0001697+03:00" endTime="2026-05-21T15:40:43.0001715+03:00" testType="13cdc9d9-ddb5-4fa4-a97d-d965ccfc6d4b" outcome="Passed" testListId="8c84fa94-04c1-424b-9868-57a2d4851a1d" relativeResultsDirectory="3ea1bf95-3f99-40e3-bcbc-2f068c9e52ee" />
  </Results>
  <TestDefinitions>
    <UnitTest name="POS.Tests.InvoiceSyncServiceTests.Pull_remote_audit_logs_applies_snapshot_and_persists_cursor" storage="c:\projects\pos\tests\pos.tests\bin\debug\net8.0\pos.tests.dll" id="10ed7303-3338-cdca-e730-0aa588e51b2c">
      <Execution id="38794d73-4265-4286-a8ad-ad74846274f1" />
      <TestMethod codeBase="C:\projects\POS\tests\POS.Tests\bin\Debug\net8.0\POS.Tests.dll" adapterTypeName="executor://xunit/VsTestRunner2/netcoreapp" className="POS.Tests.InvoiceSyncServiceTests" name="Pull_remote_audit_logs_applies_snapshot_and_persists_cursor" />
    </UnitTest>
    <UnitTest name="POS.Tests.InvoiceSyncServiceTests.Pull_remote_products_applies_snapshot_updates_inventory_and_persists_cursor" storage="c:\projects\pos\tests\pos.tests\bin\debug\net8.0\pos.tests.dll" id="90b500e4-4cec-b83e-782d-50b128475173">
      <Execution id="12b4beaa-c689-4ba1-ae5d-3ca407cb054b" />
      <TestMethod codeBase="C:\projects\POS\tests\POS.Tests\bin\Debug\net8.0\POS.Tests.dll" adapterTypeName="executor://xunit/VsTestRunner2/netcoreapp" className="POS.Tests.InvoiceSyncServiceTests" name="Pull_remote_products_applies_snapshot_updates_inventory_and_persists_cursor" />
    </UnitTest>
    <UnitTest name="POS.Tests.ApiIntegrationTests.Sync_devices_push_endpoint_skips_older_same_name_snapshot_without_changing_server_device_identity" storage="c:\projects\pos\tests\pos.tests\bin\debug\net8.0\pos.tests.dll" id="7bf4d9e4-505b-c4e2-ab4a-19827318a1d0">
      <Execution id="c7dda313-5592-4588-a3f6-6c868e454f2b" />
      <TestMethod codeBase="C:\projects\POS\tests\POS.Tests\bin\Debug\net8.0\POS.Tests.dll" adapterTypeName="executor://xunit/VsTestRunner2/netcoreapp" className="POS.Tests.ApiIntegrationTests" name="Sync_devices_push_endpoint_skips_older_same_name_snapshot_without_changing_server_device_identity" />
    </UnitTest>
    <UnitTest name="POS.Tests.WebIntegrationTests.Management_postbacks_create_user_and_persist_operational_settings" storage="c:\projects\pos\tests\pos.tests\bin\debug\net8.0\pos.tests.dll" id="426fc058-a14c-0d44-caba-3b3cceddcea2">
      <Execution id="e7ac8ec9-d60f-4a0c-8140-b96ec31c1305" />
      <TestMethod codeBase="C:\projects\POS\tests\POS.Tests\bin\Debug\net8.0\POS.Tests.dll" adapterTypeName="executor://xunit/VsTestRunner2/netcoreapp" className="POS.Tests.WebIntegrationTests" name="Management_postbacks_create_user_and_persist_operational_settings" />
    </UnitTest>
    <UnitTest name="POS.Tests.ApiIntegrationTests.Sync_settings_push_endpoint_applies_snapshot_on_server" storage="c:\projects\pos\tests\pos.tests\bin\debug\net8.0\pos.tests.dll" id="30b5d756-adfc-f568-265b-5e3e4ff673c3">
      <Execution id="caff6016-9f62-4369-a5be-658eac67a380" />
      <TestMethod codeBase="C:\projects\POS\tests\POS.Tests\bin\Debug\net8.0\POS.Tests.dll" adapterTypeName="executor://xunit/VsTestRunner2/netcoreapp" className="POS.Tests.ApiIntegrationTests" name="Sync_settings_push_endpoint_applies_snapshot_on_server" />
    </UnitTest>
    <UnitTest name="POS.Tests.ApiIntegrationTests.Sync_product_pull_endpoint_returns_server_product_changes_after_cursor" storage="c:\projects\pos\tests\pos.tests\bin\debug\net8.0\pos.tests.dll" id="e4221f37-9e5f-6627-e042-951eeaffa750">
      <Execution id="a72670da-d01d-4c26-acfb-aaf67a5cd2e7" />
      <TestMethod codeBase="C:\projects\POS\tests\POS.Tests\bin\Debug\net8.0\POS.Tests.dll" adapterTypeName="executor://xunit/VsTestRunner2/netcoreapp" className="POS.Tests.ApiIntegrationTests" name="Sync_product_pull_endpoint_returns_server_product_changes_after_cursor" />
    </UnitTest>
    <UnitTest name="POS.Tests.SyncMetadataTests.Invoice_mutations_increment_sync_version" storage="c:\projects\pos\tests\pos.tests\bin\debug\net8.0\pos.tests.dll" id="7542509e-5afb-609e-e0ed-c9580a7d671b">
      <Execution id="78a2bac4-df16-40ea-979e-dda163e01819" />
      <TestMethod codeBase="C:\projects\POS\tests\POS.Tests\bin\Debug\net8.0\POS.Tests.dll" adapterTypeName="executor://xunit/VsTestRunner2/netcoreapp" className="POS.Tests.SyncMetadataTests" name="Invoice_mutations_increment_sync_version" />
    </UnitTest>
    <UnitTest name="POS.Tests.InvoiceSyncServiceTests.Push_updated_products_sends_snapshots_and_persists_cursor" storage="c:\projects\pos\tests\pos.tests\bin\debug\net8.0\pos.tests.dll" id="21c9afa1-2904-5ab8-67d6-440b77a50fd5">
      <Execution id="be076973-8d22-4373-8769-652c13d7bf9a" />
      <TestMethod codeBase="C:\projects\POS\tests\POS.Tests\bin\Debug\net8.0\POS.Tests.dll" adapterTypeName="executor://xunit/VsTestRunner2/netcoreapp" className="POS.Tests.InvoiceSyncServiceTests" name="Push_updated_products_sends_snapshots_and_persists_cursor" />
    </UnitTest>
    <UnitTest name="POS.Tests.SaleServiceSettingsTests.Negative_stock_policy_blocks_when_disabled" storage="c:\projects\pos\tests\pos.tests\bin\debug\net8.0\pos.tests.dll" id="986bd36d-0e1d-f0d2-3e67-0ef978eb3cdb">
      <Execution id="4c170bb8-0d50-4468-9ad2-39203b836aa4" />
      <TestMethod codeBase="C:\projects\POS\tests\POS.Tests\bin\Debug\net8.0\POS.Tests.dll" adapterTypeName="executor://xunit/VsTestRunner2/netcoreapp" className="POS.Tests.SaleServiceSettingsTests" name="Negative_stock_policy_blocks_when_disabled" />
    </UnitTest>
    <UnitTest name="POS.Tests.ApiIntegrationTests.Lifecycle_endpoints_transition_invoice_status_and_allow_refund_after_payment" storage="c:\projects\pos\tests\pos.tests\bin\debug\net8.0\pos.tests.dll" id="daadd110-ba0d-c21e-bd3c-a936ce19c5d5">
      <Execution id="6b33b6d1-15f8-4091-a49e-7da9b2dfbb4b" />
      <TestMethod codeBase="C:\projects\POS\tests\POS.Tests\bin\Debug\net8.0\POS.Tests.dll" adapterTypeName="executor://xunit/VsTestRunner2/netcoreapp" className="POS.Tests.ApiIntegrationTests" name="Lifecycle_endpoints_transition_invoice_status_and_allow_refund_after_payment" />
    </UnitTest>
    <UnitTest name="POS.Tests.InvoiceSyncServiceTests.Push_updated_devices_sends_snapshots_and_persists_cursor" storage="c:\projects\pos\tests\pos.tests\bin\debug\net8.0\pos.tests.dll" id="1c88e101-8a8e-7201-859a-b9066ef7f21c">
      <Execution id="8c6bd0a9-081c-4cf3-aadc-4cac337adda0" />
      <TestMethod codeBase="C:\projects\POS\tests\POS.Tests\bin\Debug\net8.0\POS.Tests.dll" adapterTypeName="executor://xunit/VsTestRunner2/netcoreapp" className="POS.Tests.InvoiceSyncServiceTests" name="Push_updated_devices_sends_snapshots_and_persists_cursor" />
    </UnitTest>
    <UnitTest name="POS.Tests.CurrencyConversionTests.ToBase_converts_using_rate_ratio" storage="c:\projects\pos\tests\pos.tests\bin\debug\net8.0\pos.tests.dll" id="e7cd6e02-6031-1f3f-466f-32a7997cdadc">
      <Execution id="5e820707-bbff-40d1-b231-cf1c07b993b9" />
      <TestMethod codeBase="C:\projects\POS\tests\POS.Tests\bin\Debug\net8.0\POS.Tests.dll" adapterTypeName="executor://xunit/VsTestRunner2/netcoreapp" className="POS.Tests.CurrencyConversionTests" name="ToBase_converts_using_rate_ratio" />
    </UnitTest>
    <UnitTest name="POS.Tests.InvoiceSyncServiceTests.Push_currency_policy_sends_snapshot_and_persists_cursor" storage="c:\projects\pos\tests\pos.tests\bin\debug\net8.0\pos.tests.dll" id="60c7eb3e-afd1-29e6-3a0d-9062d3397450">
      <Execution id="fc329d36-c6d6-4854-9512-ef90ab6d2fbf" />
      <TestMethod codeBase="C:\projects\POS\tests\POS.Tests\bin\Debug\net8.0\POS.Tests.dll" adapterTypeName="executor://xunit/VsTestRunner2/netcoreapp" className="POS.Tests.InvoiceSyncServiceTests" name="Push_currency_policy_sends_snapshot_and_persists_cursor" />
    </UnitTest>
    <UnitTest name="POS.Tests.LineTotalTests.Line_total_handles_midpoint_decimal" storage="c:\projects\pos\tests\pos.tests\bin\debug\net8.0\pos.tests.dll" id="1f34e7a7-5750-e733-ef19-438e12e21a26">
      <Execution id="e48751d8-f8ef-4499-b6be-3e3632554731" />
      <TestMethod codeBase="C:\projects\POS\tests\POS.Tests\bin\Debug\net8.0\POS.Tests.dll" adapterTypeName="executor://xunit/VsTestRunner2/netcoreapp" className="POS.Tests.LineTotalTests" name="Line_total_handles_midpoint_decimal" />
    </UnitTest>
    <UnitTest name="POS.Tests.SyncMetadataTests.New_sale_assigns_device_and_initial_sync_metadata" storage="c:\projects\pos\tests\pos.tests\bin\debug\net8.0\pos.tests.dll" id="ae94d76e-57d7-9ebf-e9f3-15d5b87775f5">
      <Execution id="0010ddec-ebc1-4acb-9c07-17cd66bfc2b5" />
      <TestMethod codeBase="C:\projects\POS\tests\POS.Tests\bin\Debug\net8.0\POS.Tests.dll" adapterTypeName="executor://xunit/VsTestRunner2/netcoreapp" className="POS.Tests.SyncMetadataTests" name="New_sale_assigns_device_and_initial_sync_metadata" />
    </UnitTest>
    <UnitTest name="POS.Tests.LineTotalTests.Line_total_rounds_away_from_zero" storage="c:\projects\pos\tests\pos.tests\bin\debug\net8.0\pos.tests.dll" id="8d315db6-2a0e-4c64-fe64-6d9dab174c37">
      <Execution id="275873fd-00c8-4ea2-9348-744837c031bd" />
      <TestMethod codeBase="C:\projects\POS\tests\POS.Tests\bin\Debug\net8.0\POS.Tests.dll" adapterTypeName="executor://xunit/VsTestRunner2/netcoreapp" className="POS.Tests.LineTotalTests" name="Line_total_rounds_away_from_zero" />
    </UnitTest>
    <UnitTest name="POS.Tests.WebIntegrationTests.Management_get_stock_ledger_filter_limits_rows_to_selected_date_range" storage="c:\projects\pos\tests\pos.tests\bin\debug\net8.0\pos.tests.dll" id="ec7760c9-15a5-c8b8-97f2-fc5ea30b2d39">
      <Execution id="92ba6752-7658-4690-9402-7c765a74965e" />
      <TestMethod codeBase="C:\projects\POS\tests\POS.Tests\bin\Debug\net8.0\POS.Tests.dll" adapterTypeName="executor://xunit/VsTestRunner2/netcoreapp" className="POS.Tests.WebIntegrationTests" name="Management_get_stock_ledger_filter_limits_rows_to_selected_date_range" />
    </UnitTest>
    <UnitTest name="POS.Tests.ApiIntegrationTests.Sync_currency_policy_push_endpoint_applies_newer_policy_on_server" storage="c:\projects\pos\tests\pos.tests\bin\debug\net8.0\pos.tests.dll" id="7c648003-73c0-0119-a724-1a61f1ad9e1e">
      <Execution id="fcd5e8ee-f0ab-4c0c-a650-628c654ef593" />
      <TestMethod codeBase="C:\projects\POS\tests\POS.Tests\bin\Debug\net8.0\POS.Tests.dll" adapterTypeName="executor://xunit/VsTestRunner2/netcoreapp" className="POS.Tests.ApiIntegrationTests" name="Sync_currency_policy_push_endpoint_applies_newer_policy_on_server" />
    </UnitTest>
    <UnitTest name="POS.Tests.InvoiceSyncServiceTests.Pull_currency_policy_applies_snapshot_and_persists_cursors" storage="c:\projects\pos\tests\pos.tests\bin\debug\net8.0\pos.tests.dll" id="4bb901e6-8f3f-4842-06d2-05b25401fef0">
      <Execution id="ff0bc277-660b-45de-b7e1-2d2799005506" />
      <TestMethod codeBase="C:\projects\POS\tests\POS.Tests\bin\Debug\net8.0\POS.Tests.dll" adapterTypeName="executor://xunit/VsTestRunner2/netcoreapp" className="POS.Tests.InvoiceSyncServiceTests" name="Pull_currency_policy_applies_snapshot_and_persists_cursors" />
    </UnitTest>
    <UnitTest name="POS.Tests.SyncMetadataTests.Tracked_user_save_emits_store_scoped_sync_change_row" storage="c:\projects\pos\tests\pos.tests\bin\debug\net8.0\pos.tests.dll" id="cd566374-774f-a109-ee1f-71e7ac86cc59">
      <Execution id="4a6ea6da-eb96-4cae-bd81-9c9b4538c712" />
      <TestMethod codeBase="C:\projects\POS\tests\POS.Tests\bin\Debug\net8.0\POS.Tests.dll" adapterTypeName="executor://xunit/VsTestRunner2/netcoreapp" className="POS.Tests.SyncMetadataTests" name="Tracked_user_save_emits_store_scoped_sync_change_row" />
    </UnitTest>
    <UnitTest name="POS.Tests.ApiIntegrationTests.Sync_devices_push_endpoint_applies_snapshot_on_server" storage="c:\projects\pos\tests\pos.tests\bin\debug\net8.0\pos.tests.dll" id="0050df26-b947-58b4-c4b4-6f2f659a251a">
      <Execution id="d3d89ba5-3748-444a-97ad-9126c4644e53" />
      <TestMethod codeBase="C:\projects\POS\tests\POS.Tests\bin\Debug\net8.0\POS.Tests.dll" adapterTypeName="executor://xunit/VsTestRunner2/netcoreapp" className="POS.Tests.ApiIntegrationTests" name="Sync_devices_push_endpoint_applies_snapshot_on_server" />
    </UnitTest>
    <UnitTest name="POS.Tests.ApiIntegrationTests.Sync_endpoint_reconciles_inventory_when_paid_invoice_is_later_refunded" storage="c:\projects\pos\tests\pos.tests\bin\debug\net8.0\pos.tests.dll" id="d8188e0c-4832-e29a-22ae-965c7b053d74">
      <Execution id="1a27cfd2-e0f3-4a54-93a0-083b9f686a49" />
      <TestMethod codeBase="C:\projects\POS\tests\POS.Tests\bin\Debug\net8.0\POS.Tests.dll" adapterTypeName="executor://xunit/VsTestRunner2/netcoreapp" className="POS.Tests.ApiIntegrationTests" name="Sync_endpoint_reconciles_inventory_when_paid_invoice_is_later_refunded" />
    </UnitTest>
    <UnitTest name="POS.Tests.WebIntegrationTests.Management_get_stock_ledger_filter_supports_today_preset" storage="c:\projects\pos\tests\pos.tests\bin\debug\net8.0\pos.tests.dll" id="32de2e2b-a1b6-eb22-ade6-bee4ce60e212">
      <Execution id="f9935e76-0148-43a6-97a5-1ebf34235e46" />
      <TestMethod codeBase="C:\projects\POS\tests\POS.Tests\bin\Debug\net8.0\POS.Tests.dll" adapterTypeName="executor://xunit/VsTestRunner2/netcoreapp" className="POS.Tests.WebIntegrationTests" name="Management_get_stock_ledger_filter_supports_today_preset" />
    </UnitTest>
    <UnitTest name="POS.Tests.CurrencyConversionTests.ToBase_zero_base_rate_throws" storage="c:\projects\pos\tests\pos.tests\bin\debug\net8.0\pos.tests.dll" id="6c59921a-70d3-7570-64ad-d2dff5146048">
      <Execution id="13128dba-49de-4f47-aef0-58cdb1689a8d" />
      <TestMethod codeBase="C:\projects\POS\tests\POS.Tests\bin\Debug\net8.0\POS.Tests.dll" adapterTypeName="executor://xunit/VsTestRunner2/netcoreapp" className="POS.Tests.CurrencyConversionTests" name="ToBase_zero_base_rate_throws" />
    </UnitTest>
    <UnitTest name="POS.Tests.InvoiceSyncServiceTests.Pull_remote_settings_applies_snapshot_and_persists_cursor" storage="c:\projects\pos\tests\pos.tests\bin\debug\net8.0\pos.tests.dll" id="2a6bea22-6cfa-b098-fbb1-89db86be6be6">
      <Execution id="980ec299-6308-4b95-83d3-20e373e26d36" />
      <TestMethod codeBase="C:\projects\POS\tests\POS.Tests\bin\Debug\net8.0\POS.Tests.dll" adapterTypeName="executor://xunit/VsTestRunner2/netcoreapp" className="POS.Tests.InvoiceSyncServiceTests" name="Pull_remote_settings_applies_snapshot_and_persists_cursor" />
    </UnitTest>
    <UnitTest name="POS.Tests.InvoiceSyncServiceTests.Pull_remote_users_applies_snapshot_creates_role_and_persists_cursor" storage="c:\projects\pos\tests\pos.tests\bin\debug\net8.0\pos.tests.dll" id="4ab80519-a504-dfd8-520e-6faf8362710e">
      <Execution id="03cf4f6c-3347-49dc-8e47-943f942d4bc8" />
      <TestMethod codeBase="C:\projects\POS\tests\POS.Tests\bin\Debug\net8.0\POS.Tests.dll" adapterTypeName="executor://xunit/VsTestRunner2/netcoreapp" className="POS.Tests.InvoiceSyncServiceTests" name="Pull_remote_users_applies_snapshot_creates_role_and_persists_cursor" />
    </UnitTest>
    <UnitTest name="POS.Tests.InvoiceSyncServiceTests.Push_unsynced_invoices_marks_local_invoice_synced_when_server_accepts" storage="c:\projects\pos\tests\pos.tests\bin\debug\net8.0\pos.tests.dll" id="92deb2b5-8a60-64f9-32a1-d5189eb1991a">
      <Execution id="937ad826-bef4-47b3-b993-100bb44449cc" />
      <TestMethod codeBase="C:\projects\POS\tests\POS.Tests\bin\Debug\net8.0\POS.Tests.dll" adapterTypeName="executor://xunit/VsTestRunner2/netcoreapp" className="POS.Tests.InvoiceSyncServiceTests" name="Push_unsynced_invoices_marks_local_invoice_synced_when_server_accepts" />
    </UnitTest>
    <UnitTest name="POS.Tests.AuditLogTests.Product_update_writes_product_and_manual_stock_audits" storage="c:\projects\pos\tests\pos.tests\bin\debug\net8.0\pos.tests.dll" id="652c050b-d14c-c4b8-7605-fbfc86c2e75e">
      <Execution id="ae1b2a83-a3a3-47d6-8830-21d36cf07b3e" />
      <TestMethod codeBase="C:\projects\POS\tests\POS.Tests\bin\Debug\net8.0\POS.Tests.dll" adapterTypeName="executor://xunit/VsTestRunner2/netcoreapp" className="POS.Tests.AuditLogTests" name="Product_update_writes_product_and_manual_stock_audits" />
    </UnitTest>
    <UnitTest name="POS.Tests.ApiIntegrationTests.Sync_category_pull_endpoint_returns_server_category_changes_after_cursor" storage="c:\projects\pos\tests\pos.tests\bin\debug\net8.0\pos.tests.dll" id="a8088a4c-fb11-8488-280a-49105ec1c2fb">
      <Execution id="63afc38c-6ea3-4355-8445-593a57b525a3" />
      <TestMethod codeBase="C:\projects\POS\tests\POS.Tests\bin\Debug\net8.0\POS.Tests.dll" adapterTypeName="executor://xunit/VsTestRunner2/netcoreapp" className="POS.Tests.ApiIntegrationTests" name="Sync_category_pull_endpoint_returns_server_category_changes_after_cursor" />
    </UnitTest>
    <UnitTest name="POS.Tests.ApiIntegrationTests.Sync_users_push_endpoint_applies_snapshot_on_server_and_creates_missing_role" storage="c:\projects\pos\tests\pos.tests\bin\debug\net8.0\pos.tests.dll" id="406ac49f-a9db-abd8-6605-474ab1766f43">
      <Execution id="aa9ac012-d0c8-4a75-ba26-f3dbf72a13b1" />
      <TestMethod codeBase="C:\projects\POS\tests\POS.Tests\bin\Debug\net8.0\POS.Tests.dll" adapterTypeName="executor://xunit/VsTestRunner2/netcoreapp" className="POS.Tests.ApiIntegrationTests" name="Sync_users_push_endpoint_applies_snapshot_on_server_and_creates_missing_role" />
    </UnitTest>
    <UnitTest name="POS.Tests.WebIntegrationTests.Management_postbacks_create_rename_and_delete_category_around_product_usage" storage="c:\projects\pos\tests\pos.tests\bin\debug\net8.0\pos.tests.dll" id="ea2af427-0516-36c8-4eaa-4b6dc2b9212a">
      <Execution id="5738a236-daec-416f-8fed-1600e22e5f0f" />
      <TestMethod codeBase="C:\projects\POS\tests\POS.Tests\bin\Debug\net8.0\POS.Tests.dll" adapterTypeName="executor://xunit/VsTestRunner2/netcoreapp" className="POS.Tests.WebIntegrationTests" name="Management_postbacks_create_rename_and_delete_category_around_product_usage" />
    </UnitTest>
    <UnitTest name="POS.Tests.InvoiceSyncServiceTests.Push_updated_categories_resumes_from_persisted_numeric_sequence_cursor" storage="c:\projects\pos\tests\pos.tests\bin\debug\net8.0\pos.tests.dll" id="85b3b6ed-94d3-2ff9-a2cb-8b0e3ee6b4db">
      <Execution id="1edb0b94-320c-47ad-a294-e01417c9e92f" />
      <TestMethod codeBase="C:\projects\POS\tests\POS.Tests\bin\Debug\net8.0\POS.Tests.dll" adapterTypeName="executor://xunit/VsTestRunner2/netcoreapp" className="POS.Tests.InvoiceSyncServiceTests" name="Push_updated_categories_resumes_from_persisted_numeric_sequence_cursor" />
    </UnitTest>
    <UnitTest name="POS.Tests.SyncMetadataTests.Sync_cursor_setting_save_does_not_emit_sync_change_row" storage="c:\projects\pos\tests\pos.tests\bin\debug\net8.0\pos.tests.dll" id="28dca536-678a-e9d0-d276-1bcabfb4e70a">
      <Execution id="77dd4e0e-b571-460c-86c3-bca2eb2200a7" />
      <TestMethod codeBase="C:\projects\POS\tests\POS.Tests\bin\Debug\net8.0\POS.Tests.dll" adapterTypeName="executor://xunit/VsTestRunner2/netcoreapp" className="POS.Tests.SyncMetadataTests" name="Sync_cursor_setting_save_does_not_emit_sync_change_row" />
    </UnitTest>
    <UnitTest name="POS.Tests.ApiIntegrationTests.Cash_sale_flow_returns_updated_snapshots_and_receipt" storage="c:\projects\pos\tests\pos.tests\bin\debug\net8.0\pos.tests.dll" id="c066c2df-147c-a15a-a61f-ea4ea453263b">
      <Execution id="110d982e-4db0-43bc-a719-0b8b62b730ef" />
      <TestMethod codeBase="C:\projects\POS\tests\POS.Tests\bin\Debug\net8.0\POS.Tests.dll" adapterTypeName="executor://xunit/VsTestRunner2/netcoreapp" className="POS.Tests.ApiIntegrationTests" name="Cash_sale_flow_returns_updated_snapshots_and_receipt" />
    </UnitTest>
    <UnitTest name="POS.Tests.InvoiceSyncServiceTests.Pull_remote_devices_applies_snapshot_and_persists_cursor" storage="c:\projects\pos\tests\pos.tests\bin\debug\net8.0\pos.tests.dll" id="dc7608db-b803-d9ad-2276-b67da9722d2b">
      <Execution id="720fcf2d-9fe2-4aac-a2c4-e81593e1f187" />
      <TestMethod codeBase="C:\projects\POS\tests\POS.Tests\bin\Debug\net8.0\POS.Tests.dll" adapterTypeName="executor://xunit/VsTestRunner2/netcoreapp" className="POS.Tests.InvoiceSyncServiceTests" name="Pull_remote_devices_applies_snapshot_and_persists_cursor" />
    </UnitTest>
    <UnitTest name="POS.Tests.CurrencyConversionTests.ToBase_same_rate_is_identity" storage="c:\projects\pos\tests\pos.tests\bin\debug\net8.0\pos.tests.dll" id="a3ff68e3-f599-f05f-4bc8-b0a94354099f">
      <Execution id="9042f089-57f7-407f-97ad-26391e923ffa" />
      <TestMethod codeBase="C:\projects\POS\tests\POS.Tests\bin\Debug\net8.0\POS.Tests.dll" adapterTypeName="executor://xunit/VsTestRunner2/netcoreapp" className="POS.Tests.CurrencyConversionTests" name="ToBase_same_rate_is_identity" />
    </UnitTest>
    <UnitTest name="POS.Tests.InvoiceSyncServiceTests.Push_updated_users_sends_snapshots_and_persists_cursor" storage="c:\projects\pos\tests\pos.tests\bin\debug\net8.0\pos.tests.dll" id="8caed3c1-0240-0112-54fb-7af6d16ea07c">
      <Execution id="5d09b0fa-3259-4950-bf52-d22f4eeec640" />
      <TestMethod codeBase="C:\projects\POS\tests\POS.Tests\bin\Debug\net8.0\POS.Tests.dll" adapterTypeName="executor://xunit/VsTestRunner2/netcoreapp" className="POS.Tests.InvoiceSyncServiceTests" name="Push_updated_users_sends_snapshots_and_persists_cursor" />
    </UnitTest>
    <UnitTest name="POS.Tests.WebIntegrationTests.Management_get_stock_ledger_filter_limits_rows_to_selected_product_and_movement_type" storage="c:\projects\pos\tests\pos.tests\bin\debug\net8.0\pos.tests.dll" id="66fec903-e166-1f65-c876-d94dc6a1ac48">
      <Execution id="5d276a11-7463-4f24-87ff-637a32a49634" />
      <TestMethod codeBase="C:\projects\POS\tests\POS.Tests\bin\Debug\net8.0\POS.Tests.dll" adapterTypeName="executor://xunit/VsTestRunner2/netcoreapp" className="POS.Tests.WebIntegrationTests" name="Management_get_stock_ledger_filter_limits_rows_to_selected_product_and_movement_type" />
    </UnitTest>
    <UnitTest name="POS.Tests.ApiIntegrationTests.Sync_devices_pull_endpoint_returns_server_device_changes_after_cursor" storage="c:\projects\pos\tests\pos.tests\bin\debug\net8.0\pos.tests.dll" id="d4beec55-8bb4-e04e-5263-607e5d0be97e">
      <Execution id="916aa4d3-fb54-4fa7-8673-32e0e88f526b" />
      <TestMethod codeBase="C:\projects\POS\tests\POS.Tests\bin\Debug\net8.0\POS.Tests.dll" adapterTypeName="executor://xunit/VsTestRunner2/netcoreapp" className="POS.Tests.ApiIntegrationTests" name="Sync_devices_pull_endpoint_returns_server_device_changes_after_cursor" />
    </UnitTest>
    <UnitTest name="POS.Tests.InvoiceSyncServiceTests.Push_updated_settings_sends_snapshots_and_persists_cursor" storage="c:\projects\pos\tests\pos.tests\bin\debug\net8.0\pos.tests.dll" id="340de893-fb2a-1668-befc-9e5785d88e96">
      <Execution id="645fb391-ca97-4549-9e18-54d2d0ef6704" />
      <TestMethod codeBase="C:\projects\POS\tests\POS.Tests\bin\Debug\net8.0\POS.Tests.dll" adapterTypeName="executor://xunit/VsTestRunner2/netcoreapp" className="POS.Tests.InvoiceSyncServiceTests" name="Push_updated_settings_sends_snapshots_and_persists_cursor" />
    </UnitTest>
    <UnitTest name="POS.Tests.InvoiceSyncServiceTests.Pull_remote_devices_skips_older_same_name_snapshot_without_changing_local_device_identity" storage="c:\projects\pos\tests\pos.tests\bin\debug\net8.0\pos.tests.dll" id="6a510e97-aa63-7844-dc18-473fe572af25">
      <Execution id="d997d5f9-f7e8-42dc-8339-ca18748ce4b1" />
      <TestMethod codeBase="C:\projects\POS\tests\POS.Tests\bin\Debug\net8.0\POS.Tests.dll" adapterTypeName="executor://xunit/VsTestRunner2/netcoreapp" className="POS.Tests.InvoiceSyncServiceTests" name="Pull_remote_devices_skips_older_same_name_snapshot_without_changing_local_device_identity" />
    </UnitTest>
    <UnitTest name="POS.Tests.InvoiceSyncServiceTests.Push_updated_categories_sends_snapshots_and_persists_cursor" storage="c:\projects\pos\tests\pos.tests\bin\debug\net8.0\pos.tests.dll" id="7332bb65-ad3a-168f-042e-1329d1c21107">
      <Execution id="fe7fb029-648d-4fdb-8da0-2f0e89d2446f" />
      <TestMethod codeBase="C:\projects\POS\tests\POS.Tests\bin\Debug\net8.0\POS.Tests.dll" adapterTypeName="executor://xunit/VsTestRunner2/netcoreapp" className="POS.Tests.InvoiceSyncServiceTests" name="Push_updated_categories_sends_snapshots_and_persists_cursor" />
    </UnitTest>
    <UnitTest name="POS.Tests.ApiIntegrationTests.Sync_currency_policy_pull_endpoint_returns_newer_server_policy" storage="c:\projects\pos\tests\pos.tests\bin\debug\net8.0\pos.tests.dll" id="bbf1eece-04dc-2fd0-b4f6-d049225ca1d9">
      <Execution id="e5e7b0a0-8e27-4725-9163-4d07942710c5" />
      <TestMethod codeBase="C:\projects\POS\tests\POS.Tests\bin\Debug\net8.0\POS.Tests.dll" adapterTypeName="executor://xunit/VsTestRunner2/netcoreapp" className="POS.Tests.ApiIntegrationTests" name="Sync_currency_policy_pull_endpoint_returns_newer_server_policy" />
    </UnitTest>
    <UnitTest name="POS.Tests.ApiIntegrationTests.Sync_audit_logs_pull_endpoint_returns_server_audit_changes_after_cursor" storage="c:\projects\pos\tests\pos.tests\bin\debug\net8.0\pos.tests.dll" id="ed0f8c76-67bb-5864-f350-751c29b914c9">
      <Execution id="2a5489c7-8da0-4199-a218-964061120a2c" />
      <TestMethod codeBase="C:\projects\POS\tests\POS.Tests\bin\Debug\net8.0\POS.Tests.dll" adapterTypeName="executor://xunit/VsTestRunner2/netcoreapp" className="POS.Tests.ApiIntegrationTests" name="Sync_audit_logs_pull_endpoint_returns_server_audit_changes_after_cursor" />
    </UnitTest>
    <UnitTest name="POS.Tests.ApiIntegrationTests.Sync_product_push_endpoint_applies_snapshot_on_server" storage="c:\projects\pos\tests\pos.tests\bin\debug\net8.0\pos.tests.dll" id="7416d6d4-e56d-4258-3f01-88f6f1561081">
      <Execution id="6cb10910-f52e-423b-8438-170928c36fc0" />
      <TestMethod codeBase="C:\projects\POS\tests\POS.Tests\bin\Debug\net8.0\POS.Tests.dll" adapterTypeName="executor://xunit/VsTestRunner2/netcoreapp" className="POS.Tests.ApiIntegrationTests" name="Sync_product_push_endpoint_applies_snapshot_on_server" />
    </UnitTest>
    <UnitTest name="POS.Tests.ApiIntegrationTests.Login_and_catalog_endpoints_return_seeded_data" storage="c:\projects\pos\tests\pos.tests\bin\debug\net8.0\pos.tests.dll" id="1591ecf0-66d5-413a-ed23-c8a2ebf63ec4">
      <Execution id="ea421995-3594-4094-a8cc-c84828c93ddb" />
      <TestMethod codeBase="C:\projects\POS\tests\POS.Tests\bin\Debug\net8.0\POS.Tests.dll" adapterTypeName="executor://xunit/VsTestRunner2/netcoreapp" className="POS.Tests.ApiIntegrationTests" name="Login_and_catalog_endpoints_return_seeded_data" />
    </UnitTest>
    <UnitTest name="POS.Tests.InvoiceSyncServiceTests.Pull_remote_categories_applies_snapshot_and_persists_cursor" storage="c:\projects\pos\tests\pos.tests\bin\debug\net8.0\pos.tests.dll" id="7644cd85-3bbc-2e2a-8057-dcc426f641a0">
      <Execution id="a970c132-5204-4c87-a2e9-daefd09819aa" />
      <TestMethod codeBase="C:\projects\POS\tests\POS.Tests\bin\Debug\net8.0\POS.Tests.dll" adapterTypeName="executor://xunit/VsTestRunner2/netcoreapp" className="POS.Tests.InvoiceSyncServiceTests" name="Pull_remote_categories_applies_snapshot_and_persists_cursor" />
    </UnitTest>
    <UnitTest name="POS.Tests.ApiIntegrationTests.Sync_audit_logs_push_endpoint_applies_snapshot_on_server" storage="c:\projects\pos\tests\pos.tests\bin\debug\net8.0\pos.tests.dll" id="d2a709b9-b92d-ae03-6f86-4196e0eef0f2">
      <Execution id="7305f531-cf0c-4f28-b831-f3c2c0947210" />
      <TestMethod codeBase="C:\projects\POS\tests\POS.Tests\bin\Debug\net8.0\POS.Tests.dll" adapterTypeName="executor://xunit/VsTestRunner2/netcoreapp" className="POS.Tests.ApiIntegrationTests" name="Sync_audit_logs_push_endpoint_applies_snapshot_on_server" />
    </UnitTest>
    <UnitTest name="POS.Tests.SettingsServiceTests.Search_products_uses_configured_low_stock_threshold" storage="c:\projects\pos\tests\pos.tests\bin\debug\net8.0\pos.tests.dll" id="b821df00-112c-df99-f89b-86fee22c4368">
      <Execution id="69b9b757-f7db-495f-a520-f5c161a8ff6d" />
      <TestMethod codeBase="C:\projects\POS\tests\POS.Tests\bin\Debug\net8.0\POS.Tests.dll" adapterTypeName="executor://xunit/VsTestRunner2/netcoreapp" className="POS.Tests.SettingsServiceTests" name="Search_products_uses_configured_low_stock_threshold" />
    </UnitTest>
    <UnitTest name="POS.Tests.AuditLogTests.Currency_policy_update_writes_audit_row" storage="c:\projects\pos\tests\pos.tests\bin\debug\net8.0\pos.tests.dll" id="a0e26765-302c-ee09-992f-a7ef7407a4f8">
      <Execution id="41e77db3-e4b0-4f6e-a849-75727043ce6e" />
      <TestMethod codeBase="C:\projects\POS\tests\POS.Tests\bin\Debug\net8.0\POS.Tests.dll" adapterTypeName="executor://xunit/VsTestRunner2/netcoreapp" className="POS.Tests.AuditLogTests" name="Currency_policy_update_writes_audit_row" />
    </UnitTest>
    <UnitTest name="POS.Tests.WebIntegrationTests.Login_flow_redirects_unauthenticated_dashboard_requests_and_then_renders_dashboard" storage="c:\projects\pos\tests\pos.tests\bin\debug\net8.0\pos.tests.dll" id="74383383-f939-07d1-39da-0d7a2c60cf16">
      <Execution id="491f550f-fe99-4428-baa4-bb4ebe02f528" />
      <TestMethod codeBase="C:\projects\POS\tests\POS.Tests\bin\Debug\net8.0\POS.Tests.dll" adapterTypeName="executor://xunit/VsTestRunner2/netcoreapp" className="POS.Tests.WebIntegrationTests" name="Login_flow_redirects_unauthenticated_dashboard_requests_and_then_renders_dashboard" />
    </UnitTest>
    <UnitTest name="POS.Tests.StoreTests.Store_can_set_Name" storage="c:\projects\pos\tests\pos.tests\bin\debug\net8.0\pos.tests.dll" id="36d33af1-d87f-eccc-6359-c6311f13b9c0">
      <Execution id="4f9646af-fe7f-4f92-9f95-87bedc70dc63" />
      <TestMethod codeBase="C:\projects\POS\tests\POS.Tests\bin\Debug\net8.0\POS.Tests.dll" adapterTypeName="executor://xunit/VsTestRunner2/netcoreapp" className="POS.Tests.StoreTests" name="Store_can_set_Name" />
    </UnitTest>
    <UnitTest name="POS.Tests.ApiIntegrationTests.Sync_users_pull_endpoint_returns_server_user_changes_after_cursor" storage="c:\projects\pos\tests\pos.tests\bin\debug\net8.0\pos.tests.dll" id="442c2e9e-e7c6-d499-78cc-a66e1f40e3f1">
      <Execution id="a5a2b1a2-8c86-4a58-a1f7-00df1b22273b" />
      <TestMethod codeBase="C:\projects\POS\tests\POS.Tests\bin\Debug\net8.0\POS.Tests.dll" adapterTypeName="executor://xunit/VsTestRunner2/netcoreapp" className="POS.Tests.ApiIntegrationTests" name="Sync_users_pull_endpoint_returns_server_user_changes_after_cursor" />
    </UnitTest>
    <UnitTest name="POS.Tests.ApiIntegrationTests.Sync_category_push_endpoint_applies_snapshot_on_server" storage="c:\projects\pos\tests\pos.tests\bin\debug\net8.0\pos.tests.dll" id="cdd07177-6813-55e3-9970-7431a43631cc">
      <Execution id="bf63255e-0c1b-4863-9be7-cfa416cf0818" />
      <TestMethod codeBase="C:\projects\POS\tests\POS.Tests\bin\Debug\net8.0\POS.Tests.dll" adapterTypeName="executor://xunit/VsTestRunner2/netcoreapp" className="POS.Tests.ApiIntegrationTests" name="Sync_category_push_endpoint_applies_snapshot_on_server" />
    </UnitTest>
    <UnitTest name="POS.Tests.ApiIntegrationTests.Sync_endpoint_applies_invoice_snapshot_and_reports_conflict_for_stale_version" storage="c:\projects\pos\tests\pos.tests\bin\debug\net8.0\pos.tests.dll" id="3bab6a12-176a-4b40-df1c-1344d20e4493">
      <Execution id="75b64c1f-4e90-4fa7-a745-c2734ecc0165" />
      <TestMethod codeBase="C:\projects\POS\tests\POS.Tests\bin\Debug\net8.0\POS.Tests.dll" adapterTypeName="executor://xunit/VsTestRunner2/netcoreapp" className="POS.Tests.ApiIntegrationTests" name="Sync_endpoint_applies_invoice_snapshot_and_reports_conflict_for_stale_version" />
    </UnitTest>
    <UnitTest name="POS.Tests.InvoiceSyncServiceTests.Pull_remote_invoices_applies_snapshot_updates_inventory_and_persists_cursor" storage="c:\projects\pos\tests\pos.tests\bin\debug\net8.0\pos.tests.dll" id="e704cf59-a5be-860b-625c-da022a9f48bb">
      <Execution id="ef61d288-4c10-4888-81de-f823e16be27e" />
      <TestMethod codeBase="C:\projects\POS\tests\POS.Tests\bin\Debug\net8.0\POS.Tests.dll" adapterTypeName="executor://xunit/VsTestRunner2/netcoreapp" className="POS.Tests.InvoiceSyncServiceTests" name="Pull_remote_invoices_applies_snapshot_updates_inventory_and_persists_cursor" />
    </UnitTest>
    <UnitTest name="POS.Tests.SettingsServiceTests.Settings_round_trip_persists_and_loads" storage="c:\projects\pos\tests\pos.tests\bin\debug\net8.0\pos.tests.dll" id="80860392-46c6-8311-6952-cb692ad00414">
      <Execution id="a8e2171e-43d9-4d7a-8383-4bb42eadf275" />
      <TestMethod codeBase="C:\projects\POS\tests\POS.Tests\bin\Debug\net8.0\POS.Tests.dll" adapterTypeName="executor://xunit/VsTestRunner2/netcoreapp" className="POS.Tests.SettingsServiceTests" name="Settings_round_trip_persists_and_loads" />
    </UnitTest>
    <UnitTest name="POS.Tests.ApiIntegrationTests.Sync_pull_endpoint_returns_server_invoice_changes_after_cursor" storage="c:\projects\pos\tests\pos.tests\bin\debug\net8.0\pos.tests.dll" id="496f23fb-f239-d8dc-3698-518f2f5ba751">
      <Execution id="8a949418-c02a-46d1-98cb-335b23f0d18e" />
      <TestMethod codeBase="C:\projects\POS\tests\POS.Tests\bin\Debug\net8.0\POS.Tests.dll" adapterTypeName="executor://xunit/VsTestRunner2/netcoreapp" className="POS.Tests.ApiIntegrationTests" name="Sync_pull_endpoint_returns_server_invoice_changes_after_cursor" />
    </UnitTest>
    <UnitTest name="POS.Tests.AuditLogTests.Refund_writes_invoice_refunded_audit_row" storage="c:\projects\pos\tests\pos.tests\bin\debug\net8.0\pos.tests.dll" id="20263a67-98bf-c1c1-3ab6-3ec180636e5c">
      <Execution id="e7ff0485-addb-4d32-be0c-cdb7a3bd461c" />
      <TestMethod codeBase="C:\projects\POS\tests\POS.Tests\bin\Debug\net8.0\POS.Tests.dll" adapterTypeName="executor://xunit/VsTestRunner2/netcoreapp" className="POS.Tests.AuditLogTests" name="Refund_writes_invoice_refunded_audit_row" />
    </UnitTest>
    <UnitTest name="POS.Tests.InvoiceSyncServiceTests.Push_updated_audit_logs_sends_snapshots_and_persists_cursor" storage="c:\projects\pos\tests\pos.tests\bin\debug\net8.0\pos.tests.dll" id="862c06d0-8947-7d42-dfe2-8aec5cbe17a7">
      <Execution id="e5817f93-fc5c-46b2-9023-cf555987f137" />
      <TestMethod codeBase="C:\projects\POS\tests\POS.Tests\bin\Debug\net8.0\POS.Tests.dll" adapterTypeName="executor://xunit/VsTestRunner2/netcoreapp" className="POS.Tests.InvoiceSyncServiceTests" name="Push_updated_audit_logs_sends_snapshots_and_persists_cursor" />
    </UnitTest>
    <UnitTest name="POS.Tests.StoreTests.Store_defaults_Id_is_empty_guid" storage="c:\projects\pos\tests\pos.tests\bin\debug\net8.0\pos.tests.dll" id="1cc5788a-0742-e1df-8236-2dadfebbb8ba">
      <Execution id="6c801684-4ee0-40c7-a25e-7b77b0c93375" />
      <TestMethod codeBase="C:\projects\POS\tests\POS.Tests\bin\Debug\net8.0\POS.Tests.dll" adapterTypeName="executor://xunit/VsTestRunner2/netcoreapp" className="POS.Tests.StoreTests" name="Store_defaults_Id_is_empty_guid" />
    </UnitTest>
    <UnitTest name="POS.Tests.ApiIntegrationTests.Sync_settings_pull_endpoint_returns_server_setting_changes_after_cursor" storage="c:\projects\pos\tests\pos.tests\bin\debug\net8.0\pos.tests.dll" id="aa81bcc1-5dd5-1acf-433e-f733cd728233">
      <Execution id="279da978-7f74-41a4-9ee7-5090995c5f5a" />
      <TestMethod codeBase="C:\projects\POS\tests\POS.Tests\bin\Debug\net8.0\POS.Tests.dll" adapterTypeName="executor://xunit/VsTestRunner2/netcoreapp" className="POS.Tests.ApiIntegrationTests" name="Sync_settings_pull_endpoint_returns_server_setting_changes_after_cursor" />
    </UnitTest>
    <UnitTest name="POS.Tests.SaleServiceSettingsTests.Negative_stock_policy_allows_oversell_and_uses_default_tax" storage="c:\projects\pos\tests\pos.tests\bin\debug\net8.0\pos.tests.dll" id="89177fa3-a6d3-201f-8bdc-49d838b6d227">
      <Execution id="3ea1bf95-3f99-40e3-bcbc-2f068c9e52ee" />
      <TestMethod codeBase="C:\projects\POS\tests\POS.Tests\bin\Debug\net8.0\POS.Tests.dll" adapterTypeName="executor://xunit/VsTestRunner2/netcoreapp" className="POS.Tests.SaleServiceSettingsTests" name="Negative_stock_policy_allows_oversell_and_uses_default_tax" />
    </UnitTest>
    <UnitTest name="POS.Tests.WebIntegrationTests.Management_get_stock_ledger_filter_limits_rows_to_selected_product" storage="c:\projects\pos\tests\pos.tests\bin\debug\net8.0\pos.tests.dll" id="d064dc2b-054b-1541-0d66-ef3d8f6dfe1d">
      <Execution id="80e6b929-b975-44e4-9def-b0d5e97aa425" />
      <TestMethod codeBase="C:\projects\POS\tests\POS.Tests\bin\Debug\net8.0\POS.Tests.dll" adapterTypeName="executor://xunit/VsTestRunner2/netcoreapp" className="POS.Tests.WebIntegrationTests" name="Management_get_stock_ledger_filter_limits_rows_to_selected_product" />
    </UnitTest>
    <UnitTest name="POS.Tests.SyncMetadataTests.Tracked_category_save_emits_sync_change_row" storage="c:\projects\pos\tests\pos.tests\bin\debug\net8.0\pos.tests.dll" id="80b0d0ec-e3c3-6fe7-6f6a-a1b59b45d544">
      <Execution id="05dc1511-fa2f-449d-8623-037b7eac8917" />
      <TestMethod codeBase="C:\projects\POS\tests\POS.Tests\bin\Debug\net8.0\POS.Tests.dll" adapterTypeName="executor://xunit/VsTestRunner2/netcoreapp" className="POS.Tests.SyncMetadataTests" name="Tracked_category_save_emits_sync_change_row" />
    </UnitTest>
    <UnitTest name="POS.Tests.WebIntegrationTests.Management_postbacks_create_update_and_delete_product_with_stock_movements" storage="c:\projects\pos\tests\pos.tests\bin\debug\net8.0\pos.tests.dll" id="1824493b-4f50-d468-2075-7a9fde81ce28">
      <Execution id="22364b5b-f0c2-4bbe-bcd2-f03a0e27daf9" />
      <TestMethod codeBase="C:\projects\POS\tests\POS.Tests\bin\Debug\net8.0\POS.Tests.dll" adapterTypeName="executor://xunit/VsTestRunner2/netcoreapp" className="POS.Tests.WebIntegrationTests" name="Management_postbacks_create_update_and_delete_product_with_stock_movements" />
    </UnitTest>
  </TestDefinitions>
  <TestEntries>
    <TestEntry testId="7c648003-73c0-0119-a724-1a61f1ad9e1e" executionId="fcd5e8ee-f0ab-4c0c-a650-628c654ef593" testListId="8c84fa94-04c1-424b-9868-57a2d4851a1d" />
    <TestEntry testId="b821df00-112c-df99-f89b-86fee22c4368" executionId="69b9b757-f7db-495f-a520-f5c161a8ff6d" testListId="8c84fa94-04c1-424b-9868-57a2d4851a1d" />
    <TestEntry testId="a3ff68e3-f599-f05f-4bc8-b0a94354099f" executionId="9042f089-57f7-407f-97ad-26391e923ffa" testListId="8c84fa94-04c1-424b-9868-57a2d4851a1d" />
    <TestEntry testId="ed0f8c76-67bb-5864-f350-751c29b914c9" executionId="2a5489c7-8da0-4199-a218-964061120a2c" testListId="8c84fa94-04c1-424b-9868-57a2d4851a1d" />
    <TestEntry testId="8d315db6-2a0e-4c64-fe64-6d9dab174c37" executionId="275873fd-00c8-4ea2-9348-744837c031bd" testListId="8c84fa94-04c1-424b-9868-57a2d4851a1d" />
    <TestEntry testId="36d33af1-d87f-eccc-6359-c6311f13b9c0" executionId="4f9646af-fe7f-4f92-9f95-87bedc70dc63" testListId="8c84fa94-04c1-424b-9868-57a2d4851a1d" />
    <TestEntry testId="cd566374-774f-a109-ee1f-71e7ac86cc59" executionId="4a6ea6da-eb96-4cae-bd81-9c9b4538c712" testListId="8c84fa94-04c1-424b-9868-57a2d4851a1d" />
    <TestEntry testId="d2a709b9-b92d-ae03-6f86-4196e0eef0f2" executionId="7305f531-cf0c-4f28-b831-f3c2c0947210" testListId="8c84fa94-04c1-424b-9868-57a2d4851a1d" />
    <TestEntry testId="7332bb65-ad3a-168f-042e-1329d1c21107" executionId="fe7fb029-648d-4fdb-8da0-2f0e89d2446f" testListId="8c84fa94-04c1-424b-9868-57a2d4851a1d" />
    <TestEntry testId="426fc058-a14c-0d44-caba-3b3cceddcea2" executionId="e7ac8ec9-d60f-4a0c-8140-b96ec31c1305" testListId="8c84fa94-04c1-424b-9868-57a2d4851a1d" />
    <TestEntry testId="7416d6d4-e56d-4258-3f01-88f6f1561081" executionId="6cb10910-f52e-423b-8438-170928c36fc0" testListId="8c84fa94-04c1-424b-9868-57a2d4851a1d" />
    <TestEntry testId="8caed3c1-0240-0112-54fb-7af6d16ea07c" executionId="5d09b0fa-3259-4950-bf52-d22f4eeec640" testListId="8c84fa94-04c1-424b-9868-57a2d4851a1d" />
    <TestEntry testId="daadd110-ba0d-c21e-bd3c-a936ce19c5d5" executionId="6b33b6d1-15f8-4091-a49e-7da9b2dfbb4b" testListId="8c84fa94-04c1-424b-9868-57a2d4851a1d" />
    <TestEntry testId="7644cd85-3bbc-2e2a-8057-dcc426f641a0" executionId="a970c132-5204-4c87-a2e9-daefd09819aa" testListId="8c84fa94-04c1-424b-9868-57a2d4851a1d" />
    <TestEntry testId="496f23fb-f239-d8dc-3698-518f2f5ba751" executionId="8a949418-c02a-46d1-98cb-335b23f0d18e" testListId="8c84fa94-04c1-424b-9868-57a2d4851a1d" />
    <TestEntry testId="1cc5788a-0742-e1df-8236-2dadfebbb8ba" executionId="6c801684-4ee0-40c7-a25e-7b77b0c93375" testListId="8c84fa94-04c1-424b-9868-57a2d4851a1d" />
    <TestEntry testId="652c050b-d14c-c4b8-7605-fbfc86c2e75e" executionId="ae1b2a83-a3a3-47d6-8830-21d36cf07b3e" testListId="8c84fa94-04c1-424b-9868-57a2d4851a1d" />
    <TestEntry testId="10ed7303-3338-cdca-e730-0aa588e51b2c" executionId="38794d73-4265-4286-a8ad-ad74846274f1" testListId="8c84fa94-04c1-424b-9868-57a2d4851a1d" />
    <TestEntry testId="2a6bea22-6cfa-b098-fbb1-89db86be6be6" executionId="980ec299-6308-4b95-83d3-20e373e26d36" testListId="8c84fa94-04c1-424b-9868-57a2d4851a1d" />
    <TestEntry testId="e704cf59-a5be-860b-625c-da022a9f48bb" executionId="ef61d288-4c10-4888-81de-f823e16be27e" testListId="8c84fa94-04c1-424b-9868-57a2d4851a1d" />
    <TestEntry testId="d4beec55-8bb4-e04e-5263-607e5d0be97e" executionId="916aa4d3-fb54-4fa7-8673-32e0e88f526b" testListId="8c84fa94-04c1-424b-9868-57a2d4851a1d" />
    <TestEntry testId="442c2e9e-e7c6-d499-78cc-a66e1f40e3f1" executionId="a5a2b1a2-8c86-4a58-a1f7-00df1b22273b" testListId="8c84fa94-04c1-424b-9868-57a2d4851a1d" />
    <TestEntry testId="a0e26765-302c-ee09-992f-a7ef7407a4f8" executionId="41e77db3-e4b0-4f6e-a849-75727043ce6e" testListId="8c84fa94-04c1-424b-9868-57a2d4851a1d" />
    <TestEntry testId="4ab80519-a504-dfd8-520e-6faf8362710e" executionId="03cf4f6c-3347-49dc-8e47-943f942d4bc8" testListId="8c84fa94-04c1-424b-9868-57a2d4851a1d" />
    <TestEntry testId="0050df26-b947-58b4-c4b4-6f2f659a251a" executionId="d3d89ba5-3748-444a-97ad-9126c4644e53" testListId="8c84fa94-04c1-424b-9868-57a2d4851a1d" />
    <TestEntry testId="6c59921a-70d3-7570-64ad-d2dff5146048" executionId="13128dba-49de-4f47-aef0-58cdb1689a8d" testListId="8c84fa94-04c1-424b-9868-57a2d4851a1d" />
    <TestEntry testId="d064dc2b-054b-1541-0d66-ef3d8f6dfe1d" executionId="80e6b929-b975-44e4-9def-b0d5e97aa425" testListId="8c84fa94-04c1-424b-9868-57a2d4851a1d" />
    <TestEntry testId="862c06d0-8947-7d42-dfe2-8aec5cbe17a7" executionId="e5817f93-fc5c-46b2-9023-cf555987f137" testListId="8c84fa94-04c1-424b-9868-57a2d4851a1d" />
    <TestEntry testId="3bab6a12-176a-4b40-df1c-1344d20e4493" executionId="75b64c1f-4e90-4fa7-a745-c2734ecc0165" testListId="8c84fa94-04c1-424b-9868-57a2d4851a1d" />
    <TestEntry testId="340de893-fb2a-1668-befc-9e5785d88e96" executionId="645fb391-ca97-4549-9e18-54d2d0ef6704" testListId="8c84fa94-04c1-424b-9868-57a2d4851a1d" />
    <TestEntry testId="ea2af427-0516-36c8-4eaa-4b6dc2b9212a" executionId="5738a236-daec-416f-8fed-1600e22e5f0f" testListId="8c84fa94-04c1-424b-9868-57a2d4851a1d" />
    <TestEntry testId="80860392-46c6-8311-6952-cb692ad00414" executionId="a8e2171e-43d9-4d7a-8383-4bb42eadf275" testListId="8c84fa94-04c1-424b-9868-57a2d4851a1d" />
    <TestEntry testId="90b500e4-4cec-b83e-782d-50b128475173" executionId="12b4beaa-c689-4ba1-ae5d-3ca407cb054b" testListId="8c84fa94-04c1-424b-9868-57a2d4851a1d" />
    <TestEntry testId="85b3b6ed-94d3-2ff9-a2cb-8b0e3ee6b4db" executionId="1edb0b94-320c-47ad-a294-e01417c9e92f" testListId="8c84fa94-04c1-424b-9868-57a2d4851a1d" />
    <TestEntry testId="21c9afa1-2904-5ab8-67d6-440b77a50fd5" executionId="be076973-8d22-4373-8769-652c13d7bf9a" testListId="8c84fa94-04c1-424b-9868-57a2d4851a1d" />
    <TestEntry testId="a8088a4c-fb11-8488-280a-49105ec1c2fb" executionId="63afc38c-6ea3-4355-8445-593a57b525a3" testListId="8c84fa94-04c1-424b-9868-57a2d4851a1d" />
    <TestEntry testId="986bd36d-0e1d-f0d2-3e67-0ef978eb3cdb" executionId="4c170bb8-0d50-4468-9ad2-39203b836aa4" testListId="8c84fa94-04c1-424b-9868-57a2d4851a1d" />
    <TestEntry testId="66fec903-e166-1f65-c876-d94dc6a1ac48" executionId="5d276a11-7463-4f24-87ff-637a32a49634" testListId="8c84fa94-04c1-424b-9868-57a2d4851a1d" />
    <TestEntry testId="c066c2df-147c-a15a-a61f-ea4ea453263b" executionId="110d982e-4db0-43bc-a719-0b8b62b730ef" testListId="8c84fa94-04c1-424b-9868-57a2d4851a1d" />
    <TestEntry testId="aa81bcc1-5dd5-1acf-433e-f733cd728233" executionId="279da978-7f74-41a4-9ee7-5090995c5f5a" testListId="8c84fa94-04c1-424b-9868-57a2d4851a1d" />
    <TestEntry testId="dc7608db-b803-d9ad-2276-b67da9722d2b" executionId="720fcf2d-9fe2-4aac-a2c4-e81593e1f187" testListId="8c84fa94-04c1-424b-9868-57a2d4851a1d" />
    <TestEntry testId="30b5d756-adfc-f568-265b-5e3e4ff673c3" executionId="caff6016-9f62-4369-a5be-658eac67a380" testListId="8c84fa94-04c1-424b-9868-57a2d4851a1d" />
    <TestEntry testId="4bb901e6-8f3f-4842-06d2-05b25401fef0" executionId="ff0bc277-660b-45de-b7e1-2d2799005506" testListId="8c84fa94-04c1-424b-9868-57a2d4851a1d" />
    <TestEntry testId="cdd07177-6813-55e3-9970-7431a43631cc" executionId="bf63255e-0c1b-4863-9be7-cfa416cf0818" testListId="8c84fa94-04c1-424b-9868-57a2d4851a1d" />
    <TestEntry testId="28dca536-678a-e9d0-d276-1bcabfb4e70a" executionId="77dd4e0e-b571-460c-86c3-bca2eb2200a7" testListId="8c84fa94-04c1-424b-9868-57a2d4851a1d" />
    <TestEntry testId="ae94d76e-57d7-9ebf-e9f3-15d5b87775f5" executionId="0010ddec-ebc1-4acb-9c07-17cd66bfc2b5" testListId="8c84fa94-04c1-424b-9868-57a2d4851a1d" />
    <TestEntry testId="7bf4d9e4-505b-c4e2-ab4a-19827318a1d0" executionId="c7dda313-5592-4588-a3f6-6c868e454f2b" testListId="8c84fa94-04c1-424b-9868-57a2d4851a1d" />
    <TestEntry testId="e7cd6e02-6031-1f3f-466f-32a7997cdadc" executionId="5e820707-bbff-40d1-b231-cf1c07b993b9" testListId="8c84fa94-04c1-424b-9868-57a2d4851a1d" />
    <TestEntry testId="1f34e7a7-5750-e733-ef19-438e12e21a26" executionId="e48751d8-f8ef-4499-b6be-3e3632554731" testListId="8c84fa94-04c1-424b-9868-57a2d4851a1d" />
    <TestEntry testId="6a510e97-aa63-7844-dc18-473fe572af25" executionId="d997d5f9-f7e8-42dc-8339-ca18748ce4b1" testListId="8c84fa94-04c1-424b-9868-57a2d4851a1d" />
    <TestEntry testId="1c88e101-8a8e-7201-859a-b9066ef7f21c" executionId="8c6bd0a9-081c-4cf3-aadc-4cac337adda0" testListId="8c84fa94-04c1-424b-9868-57a2d4851a1d" />
    <TestEntry testId="1824493b-4f50-d468-2075-7a9fde81ce28" executionId="22364b5b-f0c2-4bbe-bcd2-f03a0e27daf9" testListId="8c84fa94-04c1-424b-9868-57a2d4851a1d" />
    <TestEntry testId="74383383-f939-07d1-39da-0d7a2c60cf16" executionId="491f550f-fe99-4428-baa4-bb4ebe02f528" testListId="8c84fa94-04c1-424b-9868-57a2d4851a1d" />
    <TestEntry testId="60c7eb3e-afd1-29e6-3a0d-9062d3397450" executionId="fc329d36-c6d6-4854-9512-ef90ab6d2fbf" testListId="8c84fa94-04c1-424b-9868-57a2d4851a1d" />
    <TestEntry testId="406ac49f-a9db-abd8-6605-474ab1766f43" executionId="aa9ac012-d0c8-4a75-ba26-f3dbf72a13b1" testListId="8c84fa94-04c1-424b-9868-57a2d4851a1d" />
    <TestEntry testId="92deb2b5-8a60-64f9-32a1-d5189eb1991a" executionId="937ad826-bef4-47b3-b993-100bb44449cc" testListId="8c84fa94-04c1-424b-9868-57a2d4851a1d" />
    <TestEntry testId="80b0d0ec-e3c3-6fe7-6f6a-a1b59b45d544" executionId="05dc1511-fa2f-449d-8623-037b7eac8917" testListId="8c84fa94-04c1-424b-9868-57a2d4851a1d" />
    <TestEntry testId="1591ecf0-66d5-413a-ed23-c8a2ebf63ec4" executionId="ea421995-3594-4094-a8cc-c84828c93ddb" testListId="8c84fa94-04c1-424b-9868-57a2d4851a1d" />
    <TestEntry testId="ec7760c9-15a5-c8b8-97f2-fc5ea30b2d39" executionId="92ba6752-7658-4690-9402-7c765a74965e" testListId="8c84fa94-04c1-424b-9868-57a2d4851a1d" />
    <TestEntry testId="e4221f37-9e5f-6627-e042-951eeaffa750" executionId="a72670da-d01d-4c26-acfb-aaf67a5cd2e7" testListId="8c84fa94-04c1-424b-9868-57a2d4851a1d" />
    <TestEntry testId="32de2e2b-a1b6-eb22-ade6-bee4ce60e212" executionId="f9935e76-0148-43a6-97a5-1ebf34235e46" testListId="8c84fa94-04c1-424b-9868-57a2d4851a1d" />
    <TestEntry testId="bbf1eece-04dc-2fd0-b4f6-d049225ca1d9" executionId="e5e7b0a0-8e27-4725-9163-4d07942710c5" testListId="8c84fa94-04c1-424b-9868-57a2d4851a1d" />
    <TestEntry testId="d8188e0c-4832-e29a-22ae-965c7b053d74" executionId="1a27cfd2-e0f3-4a54-93a0-083b9f686a49" testListId="8c84fa94-04c1-424b-9868-57a2d4851a1d" />
    <TestEntry testId="20263a67-98bf-c1c1-3ab6-3ec180636e5c" executionId="e7ff0485-addb-4d32-be0c-cdb7a3bd461c" testListId="8c84fa94-04c1-424b-9868-57a2d4851a1d" />
    <TestEntry testId="7542509e-5afb-609e-e0ed-c9580a7d671b" executionId="78a2bac4-df16-40ea-979e-dda163e01819" testListId="8c84fa94-04c1-424b-9868-57a2d4851a1d" />
    <TestEntry testId="89177fa3-a6d3-201f-8bdc-49d838b6d227" executionId="3ea1bf95-3f99-40e3-bcbc-2f068c9e52ee" testListId="8c84fa94-04c1-424b-9868-57a2d4851a1d" />
  </TestEntries>
  <TestLists>
    <TestList name="Results Not in a List" id="8c84fa94-04c1-424b-9868-57a2d4851a1d" />
    <TestList name="All Loaded Results" id="19431567-8539-422a-85d7-44ee4e166bda" />
  </TestLists>
  <ResultSummary outcome="Completed">
    <Counters total="66" executed="66" passed="66" failed="0" error="0" timeout="0" aborted="0" inconclusive="0" passedButRunAborted="0" notRunnable="0" notExecuted="0" disconnected="0" warning="0" completed="0" inProgress="0" pending="0" />
    <Output>
      <StdOut>[xUnit.net 00:00:00.00] xUnit.net VSTest Adapter v2.5.3.1+6b60a9e56a (64-bit .NET 8.0.25)&#xD;
[xUnit.net 00:00:00.59]   Discovering: POS.Tests&#xD;
[xUnit.net 00:00:00.82]   Discovered:  POS.Tests&#xD;
[xUnit.net 00:00:00.84]   Starting:    POS.Tests&#xD;
warn: Microsoft.EntityFrameworkCore.Query[10103]&#xD;
      The query uses the 'First'/'FirstOrDefault' operator without 'OrderBy' and filter operators. This may lead to unpredictable results.&#xD;
warn: Microsoft.EntityFrameworkCore.Query[10103]&#xD;
      The query uses the 'First'/'FirstOrDefault' operator without 'OrderBy' and filter operators. This may lead to unpredictable results.&#xD;
warn: Microsoft.EntityFrameworkCore.Query[20504]&#xD;
      Compiling a query which loads related collections for more than one collection navigation, either via 'Include' or through projection, but no 'QuerySplittingBehavior' has been configured. By default, Entity Framework will use 'QuerySplittingBehavior.SingleQuery', which can potentially result in slow query performance. See https://go.microsoft.com/fwlink/?linkid=2134277 for more information. To identify the query that's triggering this warning call 'ConfigureWarnings(w =&gt; w.Throw(RelationalEventId.MultipleCollectionIncludeWarning))'.&#xD;
warn: Microsoft.EntityFrameworkCore.Query[20504]&#xD;
      Compiling a query which loads related collections for more than one collection navigation, either via 'Include' or through projection, but no 'QuerySplittingBehavior' has been configured. By default, Entity Framework will use 'QuerySplittingBehavior.SingleQuery', which can potentially result in slow query performance. See https://go.microsoft.com/fwlink/?linkid=2134277 for more information. To identify the query that's triggering this warning call 'ConfigureWarnings(w =&gt; w.Throw(RelationalEventId.MultipleCollectionIncludeWarning))'.&#xD;
[xUnit.net 00:00:36.58]   Finished:    POS.Tests&#xD;
</StdOut>
    </Output>
  </ResultSummary>
</TestRun>