<?xml version="1.0" encoding="utf-8"?>
<TestRun id="f525afd1-231e-4a93-8728-bfea4b142249" name="User@ASUS 2026-05-21 23:33:06" runUser="Asus\User" xmlns="http://microsoft.com/schemas/VisualStudio/TeamTest/2010">
  <Times creation="2026-05-21T23:33:06.2928331+03:00" queuing="2026-05-21T23:33:06.2928349+03:00" start="2026-05-21T23:33:00.3162581+03:00" finish="2026-05-21T23:34:01.6328859+03:00" />
  <TestSettings name="default" id="0a94ae70-f829-4734-b95a-2bba85741a75">
    <Deployment runDeploymentRoot="User_ASUS_2026-05-21_23_33_06" />
  </TestSettings>
  <Results>
    <UnitTestResult executionId="cf7a0c93-0683-4eed-a42e-d319cfc8b366" testId="30b5d756-adfc-f568-265b-5e3e4ff673c3" testName="POS.Tests.ApiIntegrationTests.Sync_settings_push_endpoint_applies_snapshot_on_server" computerName="ASUS" duration="00:00:01.5896108" startTime="2026-05-21T23:33:43.3145671+03:00" endTime="2026-05-21T23:33:43.3145677+03:00" testType="13cdc9d9-ddb5-4fa4-a97d-d965ccfc6d4b" outcome="Passed" testListId="8c84fa94-04c1-424b-9868-57a2d4851a1d" relativeResultsDirectory="cf7a0c93-0683-4eed-a42e-d319cfc8b366" />
    <UnitTestResult executionId="2595aac2-ec28-4bca-8965-307cb2cda72d" testId="ec7760c9-15a5-c8b8-97f2-fc5ea30b2d39" testName="POS.Tests.WebIntegrationTests.Management_get_stock_ledger_filter_limits_rows_to_selected_date_range" computerName="ASUS" duration="00:00:02.3536376" startTime="2026-05-21T23:33:37.1290254+03:00" endTime="2026-05-21T23:33:37.1290260+03:00" testType="13cdc9d9-ddb5-4fa4-a97d-d965ccfc6d4b" outcome="Passed" testListId="8c84fa94-04c1-424b-9868-57a2d4851a1d" relativeResultsDirectory="2595aac2-ec28-4bca-8965-307cb2cda72d" />
    <UnitTestResult executionId="ff75a368-ddcd-4f63-a92b-a3d01c20cb04" testId="b821df00-112c-df99-f89b-86fee22c4368" testName="POS.Tests.SettingsServiceTests.Search_products_uses_configured_low_stock_threshold" computerName="ASUS" duration="00:00:08.3168822" startTime="2026-05-21T23:33:14.3051003+03:00" endTime="2026-05-21T23:33:14.3051012+03:00" testType="13cdc9d9-ddb5-4fa4-a97d-d965ccfc6d4b" outcome="Passed" testListId="8c84fa94-04c1-424b-9868-57a2d4851a1d" relativeResultsDirectory="ff75a368-ddcd-4f63-a92b-a3d01c20cb04" />
    <UnitTestResult executionId="65914fec-84fc-4782-be58-709a3e00005b" testId="e7cd6e02-6031-1f3f-466f-32a7997cdadc" testName="POS.Tests.CurrencyConversionTests.ToBase_converts_using_rate_ratio" computerName="ASUS" duration="00:00:00.0124192" startTime="2026-05-21T23:33:06.1354496+03:00" endTime="2026-05-21T23:33:06.1354496+03:00" testType="13cdc9d9-ddb5-4fa4-a97d-d965ccfc6d4b" outcome="Passed" testListId="8c84fa94-04c1-424b-9868-57a2d4851a1d" relativeResultsDirectory="65914fec-84fc-4782-be58-709a3e00005b" />
    <UnitTestResult executionId="83c7f1d0-8118-4c46-bf88-180dafde3e79" testId="36d33af1-d87f-eccc-6359-c6311f13b9c0" testName="POS.Tests.StoreTests.Store_can_set_Name" computerName="ASUS" duration="00:00:00.0124102" startTime="2026-05-21T23:33:06.0466896+03:00" endTime="2026-05-21T23:33:06.0466897+03:00" testType="13cdc9d9-ddb5-4fa4-a97d-d965ccfc6d4b" outcome="Passed" testListId="8c84fa94-04c1-424b-9868-57a2d4851a1d" relativeResultsDirectory="83c7f1d0-8118-4c46-bf88-180dafde3e79" />
    <UnitTestResult executionId="3a25ac02-08eb-4abb-82ab-57a150b8337b" testId="986bd36d-0e1d-f0d2-3e67-0ef978eb3cdb" testName="POS.Tests.SaleServiceSettingsTests.Negative_stock_policy_blocks_when_disabled" computerName="ASUS" duration="00:00:08.8117053" startTime="2026-05-21T23:33:14.7483445+03:00" endTime="2026-05-21T23:33:14.7483449+03:00" testType="13cdc9d9-ddb5-4fa4-a97d-d965ccfc6d4b" outcome="Passed" testListId="8c84fa94-04c1-424b-9868-57a2d4851a1d" relativeResultsDirectory="3a25ac02-08eb-4abb-82ab-57a150b8337b" />
    <UnitTestResult executionId="ff83b401-4a40-4d19-a0ab-965c3824f16d" testId="66fec903-e166-1f65-c876-d94dc6a1ac48" testName="POS.Tests.WebIntegrationTests.Management_get_stock_ledger_filter_limits_rows_to_selected_product_and_movement_type" computerName="ASUS" duration="00:00:02.5446507" startTime="2026-05-21T23:33:21.1506157+03:00" endTime="2026-05-21T23:33:21.1506167+03:00" testType="13cdc9d9-ddb5-4fa4-a97d-d965ccfc6d4b" outcome="Passed" testListId="8c84fa94-04c1-424b-9868-57a2d4851a1d" relativeResultsDirectory="ff83b401-4a40-4d19-a0ab-965c3824f16d" />
    <UnitTestResult executionId="b2c96d89-cfd2-44af-9dd0-558d8de371fd" testId="8caed3c1-0240-0112-54fb-7af6d16ea07c" testName="POS.Tests.InvoiceSyncServiceTests.Push_updated_users_sends_snapshots_and_persists_cursor" computerName="ASUS" duration="00:00:00.5275429" startTime="2026-05-21T23:33:18.4239116+03:00" endTime="2026-05-21T23:33:18.4239119+03:00" testType="13cdc9d9-ddb5-4fa4-a97d-d965ccfc6d4b" outcome="Passed" testListId="8c84fa94-04c1-424b-9868-57a2d4851a1d" relativeResultsDirectory="b2c96d89-cfd2-44af-9dd0-558d8de371fd" />
    <UnitTestResult executionId="403cf7cc-b74c-4dbd-a90b-f7c4faac2808" testId="80860392-46c6-8311-6952-cb692ad00414" testName="POS.Tests.SettingsServiceTests.Settings_round_trip_persists_and_loads" computerName="ASUS" duration="00:00:00.3926722" startTime="2026-05-21T23:33:14.6982258+03:00" endTime="2026-05-21T23:33:14.6982265+03:00" testType="13cdc9d9-ddb5-4fa4-a97d-d965ccfc6d4b" outcome="Passed" testListId="8c84fa94-04c1-424b-9868-57a2d4851a1d" relativeResultsDirectory="403cf7cc-b74c-4dbd-a90b-f7c4faac2808" />
    <UnitTestResult executionId="87300019-c610-4097-b5fc-46d523774fcf" testId="1f34e7a7-5750-e733-ef19-438e12e21a26" testName="POS.Tests.LineTotalTests.Line_total_handles_midpoint_decimal" computerName="ASUS" duration="00:00:00.0009346" startTime="2026-05-21T23:33:06.1361685+03:00" endTime="2026-05-21T23:33:06.1361686+03:00" testType="13cdc9d9-ddb5-4fa4-a97d-d965ccfc6d4b" outcome="Passed" testListId="8c84fa94-04c1-424b-9868-57a2d4851a1d" relativeResultsDirectory="87300019-c610-4097-b5fc-46d523774fcf" />
    <UnitTestResult executionId="6c5a0162-1ddd-4aa2-9513-5d5c39e18d16" testId="3bab6a12-176a-4b40-df1c-1344d20e4493" testName="POS.Tests.ApiIntegrationTests.Sync_endpoint_applies_invoice_snapshot_and_reports_conflict_for_stale_version" computerName="ASUS" duration="00:00:01.8473769" startTime="2026-05-21T23:33:51.8522518+03:00" endTime="2026-05-21T23:33:51.8522522+03:00" testType="13cdc9d9-ddb5-4fa4-a97d-d965ccfc6d4b" outcome="Passed" testListId="8c84fa94-04c1-424b-9868-57a2d4851a1d" relativeResultsDirectory="6c5a0162-1ddd-4aa2-9513-5d5c39e18d16" />
    <UnitTestResult executionId="fe3b2e63-3d50-4bc3-bc5b-dab7c0d1397e" testId="d064dc2b-054b-1541-0d66-ef3d8f6dfe1d" testName="POS.Tests.WebIntegrationTests.Management_get_stock_ledger_filter_limits_rows_to_selected_product" computerName="ASUS" duration="00:00:03.1844364" startTime="2026-05-21T23:33:30.8731675+03:00" endTime="2026-05-21T23:33:30.8731683+03:00" testType="13cdc9d9-ddb5-4fa4-a97d-d965ccfc6d4b" outcome="Passed" testListId="8c84fa94-04c1-424b-9868-57a2d4851a1d" relativeResultsDirectory="fe3b2e63-3d50-4bc3-bc5b-dab7c0d1397e" />
    <UnitTestResult executionId="1db9fe38-e29c-4cd8-989f-e18b509ae019" testId="1591ecf0-66d5-413a-ed23-c8a2ebf63ec4" testName="POS.Tests.ApiIntegrationTests.Login_and_catalog_endpoints_return_seeded_data" computerName="ASUS" duration="00:00:01.5154802" startTime="2026-05-21T23:34:00.8867026+03:00" endTime="2026-05-21T23:34:00.8867042+03:00" testType="13cdc9d9-ddb5-4fa4-a97d-d965ccfc6d4b" outcome="Passed" testListId="8c84fa94-04c1-424b-9868-57a2d4851a1d" relativeResultsDirectory="1db9fe38-e29c-4cd8-989f-e18b509ae019" />
    <UnitTestResult executionId="54286687-a535-499d-a7d3-284841e7b142" testId="d2a709b9-b92d-ae03-6f86-4196e0eef0f2" testName="POS.Tests.ApiIntegrationTests.Sync_audit_logs_push_endpoint_applies_snapshot_on_server" computerName="ASUS" duration="00:00:02.1564213" startTime="2026-05-21T23:33:39.6459081+03:00" endTime="2026-05-21T23:33:39.6459103+03:00" testType="13cdc9d9-ddb5-4fa4-a97d-d965ccfc6d4b" outcome="Passed" testListId="8c84fa94-04c1-424b-9868-57a2d4851a1d" relativeResultsDirectory="54286687-a535-499d-a7d3-284841e7b142" />
    <UnitTestResult executionId="b14c0bc1-8303-424c-8f3e-1c6887b5f8fc" testId="340de893-fb2a-1668-befc-9e5785d88e96" testName="POS.Tests.InvoiceSyncServiceTests.Push_updated_settings_sends_snapshots_and_persists_cursor" computerName="ASUS" duration="00:00:00.4671825" startTime="2026-05-21T23:33:16.2014456+03:00" endTime="2026-05-21T23:33:16.2014459+03:00" testType="13cdc9d9-ddb5-4fa4-a97d-d965ccfc6d4b" outcome="Passed" testListId="8c84fa94-04c1-424b-9868-57a2d4851a1d" relativeResultsDirectory="b14c0bc1-8303-424c-8f3e-1c6887b5f8fc" />
    <UnitTestResult executionId="5def15bc-7c4e-40c7-9794-51259d039d2c" testId="6c59921a-70d3-7570-64ad-d2dff5146048" testName="POS.Tests.CurrencyConversionTests.ToBase_zero_base_rate_throws" computerName="ASUS" duration="00:00:00.0144197" startTime="2026-05-21T23:33:06.0364722+03:00" endTime="2026-05-21T23:33:06.0366241+03:00" testType="13cdc9d9-ddb5-4fa4-a97d-d965ccfc6d4b" outcome="Passed" testListId="8c84fa94-04c1-424b-9868-57a2d4851a1d" relativeResultsDirectory="5def15bc-7c4e-40c7-9794-51259d039d2c" />
    <UnitTestResult executionId="a9f3164b-8a10-4f73-b505-23802051c787" testId="aa81bcc1-5dd5-1acf-433e-f733cd728233" testName="POS.Tests.ApiIntegrationTests.Sync_settings_pull_endpoint_returns_server_setting_changes_after_cursor" computerName="ASUS" duration="00:00:03.2179886" startTime="2026-05-21T23:33:50.0045156+03:00" endTime="2026-05-21T23:33:50.0045162+03:00" testType="13cdc9d9-ddb5-4fa4-a97d-d965ccfc6d4b" outcome="Passed" testListId="8c84fa94-04c1-424b-9868-57a2d4851a1d" relativeResultsDirectory="a9f3164b-8a10-4f73-b505-23802051c787" />
    <UnitTestResult executionId="6611ee1b-ef35-4e98-aa2a-e1c8eb54d18b" testId="7542509e-5afb-609e-e0ed-c9580a7d671b" testName="POS.Tests.SyncMetadataTests.Invoice_mutations_increment_sync_version" computerName="ASUS" duration="00:00:01.1640190" startTime="2026-05-21T23:33:14.8752856+03:00" endTime="2026-05-21T23:33:14.8752859+03:00" testType="13cdc9d9-ddb5-4fa4-a97d-d965ccfc6d4b" outcome="Passed" testListId="8c84fa94-04c1-424b-9868-57a2d4851a1d" relativeResultsDirectory="6611ee1b-ef35-4e98-aa2a-e1c8eb54d18b" />
    <UnitTestResult executionId="f77b38d6-2b80-42f1-8b03-f33b5018d2d3" testId="1824493b-4f50-d468-2075-7a9fde81ce28" testName="POS.Tests.WebIntegrationTests.Management_postbacks_create_update_and_delete_product_with_stock_movements" computerName="ASUS" duration="00:00:12.6689108" startTime="2026-05-21T23:33:18.6054114+03:00" endTime="2026-05-21T23:33:18.6054405+03:00" testType="13cdc9d9-ddb5-4fa4-a97d-d965ccfc6d4b" outcome="Passed" testListId="8c84fa94-04c1-424b-9868-57a2d4851a1d" relativeResultsDirectory="f77b38d6-2b80-42f1-8b03-f33b5018d2d3" />
    <UnitTestResult executionId="83e24b4b-dda0-43b7-97a4-3dad6bb05d75" testId="bbf1eece-04dc-2fd0-b4f6-d049225ca1d9" testName="POS.Tests.ApiIntegrationTests.Sync_currency_policy_pull_endpoint_returns_newer_server_policy" computerName="ASUS" duration="00:00:02.0772761" startTime="2026-05-21T23:33:41.7234984+03:00" endTime="2026-05-21T23:33:41.7234997+03:00" testType="13cdc9d9-ddb5-4fa4-a97d-d965ccfc6d4b" outcome="Passed" testListId="8c84fa94-04c1-424b-9868-57a2d4851a1d" relativeResultsDirectory="83e24b4b-dda0-43b7-97a4-3dad6bb05d75" />
    <UnitTestResult executionId="81c008fd-fda1-4b64-a1cd-1e52458114dc" testId="0050df26-b947-58b4-c4b4-6f2f659a251a" testName="POS.Tests.ApiIntegrationTests.Sync_devices_push_endpoint_applies_snapshot_on_server" computerName="ASUS" duration="00:00:02.5496338" startTime="2026-05-21T23:33:20.1482826+03:00" endTime="2026-05-21T23:33:20.1482828+03:00" testType="13cdc9d9-ddb5-4fa4-a97d-d965ccfc6d4b" outcome="Passed" testListId="8c84fa94-04c1-424b-9868-57a2d4851a1d" relativeResultsDirectory="81c008fd-fda1-4b64-a1cd-1e52458114dc" />
    <UnitTestResult executionId="cc5f9bce-6d7e-4234-9040-f66222c78499" testId="10ed7303-3338-cdca-e730-0aa588e51b2c" testName="POS.Tests.InvoiceSyncServiceTests.Pull_remote_audit_logs_applies_snapshot_and_persists_cursor" computerName="ASUS" duration="00:00:00.2720739" startTime="2026-05-21T23:33:22.5602348+03:00" endTime="2026-05-21T23:33:22.5602355+03:00" testType="13cdc9d9-ddb5-4fa4-a97d-d965ccfc6d4b" outcome="Passed" testListId="8c84fa94-04c1-424b-9868-57a2d4851a1d" relativeResultsDirectory="cc5f9bce-6d7e-4234-9040-f66222c78499" />
    <UnitTestResult executionId="51b01189-6f34-4ad2-84ff-cd7d5e1f9061" testId="d4beec55-8bb4-e04e-5263-607e5d0be97e" testName="POS.Tests.ApiIntegrationTests.Sync_devices_pull_endpoint_returns_server_device_changes_after_cursor" computerName="ASUS" duration="00:00:02.4397261" startTime="2026-05-21T23:33:37.4889217+03:00" endTime="2026-05-21T23:33:37.4889226+03:00" testType="13cdc9d9-ddb5-4fa4-a97d-d965ccfc6d4b" outcome="Passed" testListId="8c84fa94-04c1-424b-9868-57a2d4851a1d" relativeResultsDirectory="51b01189-6f34-4ad2-84ff-cd7d5e1f9061" />
    <UnitTestResult executionId="102ad5e3-0df9-4736-8d94-6e827facc332" testId="426fc058-a14c-0d44-caba-3b3cceddcea2" testName="POS.Tests.WebIntegrationTests.Management_postbacks_create_user_and_persist_operational_settings" computerName="ASUS" duration="00:00:01.7602990" startTime="2026-05-21T23:33:34.7752870+03:00" endTime="2026-05-21T23:33:34.7752877+03:00" testType="13cdc9d9-ddb5-4fa4-a97d-d965ccfc6d4b" outcome="Passed" testListId="8c84fa94-04c1-424b-9868-57a2d4851a1d" relativeResultsDirectory="102ad5e3-0df9-4736-8d94-6e827facc332" />
    <UnitTestResult executionId="14cf0548-dd48-4512-8baf-580e15013ea6" testId="4ab80519-a504-dfd8-520e-6faf8362710e" testName="POS.Tests.InvoiceSyncServiceTests.Pull_remote_users_applies_snapshot_creates_role_and_persists_cursor" computerName="ASUS" duration="00:00:00.5029727" startTime="2026-05-21T23:33:22.2878292+03:00" endTime="2026-05-21T23:33:22.2878296+03:00" testType="13cdc9d9-ddb5-4fa4-a97d-d965ccfc6d4b" outcome="Passed" testListId="8c84fa94-04c1-424b-9868-57a2d4851a1d" relativeResultsDirectory="14cf0548-dd48-4512-8baf-580e15013ea6" />
    <UnitTestResult executionId="96074852-e862-4730-ab4f-1101c176d2b1" testId="652c050b-d14c-c4b8-7605-fbfc86c2e75e" testName="POS.Tests.AuditLogTests.Product_update_writes_product_and_manual_stock_audits" computerName="ASUS" duration="00:00:08.3917790" startTime="2026-05-21T23:33:14.3282248+03:00" endTime="2026-05-21T23:33:14.3282260+03:00" testType="13cdc9d9-ddb5-4fa4-a97d-d965ccfc6d4b" outcome="Passed" testListId="8c84fa94-04c1-424b-9868-57a2d4851a1d" relativeResultsDirectory="96074852-e862-4730-ab4f-1101c176d2b1" />
    <UnitTestResult executionId="902e2bb9-df30-4752-8535-a944622d6c07" testId="7bf4d9e4-505b-c4e2-ab4a-19827318a1d0" testName="POS.Tests.ApiIntegrationTests.Sync_devices_push_endpoint_skips_older_same_name_snapshot_without_changing_server_device_identity" computerName="ASUS" duration="00:00:01.6909295" startTime="2026-05-21T23:33:55.3224547+03:00" endTime="2026-05-21T23:33:55.3224553+03:00" testType="13cdc9d9-ddb5-4fa4-a97d-d965ccfc6d4b" outcome="Passed" testListId="8c84fa94-04c1-424b-9868-57a2d4851a1d" relativeResultsDirectory="902e2bb9-df30-4752-8535-a944622d6c07" />
    <UnitTestResult executionId="8f6a6c11-35a5-48bc-8d91-9811a8e03b7a" testId="6a510e97-aa63-7844-dc18-473fe572af25" testName="POS.Tests.InvoiceSyncServiceTests.Pull_remote_devices_skips_older_same_name_snapshot_without_changing_local_device_identity" computerName="ASUS" duration="00:00:00.4413887" startTime="2026-05-21T23:33:19.3044553+03:00" endTime="2026-05-21T23:33:19.3044563+03:00" testType="13cdc9d9-ddb5-4fa4-a97d-d965ccfc6d4b" outcome="Passed" testListId="8c84fa94-04c1-424b-9868-57a2d4851a1d" relativeResultsDirectory="8f6a6c11-35a5-48bc-8d91-9811a8e03b7a" />
    <UnitTestResult executionId="ded9df71-465b-4433-bec1-abba51b3c3cc" testId="92deb2b5-8a60-64f9-32a1-d5189eb1991a" testName="POS.Tests.InvoiceSyncServiceTests.Push_unsynced_invoices_marks_local_invoice_synced_when_server_accepts" computerName="ASUS" duration="00:00:00.6949305" startTime="2026-05-21T23:33:21.3587685+03:00" endTime="2026-05-21T23:33:21.3587689+03:00" testType="13cdc9d9-ddb5-4fa4-a97d-d965ccfc6d4b" outcome="Passed" testListId="8c84fa94-04c1-424b-9868-57a2d4851a1d" relativeResultsDirectory="ded9df71-465b-4433-bec1-abba51b3c3cc" />
    <UnitTestResult executionId="5e59acea-729b-4b75-bc4e-49b2f93c0e5f" testId="406ac49f-a9db-abd8-6605-474ab1766f43" testName="POS.Tests.ApiIntegrationTests.Sync_users_push_endpoint_applies_snapshot_on_server_and_creates_missing_role" computerName="ASUS" duration="00:00:01.7127476" startTime="2026-05-21T23:33:46.7861263+03:00" endTime="2026-05-21T23:33:46.7861271+03:00" testType="13cdc9d9-ddb5-4fa4-a97d-d965ccfc6d4b" outcome="Passed" testListId="8c84fa94-04c1-424b-9868-57a2d4851a1d" relativeResultsDirectory="5e59acea-729b-4b75-bc4e-49b2f93c0e5f" />
    <UnitTestResult executionId="07e47182-43e1-47ec-b6ae-17269b90107b" testId="ea2af427-0516-36c8-4eaa-4b6dc2b9212a" testName="POS.Tests.WebIntegrationTests.Management_postbacks_create_rename_and_delete_category_around_product_usage" computerName="ASUS" duration="00:00:02.5536959" startTime="2026-05-21T23:33:39.6829893+03:00" endTime="2026-05-21T23:33:39.6829899+03:00" testType="13cdc9d9-ddb5-4fa4-a97d-d965ccfc6d4b" outcome="Passed" testListId="8c84fa94-04c1-424b-9868-57a2d4851a1d" relativeResultsDirectory="07e47182-43e1-47ec-b6ae-17269b90107b" />
    <UnitTestResult executionId="28cbacc4-a530-432b-b6cb-234a92b9501f" testId="7416d6d4-e56d-4258-3f01-88f6f1561081" testName="POS.Tests.ApiIntegrationTests.Sync_product_push_endpoint_applies_snapshot_on_server" computerName="ASUS" duration="00:00:01.2128954" startTime="2026-05-21T23:33:59.3705664+03:00" endTime="2026-05-21T23:33:59.3705669+03:00" testType="13cdc9d9-ddb5-4fa4-a97d-d965ccfc6d4b" outcome="Passed" testListId="8c84fa94-04c1-424b-9868-57a2d4851a1d" relativeResultsDirectory="28cbacc4-a530-432b-b6cb-234a92b9501f" />
    <UnitTestResult executionId="4b9de093-c186-4a84-b4fb-669ec7f6da6c" testId="daadd110-ba0d-c21e-bd3c-a936ce19c5d5" testName="POS.Tests.ApiIntegrationTests.Lifecycle_endpoints_transition_invoice_status_and_allow_refund_after_payment" computerName="ASUS" duration="00:00:02.4757390" startTime="2026-05-21T23:33:35.0488972+03:00" endTime="2026-05-21T23:33:35.0488977+03:00" testType="13cdc9d9-ddb5-4fa4-a97d-d965ccfc6d4b" outcome="Passed" testListId="8c84fa94-04c1-424b-9868-57a2d4851a1d" relativeResultsDirectory="4b9de093-c186-4a84-b4fb-669ec7f6da6c" />
    <UnitTestResult executionId="3a2ebad4-5e88-4d67-8b49-7bd27805dc79" testId="a3ff68e3-f599-f05f-4bc8-b0a94354099f" testName="POS.Tests.CurrencyConversionTests.ToBase_same_rate_is_identity" computerName="ASUS" duration="00:00:00.0011931" startTime="2026-05-21T23:33:06.1358689+03:00" endTime="2026-05-21T23:33:06.1358690+03:00" testType="13cdc9d9-ddb5-4fa4-a97d-d965ccfc6d4b" outcome="Passed" testListId="8c84fa94-04c1-424b-9868-57a2d4851a1d" relativeResultsDirectory="3a2ebad4-5e88-4d67-8b49-7bd27805dc79" />
    <UnitTestResult executionId="d7a1ae23-333d-4d4c-b088-1cf2cdd01fcd" testId="1c88e101-8a8e-7201-859a-b9066ef7f21c" testName="POS.Tests.InvoiceSyncServiceTests.Push_updated_devices_sends_snapshots_and_persists_cursor" computerName="ASUS" duration="00:00:00.3931629" startTime="2026-05-21T23:33:16.5953208+03:00" endTime="2026-05-21T23:33:16.5953213+03:00" testType="13cdc9d9-ddb5-4fa4-a97d-d965ccfc6d4b" outcome="Passed" testListId="8c84fa94-04c1-424b-9868-57a2d4851a1d" relativeResultsDirectory="d7a1ae23-333d-4d4c-b088-1cf2cdd01fcd" />
    <UnitTestResult executionId="f7ea37b4-ab74-4bfe-bfe4-77657fff4cd2" testId="7644cd85-3bbc-2e2a-8057-dcc426f641a0" testName="POS.Tests.InvoiceSyncServiceTests.Pull_remote_categories_applies_snapshot_and_persists_cursor" computerName="ASUS" duration="00:00:00.4378892" startTime="2026-05-21T23:33:17.8960884+03:00" endTime="2026-05-21T23:33:17.8960891+03:00" testType="13cdc9d9-ddb5-4fa4-a97d-d965ccfc6d4b" outcome="Passed" testListId="8c84fa94-04c1-424b-9868-57a2d4851a1d" relativeResultsDirectory="f7ea37b4-ab74-4bfe-bfe4-77657fff4cd2" />
    <UnitTestResult executionId="a37c071a-86b4-4355-b55a-3279d8efc04d" testId="862c06d0-8947-7d42-dfe2-8aec5cbe17a7" testName="POS.Tests.InvoiceSyncServiceTests.Push_updated_audit_logs_sends_snapshots_and_persists_cursor" computerName="ASUS" duration="00:00:00.4785271" startTime="2026-05-21T23:33:20.3027842+03:00" endTime="2026-05-21T23:33:20.3027850+03:00" testType="13cdc9d9-ddb5-4fa4-a97d-d965ccfc6d4b" outcome="Passed" testListId="8c84fa94-04c1-424b-9868-57a2d4851a1d" relativeResultsDirectory="a37c071a-86b4-4355-b55a-3279d8efc04d" />
    <UnitTestResult executionId="6a20ad91-2b66-4e23-a534-ea8b9bd19850" testId="496f23fb-f239-d8dc-3698-518f2f5ba751" testName="POS.Tests.ApiIntegrationTests.Sync_pull_endpoint_returns_server_invoice_changes_after_cursor" computerName="ASUS" duration="00:00:01.7593108" startTime="2026-05-21T23:33:45.0730812+03:00" endTime="2026-05-21T23:33:45.0730816+03:00" testType="13cdc9d9-ddb5-4fa4-a97d-d965ccfc6d4b" outcome="Passed" testListId="8c84fa94-04c1-424b-9868-57a2d4851a1d" relativeResultsDirectory="6a20ad91-2b66-4e23-a534-ea8b9bd19850" />
    <UnitTestResult executionId="287d6570-ef9a-405a-8c1e-4905c4ae0111" testId="a0e26765-302c-ee09-992f-a7ef7407a4f8" testName="POS.Tests.AuditLogTests.Currency_policy_update_writes_audit_row" computerName="ASUS" duration="00:00:00.5938805" startTime="2026-05-21T23:33:16.1109969+03:00" endTime="2026-05-21T23:33:16.1109973+03:00" testType="13cdc9d9-ddb5-4fa4-a97d-d965ccfc6d4b" outcome="Passed" testListId="8c84fa94-04c1-424b-9868-57a2d4851a1d" relativeResultsDirectory="287d6570-ef9a-405a-8c1e-4905c4ae0111" />
    <UnitTestResult executionId="ec12bafc-4638-4110-9dc9-e2fdef08e090" testId="b719c9c1-7f2c-ad8f-2414-c738e3ef696d" testName="POS.Tests.WebIntegrationTests.Management_get_stock_ledger_filter_supports_last_30_days_preset" computerName="ASUS" duration="00:00:03.3845630" startTime="2026-05-21T23:33:27.6884224+03:00" endTime="2026-05-21T23:33:27.6884227+03:00" testType="13cdc9d9-ddb5-4fa4-a97d-d965ccfc6d4b" outcome="Passed" testListId="8c84fa94-04c1-424b-9868-57a2d4851a1d" relativeResultsDirectory="ec12bafc-4638-4110-9dc9-e2fdef08e090" />
    <UnitTestResult executionId="a538f851-a53b-446a-b2b9-821e6f6440db" testId="c066c2df-147c-a15a-a61f-ea4ea453263b" testName="POS.Tests.ApiIntegrationTests.Cash_sale_flow_returns_updated_snapshots_and_receipt" computerName="ASUS" duration="00:00:01.6057331" startTime="2026-05-21T23:33:56.9284430+03:00" endTime="2026-05-21T23:33:56.9284436+03:00" testType="13cdc9d9-ddb5-4fa4-a97d-d965ccfc6d4b" outcome="Passed" testListId="8c84fa94-04c1-424b-9868-57a2d4851a1d" relativeResultsDirectory="a538f851-a53b-446a-b2b9-821e6f6440db" />
    <UnitTestResult executionId="18287957-b1c7-4491-be93-f65fbeee3d88" testId="ed0f8c76-67bb-5864-f350-751c29b914c9" testName="POS.Tests.ApiIntegrationTests.Sync_audit_logs_pull_endpoint_returns_server_audit_changes_after_cursor" computerName="ASUS" duration="00:00:01.7784506" startTime="2026-05-21T23:33:53.6312719+03:00" endTime="2026-05-21T23:33:53.6312727+03:00" testType="13cdc9d9-ddb5-4fa4-a97d-d965ccfc6d4b" outcome="Passed" testListId="8c84fa94-04c1-424b-9868-57a2d4851a1d" relativeResultsDirectory="18287957-b1c7-4491-be93-f65fbeee3d88" />
    <UnitTestResult executionId="b91f20a0-cf2a-4e49-89f2-f6a9bcb5c87c" testId="3e8bc961-418f-22cc-1c15-b7441605b0a9" testName="POS.Tests.WebIntegrationTests.Management_get_stock_ledger_filter_supports_yesterday_preset" computerName="ASUS" duration="00:00:03.1513812" startTime="2026-05-21T23:33:24.3023219+03:00" endTime="2026-05-21T23:33:24.3023225+03:00" testType="13cdc9d9-ddb5-4fa4-a97d-d965ccfc6d4b" outcome="Passed" testListId="8c84fa94-04c1-424b-9868-57a2d4851a1d" relativeResultsDirectory="b91f20a0-cf2a-4e49-89f2-f6a9bcb5c87c" />
    <UnitTestResult executionId="8827de11-c450-462b-862d-1dcc3da40e12" testId="60c7eb3e-afd1-29e6-3a0d-9062d3397450" testName="POS.Tests.InvoiceSyncServiceTests.Push_currency_policy_sends_snapshot_and_persists_cursor" computerName="ASUS" duration="00:00:00.4382558" startTime="2026-05-21T23:33:18.8624883+03:00" endTime="2026-05-21T23:33:18.8624891+03:00" testType="13cdc9d9-ddb5-4fa4-a97d-d965ccfc6d4b" outcome="Passed" testListId="8c84fa94-04c1-424b-9868-57a2d4851a1d" relativeResultsDirectory="8827de11-c450-462b-862d-1dcc3da40e12" />
    <UnitTestResult executionId="dbdcb3c6-4409-44d5-988e-23dd50f2ba05" testId="7332bb65-ad3a-168f-042e-1329d1c21107" testName="POS.Tests.InvoiceSyncServiceTests.Push_updated_categories_sends_snapshots_and_persists_cursor" computerName="ASUS" duration="00:00:00.4249740" startTime="2026-05-21T23:33:21.7846466+03:00" endTime="2026-05-21T23:33:21.7846468+03:00" testType="13cdc9d9-ddb5-4fa4-a97d-d965ccfc6d4b" outcome="Passed" testListId="8c84fa94-04c1-424b-9868-57a2d4851a1d" relativeResultsDirectory="dbdcb3c6-4409-44d5-988e-23dd50f2ba05" />
    <UnitTestResult executionId="dbc6a628-8160-4053-a7c6-69320c5bb058" testId="e4221f37-9e5f-6627-e042-951eeaffa750" testName="POS.Tests.ApiIntegrationTests.Sync_product_pull_endpoint_returns_server_product_changes_after_cursor" computerName="ASUS" duration="00:00:11.6500454" startTime="2026-05-21T23:33:17.5950705+03:00" endTime="2026-05-21T23:33:17.5950709+03:00" testType="13cdc9d9-ddb5-4fa4-a97d-d965ccfc6d4b" outcome="Passed" testListId="8c84fa94-04c1-424b-9868-57a2d4851a1d" relativeResultsDirectory="dbc6a628-8160-4053-a7c6-69320c5bb058" />
    <UnitTestResult executionId="78def9f7-c046-4b40-97dd-a4cf180d4666" testId="89177fa3-a6d3-201f-8bdc-49d838b6d227" testName="POS.Tests.SaleServiceSettingsTests.Negative_stock_policy_allows_oversell_and_uses_default_tax" computerName="ASUS" duration="00:00:00.4768656" startTime="2026-05-21T23:33:15.2253687+03:00" endTime="2026-05-21T23:33:15.2253691+03:00" testType="13cdc9d9-ddb5-4fa4-a97d-d965ccfc6d4b" outcome="Passed" testListId="8c84fa94-04c1-424b-9868-57a2d4851a1d" relativeResultsDirectory="78def9f7-c046-4b40-97dd-a4cf180d4666" />
    <UnitTestResult executionId="4f0c3078-4360-46fa-86c9-10040e2324ce" testId="8d315db6-2a0e-4c64-fe64-6d9dab174c37" testName="POS.Tests.LineTotalTests.Line_total_rounds_away_from_zero" computerName="ASUS" duration="00:00:00.0004140" startTime="2026-05-21T23:33:06.1362265+03:00" endTime="2026-05-21T23:33:06.1362266+03:00" testType="13cdc9d9-ddb5-4fa4-a97d-d965ccfc6d4b" outcome="Passed" testListId="8c84fa94-04c1-424b-9868-57a2d4851a1d" relativeResultsDirectory="4f0c3078-4360-46fa-86c9-10040e2324ce" />
    <UnitTestResult executionId="bfa96c3c-0618-4620-9fc6-397d944e60fd" testId="d8188e0c-4832-e29a-22ae-965c7b053d74" testName="POS.Tests.ApiIntegrationTests.Sync_endpoint_reconciles_inventory_when_paid_invoice_is_later_refunded" computerName="ASUS" duration="00:00:02.2851552" startTime="2026-05-21T23:33:22.4336885+03:00" endTime="2026-05-21T23:33:22.4336891+03:00" testType="13cdc9d9-ddb5-4fa4-a97d-d965ccfc6d4b" outcome="Passed" testListId="8c84fa94-04c1-424b-9868-57a2d4851a1d" relativeResultsDirectory="bfa96c3c-0618-4620-9fc6-397d944e60fd" />
    <UnitTestResult executionId="63548704-4ce4-40ad-b9f0-4fbbb10d6e29" testId="28dca536-678a-e9d0-d276-1bcabfb4e70a" testName="POS.Tests.SyncMetadataTests.Sync_cursor_setting_save_does_not_emit_sync_change_row" computerName="ASUS" duration="00:00:00.6290000" startTime="2026-05-21T23:33:15.5051012+03:00" endTime="2026-05-21T23:33:15.5051020+03:00" testType="13cdc9d9-ddb5-4fa4-a97d-d965ccfc6d4b" outcome="Passed" testListId="8c84fa94-04c1-424b-9868-57a2d4851a1d" relativeResultsDirectory="63548704-4ce4-40ad-b9f0-4fbbb10d6e29" />
    <UnitTestResult executionId="a17ecf6b-ea33-4bf2-97c3-e27a4d437ffc" testId="32de2e2b-a1b6-eb22-ade6-bee4ce60e212" testName="POS.Tests.WebIntegrationTests.Management_get_stock_ledger_filter_supports_today_preset" computerName="ASUS" duration="00:00:02.1408796" startTime="2026-05-21T23:33:33.0143886+03:00" endTime="2026-05-21T23:33:33.0143898+03:00" testType="13cdc9d9-ddb5-4fa4-a97d-d965ccfc6d4b" outcome="Passed" testListId="8c84fa94-04c1-424b-9868-57a2d4851a1d" relativeResultsDirectory="a17ecf6b-ea33-4bf2-97c3-e27a4d437ffc" />
    <UnitTestResult executionId="9090158d-eb5a-4aa8-bbd9-e9163c76c06b" testId="1cc5788a-0742-e1df-8236-2dadfebbb8ba" testName="POS.Tests.StoreTests.Store_defaults_Id_is_empty_guid" computerName="ASUS" duration="00:00:00.0147933" startTime="2026-05-21T23:33:06.1359160+03:00" endTime="2026-05-21T23:33:06.1359161+03:00" testType="13cdc9d9-ddb5-4fa4-a97d-d965ccfc6d4b" outcome="Passed" testListId="8c84fa94-04c1-424b-9868-57a2d4851a1d" relativeResultsDirectory="9090158d-eb5a-4aa8-bbd9-e9163c76c06b" />
    <UnitTestResult executionId="ec20ebbd-e053-4b06-a3d1-ca7494107db8" testId="a8088a4c-fb11-8488-280a-49105ec1c2fb" testName="POS.Tests.ApiIntegrationTests.Sync_category_pull_endpoint_returns_server_category_changes_after_cursor" computerName="ASUS" duration="00:00:04.3309586" startTime="2026-05-21T23:33:26.7648274+03:00" endTime="2026-05-21T23:33:26.7648278+03:00" testType="13cdc9d9-ddb5-4fa4-a97d-d965ccfc6d4b" outcome="Passed" testListId="8c84fa94-04c1-424b-9868-57a2d4851a1d" relativeResultsDirectory="ec20ebbd-e053-4b06-a3d1-ca7494107db8" />
    <UnitTestResult executionId="4b82c888-8625-4fb6-aa6a-2d01117c3aa2" testId="85b3b6ed-94d3-2ff9-a2cb-8b0e3ee6b4db" testName="POS.Tests.InvoiceSyncServiceTests.Push_updated_categories_resumes_from_persisted_numeric_sequence_cursor" computerName="ASUS" duration="00:00:00.5188735" startTime="2026-05-21T23:33:19.8237716+03:00" endTime="2026-05-21T23:33:19.8237720+03:00" testType="13cdc9d9-ddb5-4fa4-a97d-d965ccfc6d4b" outcome="Passed" testListId="8c84fa94-04c1-424b-9868-57a2d4851a1d" relativeResultsDirectory="4b82c888-8625-4fb6-aa6a-2d01117c3aa2" />
    <UnitTestResult executionId="42323553-98fa-45c8-922a-a8fe52cfb903" testId="cdd07177-6813-55e3-9970-7431a43631cc" testName="POS.Tests.ApiIntegrationTests.Sync_category_push_endpoint_applies_snapshot_on_server" computerName="ASUS" duration="00:00:02.6535310" startTime="2026-05-21T23:33:29.4186313+03:00" endTime="2026-05-21T23:33:29.4186318+03:00" testType="13cdc9d9-ddb5-4fa4-a97d-d965ccfc6d4b" outcome="Passed" testListId="8c84fa94-04c1-424b-9868-57a2d4851a1d" relativeResultsDirectory="42323553-98fa-45c8-922a-a8fe52cfb903" />
    <UnitTestResult executionId="2151ee42-c168-423f-a7c8-7eedfea359aa" testId="ae94d76e-57d7-9ebf-e9f3-15d5b87775f5" testName="POS.Tests.SyncMetadataTests.New_sale_assigns_device_and_initial_sync_metadata" computerName="ASUS" duration="00:00:00.3489024" startTime="2026-05-21T23:33:15.8550817+03:00" endTime="2026-05-21T23:33:15.8550828+03:00" testType="13cdc9d9-ddb5-4fa4-a97d-d965ccfc6d4b" outcome="Passed" testListId="8c84fa94-04c1-424b-9868-57a2d4851a1d" relativeResultsDirectory="2151ee42-c168-423f-a7c8-7eedfea359aa" />
    <UnitTestResult executionId="aa3ab715-4aa3-41c2-b411-abd761b38764" testId="7c648003-73c0-0119-a724-1a61f1ad9e1e" testName="POS.Tests.ApiIntegrationTests.Sync_currency_policy_push_endpoint_applies_newer_policy_on_server" computerName="ASUS" duration="00:00:03.1536197" startTime="2026-05-21T23:33:32.5728344+03:00" endTime="2026-05-21T23:33:32.5728348+03:00" testType="13cdc9d9-ddb5-4fa4-a97d-d965ccfc6d4b" outcome="Passed" testListId="8c84fa94-04c1-424b-9868-57a2d4851a1d" relativeResultsDirectory="aa3ab715-4aa3-41c2-b411-abd761b38764" />
    <UnitTestResult executionId="b049106d-033a-4c8c-b8d6-ad3ece99e83d" testId="74383383-f939-07d1-39da-0d7a2c60cf16" testName="POS.Tests.WebIntegrationTests.Login_flow_redirects_unauthenticated_dashboard_requests_and_then_renders_dashboard" computerName="ASUS" duration="00:00:02.0125383" startTime="2026-05-21T23:33:41.6959232+03:00" endTime="2026-05-21T23:33:41.6959244+03:00" testType="13cdc9d9-ddb5-4fa4-a97d-d965ccfc6d4b" outcome="Passed" testListId="8c84fa94-04c1-424b-9868-57a2d4851a1d" relativeResultsDirectory="b049106d-033a-4c8c-b8d6-ad3ece99e83d" />
    <UnitTestResult executionId="4475b0b0-118f-460f-8c9d-8041c413aca4" testId="442c2e9e-e7c6-d499-78cc-a66e1f40e3f1" testName="POS.Tests.ApiIntegrationTests.Sync_users_pull_endpoint_returns_server_user_changes_after_cursor" computerName="ASUS" duration="00:00:01.2286961" startTime="2026-05-21T23:33:58.1574293+03:00" endTime="2026-05-21T23:33:58.1574298+03:00" testType="13cdc9d9-ddb5-4fa4-a97d-d965ccfc6d4b" outcome="Passed" testListId="8c84fa94-04c1-424b-9868-57a2d4851a1d" relativeResultsDirectory="4475b0b0-118f-460f-8c9d-8041c413aca4" />
    <UnitTestResult executionId="738a3551-1a6a-430d-b5a0-fbbb6b254486" testId="80b0d0ec-e3c3-6fe7-6f6a-a1b59b45d544" testName="POS.Tests.SyncMetadataTests.Tracked_category_save_emits_sync_change_row" computerName="ASUS" duration="00:00:07.7718210" startTime="2026-05-21T23:33:13.7135581+03:00" endTime="2026-05-21T23:33:13.7135584+03:00" testType="13cdc9d9-ddb5-4fa4-a97d-d965ccfc6d4b" outcome="Passed" testListId="8c84fa94-04c1-424b-9868-57a2d4851a1d" relativeResultsDirectory="738a3551-1a6a-430d-b5a0-fbbb6b254486" />
    <UnitTestResult executionId="3a64d90d-9574-445f-b10b-761b8c4e82ba" testId="dc7608db-b803-d9ad-2276-b67da9722d2b" testName="POS.Tests.InvoiceSyncServiceTests.Pull_remote_devices_applies_snapshot_and_persists_cursor" computerName="ASUS" duration="00:00:00.5528739" startTime="2026-05-21T23:33:14.9941198+03:00" endTime="2026-05-21T23:33:14.9941199+03:00" testType="13cdc9d9-ddb5-4fa4-a97d-d965ccfc6d4b" outcome="Passed" testListId="8c84fa94-04c1-424b-9868-57a2d4851a1d" relativeResultsDirectory="3a64d90d-9574-445f-b10b-761b8c4e82ba" />
    <UnitTestResult executionId="fd28fd65-ae76-4419-ab4c-1e04a33cfda0" testId="2a6bea22-6cfa-b098-fbb1-89db86be6be6" testName="POS.Tests.InvoiceSyncServiceTests.Pull_remote_settings_applies_snapshot_and_persists_cursor" computerName="ASUS" duration="00:00:00.7398545" startTime="2026-05-21T23:33:15.7339310+03:00" endTime="2026-05-21T23:33:15.7339324+03:00" testType="13cdc9d9-ddb5-4fa4-a97d-d965ccfc6d4b" outcome="Passed" testListId="8c84fa94-04c1-424b-9868-57a2d4851a1d" relativeResultsDirectory="fd28fd65-ae76-4419-ab4c-1e04a33cfda0" />
    <UnitTestResult executionId="3fb746bd-9481-4480-94f3-cb1a5bb2468b" testId="90b500e4-4cec-b83e-782d-50b128475173" testName="POS.Tests.InvoiceSyncServiceTests.Pull_remote_products_applies_snapshot_updates_inventory_and_persists_cursor" computerName="ASUS" duration="00:00:08.5035671" startTime="2026-05-21T23:33:14.4397206+03:00" endTime="2026-05-21T23:33:14.4397208+03:00" testType="13cdc9d9-ddb5-4fa4-a97d-d965ccfc6d4b" outcome="Passed" testListId="8c84fa94-04c1-424b-9868-57a2d4851a1d" relativeResultsDirectory="3fb746bd-9481-4480-94f3-cb1a5bb2468b" />
    <UnitTestResult executionId="244a9d70-32ee-4978-8da4-64a4b184ea9a" testId="cd566374-774f-a109-ee1f-71e7ac86cc59" testName="POS.Tests.SyncMetadataTests.Tracked_user_save_emits_store_scoped_sync_change_row" computerName="ASUS" duration="00:00:00.3257580" startTime="2026-05-21T23:33:16.1799549+03:00" endTime="2026-05-21T23:33:16.1799554+03:00" testType="13cdc9d9-ddb5-4fa4-a97d-d965ccfc6d4b" outcome="Passed" testListId="8c84fa94-04c1-424b-9868-57a2d4851a1d" relativeResultsDirectory="244a9d70-32ee-4978-8da4-64a4b184ea9a" />
    <UnitTestResult executionId="04998c6a-4b24-4ec1-89a5-1c1af6495549" testId="e704cf59-a5be-860b-625c-da022a9f48bb" testName="POS.Tests.InvoiceSyncServiceTests.Pull_remote_invoices_applies_snapshot_updates_inventory_and_persists_cursor" computerName="ASUS" duration="00:00:00.4428809" startTime="2026-05-21T23:33:17.0381446+03:00" endTime="2026-05-21T23:33:17.0381454+03:00" testType="13cdc9d9-ddb5-4fa4-a97d-d965ccfc6d4b" outcome="Passed" testListId="8c84fa94-04c1-424b-9868-57a2d4851a1d" relativeResultsDirectory="04998c6a-4b24-4ec1-89a5-1c1af6495549" />
    <UnitTestResult executionId="64fc21d3-3623-49ff-830e-dd28d2cdcd1f" testId="20263a67-98bf-c1c1-3ab6-3ec180636e5c" testName="POS.Tests.AuditLogTests.Refund_writes_invoice_refunded_audit_row" computerName="ASUS" duration="00:00:01.1877767" startTime="2026-05-21T23:33:15.5171950+03:00" endTime="2026-05-21T23:33:15.5171965+03:00" testType="13cdc9d9-ddb5-4fa4-a97d-d965ccfc6d4b" outcome="Passed" testListId="8c84fa94-04c1-424b-9868-57a2d4851a1d" relativeResultsDirectory="64fc21d3-3623-49ff-830e-dd28d2cdcd1f" />
    <UnitTestResult executionId="9e8839b3-d9cf-4967-b7b4-9ef3ec8bba38" testId="4bb901e6-8f3f-4842-06d2-05b25401fef0" testName="POS.Tests.InvoiceSyncServiceTests.Pull_currency_policy_applies_snapshot_and_persists_cursors" computerName="ASUS" duration="00:00:00.4194417" startTime="2026-05-21T23:33:17.4578944+03:00" endTime="2026-05-21T23:33:17.4578946+03:00" testType="13cdc9d9-ddb5-4fa4-a97d-d965ccfc6d4b" outcome="Passed" testListId="8c84fa94-04c1-424b-9868-57a2d4851a1d" relativeResultsDirectory="9e8839b3-d9cf-4967-b7b4-9ef3ec8bba38" />
    <UnitTestResult executionId="76f6d834-e291-47ef-8e5f-1746d6451b9b" testId="21c9afa1-2904-5ab8-67d6-440b77a50fd5" testName="POS.Tests.InvoiceSyncServiceTests.Push_updated_products_sends_snapshots_and_persists_cursor" computerName="ASUS" duration="00:00:00.3601346" startTime="2026-05-21T23:33:20.6633871+03:00" endTime="2026-05-21T23:33:20.6633880+03:00" testType="13cdc9d9-ddb5-4fa4-a97d-d965ccfc6d4b" outcome="Passed" testListId="8c84fa94-04c1-424b-9868-57a2d4851a1d" relativeResultsDirectory="76f6d834-e291-47ef-8e5f-1746d6451b9b" />
  </Results>
  <TestDefinitions>
    <UnitTest name="POS.Tests.InvoiceSyncServiceTests.Pull_remote_audit_logs_applies_snapshot_and_persists_cursor" storage="c:\projects\pos\tests\pos.tests\bin\debug\net8.0\pos.tests.dll" id="10ed7303-3338-cdca-e730-0aa588e51b2c">
      <Execution id="cc5f9bce-6d7e-4234-9040-f66222c78499" />
      <TestMethod codeBase="C:\projects\POS\tests\POS.Tests\bin\Debug\net8.0\POS.Tests.dll" adapterTypeName="executor://xunit/VsTestRunner2/netcoreapp" className="POS.Tests.InvoiceSyncServiceTests" name="Pull_remote_audit_logs_applies_snapshot_and_persists_cursor" />
    </UnitTest>
    <UnitTest name="POS.Tests.WebIntegrationTests.Management_get_stock_ledger_filter_supports_yesterday_preset" storage="c:\projects\pos\tests\pos.tests\bin\debug\net8.0\pos.tests.dll" id="3e8bc961-418f-22cc-1c15-b7441605b0a9">
      <Execution id="b91f20a0-cf2a-4e49-89f2-f6a9bcb5c87c" />
      <TestMethod codeBase="C:\projects\POS\tests\POS.Tests\bin\Debug\net8.0\POS.Tests.dll" adapterTypeName="executor://xunit/VsTestRunner2/netcoreapp" className="POS.Tests.WebIntegrationTests" name="Management_get_stock_ledger_filter_supports_yesterday_preset" />
    </UnitTest>
    <UnitTest name="POS.Tests.InvoiceSyncServiceTests.Pull_remote_products_applies_snapshot_updates_inventory_and_persists_cursor" storage="c:\projects\pos\tests\pos.tests\bin\debug\net8.0\pos.tests.dll" id="90b500e4-4cec-b83e-782d-50b128475173">
      <Execution id="3fb746bd-9481-4480-94f3-cb1a5bb2468b" />
      <TestMethod codeBase="C:\projects\POS\tests\POS.Tests\bin\Debug\net8.0\POS.Tests.dll" adapterTypeName="executor://xunit/VsTestRunner2/netcoreapp" className="POS.Tests.InvoiceSyncServiceTests" name="Pull_remote_products_applies_snapshot_updates_inventory_and_persists_cursor" />
    </UnitTest>
    <UnitTest name="POS.Tests.ApiIntegrationTests.Sync_devices_push_endpoint_skips_older_same_name_snapshot_without_changing_server_device_identity" storage="c:\projects\pos\tests\pos.tests\bin\debug\net8.0\pos.tests.dll" id="7bf4d9e4-505b-c4e2-ab4a-19827318a1d0">
      <Execution id="902e2bb9-df30-4752-8535-a944622d6c07" />
      <TestMethod codeBase="C:\projects\POS\tests\POS.Tests\bin\Debug\net8.0\POS.Tests.dll" adapterTypeName="executor://xunit/VsTestRunner2/netcoreapp" className="POS.Tests.ApiIntegrationTests" name="Sync_devices_push_endpoint_skips_older_same_name_snapshot_without_changing_server_device_identity" />
    </UnitTest>
    <UnitTest name="POS.Tests.WebIntegrationTests.Management_postbacks_create_user_and_persist_operational_settings" storage="c:\projects\pos\tests\pos.tests\bin\debug\net8.0\pos.tests.dll" id="426fc058-a14c-0d44-caba-3b3cceddcea2">
      <Execution id="102ad5e3-0df9-4736-8d94-6e827facc332" />
      <TestMethod codeBase="C:\projects\POS\tests\POS.Tests\bin\Debug\net8.0\POS.Tests.dll" adapterTypeName="executor://xunit/VsTestRunner2/netcoreapp" className="POS.Tests.WebIntegrationTests" name="Management_postbacks_create_user_and_persist_operational_settings" />
    </UnitTest>
    <UnitTest name="POS.Tests.ApiIntegrationTests.Sync_settings_push_endpoint_applies_snapshot_on_server" storage="c:\projects\pos\tests\pos.tests\bin\debug\net8.0\pos.tests.dll" id="30b5d756-adfc-f568-265b-5e3e4ff673c3">
      <Execution id="cf7a0c93-0683-4eed-a42e-d319cfc8b366" />
      <TestMethod codeBase="C:\projects\POS\tests\POS.Tests\bin\Debug\net8.0\POS.Tests.dll" adapterTypeName="executor://xunit/VsTestRunner2/netcoreapp" className="POS.Tests.ApiIntegrationTests" name="Sync_settings_push_endpoint_applies_snapshot_on_server" />
    </UnitTest>
    <UnitTest name="POS.Tests.ApiIntegrationTests.Sync_product_pull_endpoint_returns_server_product_changes_after_cursor" storage="c:\projects\pos\tests\pos.tests\bin\debug\net8.0\pos.tests.dll" id="e4221f37-9e5f-6627-e042-951eeaffa750">
      <Execution id="dbc6a628-8160-4053-a7c6-69320c5bb058" />
      <TestMethod codeBase="C:\projects\POS\tests\POS.Tests\bin\Debug\net8.0\POS.Tests.dll" adapterTypeName="executor://xunit/VsTestRunner2/netcoreapp" className="POS.Tests.ApiIntegrationTests" name="Sync_product_pull_endpoint_returns_server_product_changes_after_cursor" />
    </UnitTest>
    <UnitTest name="POS.Tests.SyncMetadataTests.Invoice_mutations_increment_sync_version" storage="c:\projects\pos\tests\pos.tests\bin\debug\net8.0\pos.tests.dll" id="7542509e-5afb-609e-e0ed-c9580a7d671b">
      <Execution id="6611ee1b-ef35-4e98-aa2a-e1c8eb54d18b" />
      <TestMethod codeBase="C:\projects\POS\tests\POS.Tests\bin\Debug\net8.0\POS.Tests.dll" adapterTypeName="executor://xunit/VsTestRunner2/netcoreapp" className="POS.Tests.SyncMetadataTests" name="Invoice_mutations_increment_sync_version" />
    </UnitTest>
    <UnitTest name="POS.Tests.InvoiceSyncServiceTests.Push_updated_products_sends_snapshots_and_persists_cursor" storage="c:\projects\pos\tests\pos.tests\bin\debug\net8.0\pos.tests.dll" id="21c9afa1-2904-5ab8-67d6-440b77a50fd5">
      <Execution id="76f6d834-e291-47ef-8e5f-1746d6451b9b" />
      <TestMethod codeBase="C:\projects\POS\tests\POS.Tests\bin\Debug\net8.0\POS.Tests.dll" adapterTypeName="executor://xunit/VsTestRunner2/netcoreapp" className="POS.Tests.InvoiceSyncServiceTests" name="Push_updated_products_sends_snapshots_and_persists_cursor" />
    </UnitTest>
    <UnitTest name="POS.Tests.SaleServiceSettingsTests.Negative_stock_policy_blocks_when_disabled" storage="c:\projects\pos\tests\pos.tests\bin\debug\net8.0\pos.tests.dll" id="986bd36d-0e1d-f0d2-3e67-0ef978eb3cdb">
      <Execution id="3a25ac02-08eb-4abb-82ab-57a150b8337b" />
      <TestMethod codeBase="C:\projects\POS\tests\POS.Tests\bin\Debug\net8.0\POS.Tests.dll" adapterTypeName="executor://xunit/VsTestRunner2/netcoreapp" className="POS.Tests.SaleServiceSettingsTests" name="Negative_stock_policy_blocks_when_disabled" />
    </UnitTest>
    <UnitTest name="POS.Tests.ApiIntegrationTests.Lifecycle_endpoints_transition_invoice_status_and_allow_refund_after_payment" storage="c:\projects\pos\tests\pos.tests\bin\debug\net8.0\pos.tests.dll" id="daadd110-ba0d-c21e-bd3c-a936ce19c5d5">
      <Execution id="4b9de093-c186-4a84-b4fb-669ec7f6da6c" />
      <TestMethod codeBase="C:\projects\POS\tests\POS.Tests\bin\Debug\net8.0\POS.Tests.dll" adapterTypeName="executor://xunit/VsTestRunner2/netcoreapp" className="POS.Tests.ApiIntegrationTests" name="Lifecycle_endpoints_transition_invoice_status_and_allow_refund_after_payment" />
    </UnitTest>
    <UnitTest name="POS.Tests.InvoiceSyncServiceTests.Push_updated_devices_sends_snapshots_and_persists_cursor" storage="c:\projects\pos\tests\pos.tests\bin\debug\net8.0\pos.tests.dll" id="1c88e101-8a8e-7201-859a-b9066ef7f21c">
      <Execution id="d7a1ae23-333d-4d4c-b088-1cf2cdd01fcd" />
      <TestMethod codeBase="C:\projects\POS\tests\POS.Tests\bin\Debug\net8.0\POS.Tests.dll" adapterTypeName="executor://xunit/VsTestRunner2/netcoreapp" className="POS.Tests.InvoiceSyncServiceTests" name="Push_updated_devices_sends_snapshots_and_persists_cursor" />
    </UnitTest>
    <UnitTest name="POS.Tests.CurrencyConversionTests.ToBase_converts_using_rate_ratio" storage="c:\projects\pos\tests\pos.tests\bin\debug\net8.0\pos.tests.dll" id="e7cd6e02-6031-1f3f-466f-32a7997cdadc">
      <Execution id="65914fec-84fc-4782-be58-709a3e00005b" />
      <TestMethod codeBase="C:\projects\POS\tests\POS.Tests\bin\Debug\net8.0\POS.Tests.dll" adapterTypeName="executor://xunit/VsTestRunner2/netcoreapp" className="POS.Tests.CurrencyConversionTests" name="ToBase_converts_using_rate_ratio" />
    </UnitTest>
    <UnitTest name="POS.Tests.InvoiceSyncServiceTests.Push_currency_policy_sends_snapshot_and_persists_cursor" storage="c:\projects\pos\tests\pos.tests\bin\debug\net8.0\pos.tests.dll" id="60c7eb3e-afd1-29e6-3a0d-9062d3397450">
      <Execution id="8827de11-c450-462b-862d-1dcc3da40e12" />
      <TestMethod codeBase="C:\projects\POS\tests\POS.Tests\bin\Debug\net8.0\POS.Tests.dll" adapterTypeName="executor://xunit/VsTestRunner2/netcoreapp" className="POS.Tests.InvoiceSyncServiceTests" name="Push_currency_policy_sends_snapshot_and_persists_cursor" />
    </UnitTest>
    <UnitTest name="POS.Tests.LineTotalTests.Line_total_handles_midpoint_decimal" storage="c:\projects\pos\tests\pos.tests\bin\debug\net8.0\pos.tests.dll" id="1f34e7a7-5750-e733-ef19-438e12e21a26">
      <Execution id="87300019-c610-4097-b5fc-46d523774fcf" />
      <TestMethod codeBase="C:\projects\POS\tests\POS.Tests\bin\Debug\net8.0\POS.Tests.dll" adapterTypeName="executor://xunit/VsTestRunner2/netcoreapp" className="POS.Tests.LineTotalTests" name="Line_total_handles_midpoint_decimal" />
    </UnitTest>
    <UnitTest name="POS.Tests.SyncMetadataTests.New_sale_assigns_device_and_initial_sync_metadata" storage="c:\projects\pos\tests\pos.tests\bin\debug\net8.0\pos.tests.dll" id="ae94d76e-57d7-9ebf-e9f3-15d5b87775f5">
      <Execution id="2151ee42-c168-423f-a7c8-7eedfea359aa" />
      <TestMethod codeBase="C:\projects\POS\tests\POS.Tests\bin\Debug\net8.0\POS.Tests.dll" adapterTypeName="executor://xunit/VsTestRunner2/netcoreapp" className="POS.Tests.SyncMetadataTests" name="New_sale_assigns_device_and_initial_sync_metadata" />
    </UnitTest>
    <UnitTest name="POS.Tests.LineTotalTests.Line_total_rounds_away_from_zero" storage="c:\projects\pos\tests\pos.tests\bin\debug\net8.0\pos.tests.dll" id="8d315db6-2a0e-4c64-fe64-6d9dab174c37">
      <Execution id="4f0c3078-4360-46fa-86c9-10040e2324ce" />
      <TestMethod codeBase="C:\projects\POS\tests\POS.Tests\bin\Debug\net8.0\POS.Tests.dll" adapterTypeName="executor://xunit/VsTestRunner2/netcoreapp" className="POS.Tests.LineTotalTests" name="Line_total_rounds_away_from_zero" />
    </UnitTest>
    <UnitTest name="POS.Tests.WebIntegrationTests.Management_get_stock_ledger_filter_limits_rows_to_selected_date_range" storage="c:\projects\pos\tests\pos.tests\bin\debug\net8.0\pos.tests.dll" id="ec7760c9-15a5-c8b8-97f2-fc5ea30b2d39">
      <Execution id="2595aac2-ec28-4bca-8965-307cb2cda72d" />
      <TestMethod codeBase="C:\projects\POS\tests\POS.Tests\bin\Debug\net8.0\POS.Tests.dll" adapterTypeName="executor://xunit/VsTestRunner2/netcoreapp" className="POS.Tests.WebIntegrationTests" name="Management_get_stock_ledger_filter_limits_rows_to_selected_date_range" />
    </UnitTest>
    <UnitTest name="POS.Tests.ApiIntegrationTests.Sync_currency_policy_push_endpoint_applies_newer_policy_on_server" storage="c:\projects\pos\tests\pos.tests\bin\debug\net8.0\pos.tests.dll" id="7c648003-73c0-0119-a724-1a61f1ad9e1e">
      <Execution id="aa3ab715-4aa3-41c2-b411-abd761b38764" />
      <TestMethod codeBase="C:\projects\POS\tests\POS.Tests\bin\Debug\net8.0\POS.Tests.dll" adapterTypeName="executor://xunit/VsTestRunner2/netcoreapp" className="POS.Tests.ApiIntegrationTests" name="Sync_currency_policy_push_endpoint_applies_newer_policy_on_server" />
    </UnitTest>
    <UnitTest name="POS.Tests.InvoiceSyncServiceTests.Pull_currency_policy_applies_snapshot_and_persists_cursors" storage="c:\projects\pos\tests\pos.tests\bin\debug\net8.0\pos.tests.dll" id="4bb901e6-8f3f-4842-06d2-05b25401fef0">
      <Execution id="9e8839b3-d9cf-4967-b7b4-9ef3ec8bba38" />
      <TestMethod codeBase="C:\projects\POS\tests\POS.Tests\bin\Debug\net8.0\POS.Tests.dll" adapterTypeName="executor://xunit/VsTestRunner2/netcoreapp" className="POS.Tests.InvoiceSyncServiceTests" name="Pull_currency_policy_applies_snapshot_and_persists_cursors" />
    </UnitTest>
    <UnitTest name="POS.Tests.SyncMetadataTests.Tracked_user_save_emits_store_scoped_sync_change_row" storage="c:\projects\pos\tests\pos.tests\bin\debug\net8.0\pos.tests.dll" id="cd566374-774f-a109-ee1f-71e7ac86cc59">
      <Execution id="244a9d70-32ee-4978-8da4-64a4b184ea9a" />
      <TestMethod codeBase="C:\projects\POS\tests\POS.Tests\bin\Debug\net8.0\POS.Tests.dll" adapterTypeName="executor://xunit/VsTestRunner2/netcoreapp" className="POS.Tests.SyncMetadataTests" name="Tracked_user_save_emits_store_scoped_sync_change_row" />
    </UnitTest>
    <UnitTest name="POS.Tests.ApiIntegrationTests.Sync_devices_push_endpoint_applies_snapshot_on_server" storage="c:\projects\pos\tests\pos.tests\bin\debug\net8.0\pos.tests.dll" id="0050df26-b947-58b4-c4b4-6f2f659a251a">
      <Execution id="81c008fd-fda1-4b64-a1cd-1e52458114dc" />
      <TestMethod codeBase="C:\projects\POS\tests\POS.Tests\bin\Debug\net8.0\POS.Tests.dll" adapterTypeName="executor://xunit/VsTestRunner2/netcoreapp" className="POS.Tests.ApiIntegrationTests" name="Sync_devices_push_endpoint_applies_snapshot_on_server" />
    </UnitTest>
    <UnitTest name="POS.Tests.ApiIntegrationTests.Sync_endpoint_reconciles_inventory_when_paid_invoice_is_later_refunded" storage="c:\projects\pos\tests\pos.tests\bin\debug\net8.0\pos.tests.dll" id="d8188e0c-4832-e29a-22ae-965c7b053d74">
      <Execution id="bfa96c3c-0618-4620-9fc6-397d944e60fd" />
      <TestMethod codeBase="C:\projects\POS\tests\POS.Tests\bin\Debug\net8.0\POS.Tests.dll" adapterTypeName="executor://xunit/VsTestRunner2/netcoreapp" className="POS.Tests.ApiIntegrationTests" name="Sync_endpoint_reconciles_inventory_when_paid_invoice_is_later_refunded" />
    </UnitTest>
    <UnitTest name="POS.Tests.WebIntegrationTests.Management_get_stock_ledger_filter_supports_today_preset" storage="c:\projects\pos\tests\pos.tests\bin\debug\net8.0\pos.tests.dll" id="32de2e2b-a1b6-eb22-ade6-bee4ce60e212">
      <Execution id="a17ecf6b-ea33-4bf2-97c3-e27a4d437ffc" />
      <TestMethod codeBase="C:\projects\POS\tests\POS.Tests\bin\Debug\net8.0\POS.Tests.dll" adapterTypeName="executor://xunit/VsTestRunner2/netcoreapp" className="POS.Tests.WebIntegrationTests" name="Management_get_stock_ledger_filter_supports_today_preset" />
    </UnitTest>
    <UnitTest name="POS.Tests.CurrencyConversionTests.ToBase_zero_base_rate_throws" storage="c:\projects\pos\tests\pos.tests\bin\debug\net8.0\pos.tests.dll" id="6c59921a-70d3-7570-64ad-d2dff5146048">
      <Execution id="5def15bc-7c4e-40c7-9794-51259d039d2c" />
      <TestMethod codeBase="C:\projects\POS\tests\POS.Tests\bin\Debug\net8.0\POS.Tests.dll" adapterTypeName="executor://xunit/VsTestRunner2/netcoreapp" className="POS.Tests.CurrencyConversionTests" name="ToBase_zero_base_rate_throws" />
    </UnitTest>
    <UnitTest name="POS.Tests.InvoiceSyncServiceTests.Pull_remote_settings_applies_snapshot_and_persists_cursor" storage="c:\projects\pos\tests\pos.tests\bin\debug\net8.0\pos.tests.dll" id="2a6bea22-6cfa-b098-fbb1-89db86be6be6">
      <Execution id="fd28fd65-ae76-4419-ab4c-1e04a33cfda0" />
      <TestMethod codeBase="C:\projects\POS\tests\POS.Tests\bin\Debug\net8.0\POS.Tests.dll" adapterTypeName="executor://xunit/VsTestRunner2/netcoreapp" className="POS.Tests.InvoiceSyncServiceTests" name="Pull_remote_settings_applies_snapshot_and_persists_cursor" />
    </UnitTest>
    <UnitTest name="POS.Tests.InvoiceSyncServiceTests.Pull_remote_users_applies_snapshot_creates_role_and_persists_cursor" storage="c:\projects\pos\tests\pos.tests\bin\debug\net8.0\pos.tests.dll" id="4ab80519-a504-dfd8-520e-6faf8362710e">
      <Execution id="14cf0548-dd48-4512-8baf-580e15013ea6" />
      <TestMethod codeBase="C:\projects\POS\tests\POS.Tests\bin\Debug\net8.0\POS.Tests.dll" adapterTypeName="executor://xunit/VsTestRunner2/netcoreapp" className="POS.Tests.InvoiceSyncServiceTests" name="Pull_remote_users_applies_snapshot_creates_role_and_persists_cursor" />
    </UnitTest>
    <UnitTest name="POS.Tests.InvoiceSyncServiceTests.Push_unsynced_invoices_marks_local_invoice_synced_when_server_accepts" storage="c:\projects\pos\tests\pos.tests\bin\debug\net8.0\pos.tests.dll" id="92deb2b5-8a60-64f9-32a1-d5189eb1991a">
      <Execution id="ded9df71-465b-4433-bec1-abba51b3c3cc" />
      <TestMethod codeBase="C:\projects\POS\tests\POS.Tests\bin\Debug\net8.0\POS.Tests.dll" adapterTypeName="executor://xunit/VsTestRunner2/netcoreapp" className="POS.Tests.InvoiceSyncServiceTests" name="Push_unsynced_invoices_marks_local_invoice_synced_when_server_accepts" />
    </UnitTest>
    <UnitTest name="POS.Tests.AuditLogTests.Product_update_writes_product_and_manual_stock_audits" storage="c:\projects\pos\tests\pos.tests\bin\debug\net8.0\pos.tests.dll" id="652c050b-d14c-c4b8-7605-fbfc86c2e75e">
      <Execution id="96074852-e862-4730-ab4f-1101c176d2b1" />
      <TestMethod codeBase="C:\projects\POS\tests\POS.Tests\bin\Debug\net8.0\POS.Tests.dll" adapterTypeName="executor://xunit/VsTestRunner2/netcoreapp" className="POS.Tests.AuditLogTests" name="Product_update_writes_product_and_manual_stock_audits" />
    </UnitTest>
    <UnitTest name="POS.Tests.ApiIntegrationTests.Sync_category_pull_endpoint_returns_server_category_changes_after_cursor" storage="c:\projects\pos\tests\pos.tests\bin\debug\net8.0\pos.tests.dll" id="a8088a4c-fb11-8488-280a-49105ec1c2fb">
      <Execution id="ec20ebbd-e053-4b06-a3d1-ca7494107db8" />
      <TestMethod codeBase="C:\projects\POS\tests\POS.Tests\bin\Debug\net8.0\POS.Tests.dll" adapterTypeName="executor://xunit/VsTestRunner2/netcoreapp" className="POS.Tests.ApiIntegrationTests" name="Sync_category_pull_endpoint_returns_server_category_changes_after_cursor" />
    </UnitTest>
    <UnitTest name="POS.Tests.ApiIntegrationTests.Sync_users_push_endpoint_applies_snapshot_on_server_and_creates_missing_role" storage="c:\projects\pos\tests\pos.tests\bin\debug\net8.0\pos.tests.dll" id="406ac49f-a9db-abd8-6605-474ab1766f43">
      <Execution id="5e59acea-729b-4b75-bc4e-49b2f93c0e5f" />
      <TestMethod codeBase="C:\projects\POS\tests\POS.Tests\bin\Debug\net8.0\POS.Tests.dll" adapterTypeName="executor://xunit/VsTestRunner2/netcoreapp" className="POS.Tests.ApiIntegrationTests" name="Sync_users_push_endpoint_applies_snapshot_on_server_and_creates_missing_role" />
    </UnitTest>
    <UnitTest name="POS.Tests.WebIntegrationTests.Management_postbacks_create_rename_and_delete_category_around_product_usage" storage="c:\projects\pos\tests\pos.tests\bin\debug\net8.0\pos.tests.dll" id="ea2af427-0516-36c8-4eaa-4b6dc2b9212a">
      <Execution id="07e47182-43e1-47ec-b6ae-17269b90107b" />
      <TestMethod codeBase="C:\projects\POS\tests\POS.Tests\bin\Debug\net8.0\POS.Tests.dll" adapterTypeName="executor://xunit/VsTestRunner2/netcoreapp" className="POS.Tests.WebIntegrationTests" name="Management_postbacks_create_rename_and_delete_category_around_product_usage" />
    </UnitTest>
    <UnitTest name="POS.Tests.InvoiceSyncServiceTests.Push_updated_categories_resumes_from_persisted_numeric_sequence_cursor" storage="c:\projects\pos\tests\pos.tests\bin\debug\net8.0\pos.tests.dll" id="85b3b6ed-94d3-2ff9-a2cb-8b0e3ee6b4db">
      <Execution id="4b82c888-8625-4fb6-aa6a-2d01117c3aa2" />
      <TestMethod codeBase="C:\projects\POS\tests\POS.Tests\bin\Debug\net8.0\POS.Tests.dll" adapterTypeName="executor://xunit/VsTestRunner2/netcoreapp" className="POS.Tests.InvoiceSyncServiceTests" name="Push_updated_categories_resumes_from_persisted_numeric_sequence_cursor" />
    </UnitTest>
    <UnitTest name="POS.Tests.SyncMetadataTests.Sync_cursor_setting_save_does_not_emit_sync_change_row" storage="c:\projects\pos\tests\pos.tests\bin\debug\net8.0\pos.tests.dll" id="28dca536-678a-e9d0-d276-1bcabfb4e70a">
      <Execution id="63548704-4ce4-40ad-b9f0-4fbbb10d6e29" />
      <TestMethod codeBase="C:\projects\POS\tests\POS.Tests\bin\Debug\net8.0\POS.Tests.dll" adapterTypeName="executor://xunit/VsTestRunner2/netcoreapp" className="POS.Tests.SyncMetadataTests" name="Sync_cursor_setting_save_does_not_emit_sync_change_row" />
    </UnitTest>
    <UnitTest name="POS.Tests.ApiIntegrationTests.Cash_sale_flow_returns_updated_snapshots_and_receipt" storage="c:\projects\pos\tests\pos.tests\bin\debug\net8.0\pos.tests.dll" id="c066c2df-147c-a15a-a61f-ea4ea453263b">
      <Execution id="a538f851-a53b-446a-b2b9-821e6f6440db" />
      <TestMethod codeBase="C:\projects\POS\tests\POS.Tests\bin\Debug\net8.0\POS.Tests.dll" adapterTypeName="executor://xunit/VsTestRunner2/netcoreapp" className="POS.Tests.ApiIntegrationTests" name="Cash_sale_flow_returns_updated_snapshots_and_receipt" />
    </UnitTest>
    <UnitTest name="POS.Tests.InvoiceSyncServiceTests.Pull_remote_devices_applies_snapshot_and_persists_cursor" storage="c:\projects\pos\tests\pos.tests\bin\debug\net8.0\pos.tests.dll" id="dc7608db-b803-d9ad-2276-b67da9722d2b">
      <Execution id="3a64d90d-9574-445f-b10b-761b8c4e82ba" />
      <TestMethod codeBase="C:\projects\POS\tests\POS.Tests\bin\Debug\net8.0\POS.Tests.dll" adapterTypeName="executor://xunit/VsTestRunner2/netcoreapp" className="POS.Tests.InvoiceSyncServiceTests" name="Pull_remote_devices_applies_snapshot_and_persists_cursor" />
    </UnitTest>
    <UnitTest name="POS.Tests.CurrencyConversionTests.ToBase_same_rate_is_identity" storage="c:\projects\pos\tests\pos.tests\bin\debug\net8.0\pos.tests.dll" id="a3ff68e3-f599-f05f-4bc8-b0a94354099f">
      <Execution id="3a2ebad4-5e88-4d67-8b49-7bd27805dc79" />
      <TestMethod codeBase="C:\projects\POS\tests\POS.Tests\bin\Debug\net8.0\POS.Tests.dll" adapterTypeName="executor://xunit/VsTestRunner2/netcoreapp" className="POS.Tests.CurrencyConversionTests" name="ToBase_same_rate_is_identity" />
    </UnitTest>
    <UnitTest name="POS.Tests.InvoiceSyncServiceTests.Push_updated_users_sends_snapshots_and_persists_cursor" storage="c:\projects\pos\tests\pos.tests\bin\debug\net8.0\pos.tests.dll" id="8caed3c1-0240-0112-54fb-7af6d16ea07c">
      <Execution id="b2c96d89-cfd2-44af-9dd0-558d8de371fd" />
      <TestMethod codeBase="C:\projects\POS\tests\POS.Tests\bin\Debug\net8.0\POS.Tests.dll" adapterTypeName="executor://xunit/VsTestRunner2/netcoreapp" className="POS.Tests.InvoiceSyncServiceTests" name="Push_updated_users_sends_snapshots_and_persists_cursor" />
    </UnitTest>
    <UnitTest name="POS.Tests.WebIntegrationTests.Management_get_stock_ledger_filter_limits_rows_to_selected_product_and_movement_type" storage="c:\projects\pos\tests\pos.tests\bin\debug\net8.0\pos.tests.dll" id="66fec903-e166-1f65-c876-d94dc6a1ac48">
      <Execution id="ff83b401-4a40-4d19-a0ab-965c3824f16d" />
      <TestMethod codeBase="C:\projects\POS\tests\POS.Tests\bin\Debug\net8.0\POS.Tests.dll" adapterTypeName="executor://xunit/VsTestRunner2/netcoreapp" className="POS.Tests.WebIntegrationTests" name="Management_get_stock_ledger_filter_limits_rows_to_selected_product_and_movement_type" />
    </UnitTest>
    <UnitTest name="POS.Tests.ApiIntegrationTests.Sync_devices_pull_endpoint_returns_server_device_changes_after_cursor" storage="c:\projects\pos\tests\pos.tests\bin\debug\net8.0\pos.tests.dll" id="d4beec55-8bb4-e04e-5263-607e5d0be97e">
      <Execution id="51b01189-6f34-4ad2-84ff-cd7d5e1f9061" />
      <TestMethod codeBase="C:\projects\POS\tests\POS.Tests\bin\Debug\net8.0\POS.Tests.dll" adapterTypeName="executor://xunit/VsTestRunner2/netcoreapp" className="POS.Tests.ApiIntegrationTests" name="Sync_devices_pull_endpoint_returns_server_device_changes_after_cursor" />
    </UnitTest>
    <UnitTest name="POS.Tests.InvoiceSyncServiceTests.Push_updated_settings_sends_snapshots_and_persists_cursor" storage="c:\projects\pos\tests\pos.tests\bin\debug\net8.0\pos.tests.dll" id="340de893-fb2a-1668-befc-9e5785d88e96">
      <Execution id="b14c0bc1-8303-424c-8f3e-1c6887b5f8fc" />
      <TestMethod codeBase="C:\projects\POS\tests\POS.Tests\bin\Debug\net8.0\POS.Tests.dll" adapterTypeName="executor://xunit/VsTestRunner2/netcoreapp" className="POS.Tests.InvoiceSyncServiceTests" name="Push_updated_settings_sends_snapshots_and_persists_cursor" />
    </UnitTest>
    <UnitTest name="POS.Tests.InvoiceSyncServiceTests.Pull_remote_devices_skips_older_same_name_snapshot_without_changing_local_device_identity" storage="c:\projects\pos\tests\pos.tests\bin\debug\net8.0\pos.tests.dll" id="6a510e97-aa63-7844-dc18-473fe572af25">
      <Execution id="8f6a6c11-35a5-48bc-8d91-9811a8e03b7a" />
      <TestMethod codeBase="C:\projects\POS\tests\POS.Tests\bin\Debug\net8.0\POS.Tests.dll" adapterTypeName="executor://xunit/VsTestRunner2/netcoreapp" className="POS.Tests.InvoiceSyncServiceTests" name="Pull_remote_devices_skips_older_same_name_snapshot_without_changing_local_device_identity" />
    </UnitTest>
    <UnitTest name="POS.Tests.InvoiceSyncServiceTests.Push_updated_categories_sends_snapshots_and_persists_cursor" storage="c:\projects\pos\tests\pos.tests\bin\debug\net8.0\pos.tests.dll" id="7332bb65-ad3a-168f-042e-1329d1c21107">
      <Execution id="dbdcb3c6-4409-44d5-988e-23dd50f2ba05" />
      <TestMethod codeBase="C:\projects\POS\tests\POS.Tests\bin\Debug\net8.0\POS.Tests.dll" adapterTypeName="executor://xunit/VsTestRunner2/netcoreapp" className="POS.Tests.InvoiceSyncServiceTests" name="Push_updated_categories_sends_snapshots_and_persists_cursor" />
    </UnitTest>
    <UnitTest name="POS.Tests.ApiIntegrationTests.Sync_currency_policy_pull_endpoint_returns_newer_server_policy" storage="c:\projects\pos\tests\pos.tests\bin\debug\net8.0\pos.tests.dll" id="bbf1eece-04dc-2fd0-b4f6-d049225ca1d9">
      <Execution id="83e24b4b-dda0-43b7-97a4-3dad6bb05d75" />
      <TestMethod codeBase="C:\projects\POS\tests\POS.Tests\bin\Debug\net8.0\POS.Tests.dll" adapterTypeName="executor://xunit/VsTestRunner2/netcoreapp" className="POS.Tests.ApiIntegrationTests" name="Sync_currency_policy_pull_endpoint_returns_newer_server_policy" />
    </UnitTest>
    <UnitTest name="POS.Tests.ApiIntegrationTests.Sync_audit_logs_pull_endpoint_returns_server_audit_changes_after_cursor" storage="c:\projects\pos\tests\pos.tests\bin\debug\net8.0\pos.tests.dll" id="ed0f8c76-67bb-5864-f350-751c29b914c9">
      <Execution id="18287957-b1c7-4491-be93-f65fbeee3d88" />
      <TestMethod codeBase="C:\projects\POS\tests\POS.Tests\bin\Debug\net8.0\POS.Tests.dll" adapterTypeName="executor://xunit/VsTestRunner2/netcoreapp" className="POS.Tests.ApiIntegrationTests" name="Sync_audit_logs_pull_endpoint_returns_server_audit_changes_after_cursor" />
    </UnitTest>
    <UnitTest name="POS.Tests.ApiIntegrationTests.Sync_product_push_endpoint_applies_snapshot_on_server" storage="c:\projects\pos\tests\pos.tests\bin\debug\net8.0\pos.tests.dll" id="7416d6d4-e56d-4258-3f01-88f6f1561081">
      <Execution id="28cbacc4-a530-432b-b6cb-234a92b9501f" />
      <TestMethod codeBase="C:\projects\POS\tests\POS.Tests\bin\Debug\net8.0\POS.Tests.dll" adapterTypeName="executor://xunit/VsTestRunner2/netcoreapp" className="POS.Tests.ApiIntegrationTests" name="Sync_product_push_endpoint_applies_snapshot_on_server" />
    </UnitTest>
    <UnitTest name="POS.Tests.ApiIntegrationTests.Login_and_catalog_endpoints_return_seeded_data" storage="c:\projects\pos\tests\pos.tests\bin\debug\net8.0\pos.tests.dll" id="1591ecf0-66d5-413a-ed23-c8a2ebf63ec4">
      <Execution id="1db9fe38-e29c-4cd8-989f-e18b509ae019" />
      <TestMethod codeBase="C:\projects\POS\tests\POS.Tests\bin\Debug\net8.0\POS.Tests.dll" adapterTypeName="executor://xunit/VsTestRunner2/netcoreapp" className="POS.Tests.ApiIntegrationTests" name="Login_and_catalog_endpoints_return_seeded_data" />
    </UnitTest>
    <UnitTest name="POS.Tests.InvoiceSyncServiceTests.Pull_remote_categories_applies_snapshot_and_persists_cursor" storage="c:\projects\pos\tests\pos.tests\bin\debug\net8.0\pos.tests.dll" id="7644cd85-3bbc-2e2a-8057-dcc426f641a0">
      <Execution id="f7ea37b4-ab74-4bfe-bfe4-77657fff4cd2" />
      <TestMethod codeBase="C:\projects\POS\tests\POS.Tests\bin\Debug\net8.0\POS.Tests.dll" adapterTypeName="executor://xunit/VsTestRunner2/netcoreapp" className="POS.Tests.InvoiceSyncServiceTests" name="Pull_remote_categories_applies_snapshot_and_persists_cursor" />
    </UnitTest>
    <UnitTest name="POS.Tests.ApiIntegrationTests.Sync_audit_logs_push_endpoint_applies_snapshot_on_server" storage="c:\projects\pos\tests\pos.tests\bin\debug\net8.0\pos.tests.dll" id="d2a709b9-b92d-ae03-6f86-4196e0eef0f2">
      <Execution id="54286687-a535-499d-a7d3-284841e7b142" />
      <TestMethod codeBase="C:\projects\POS\tests\POS.Tests\bin\Debug\net8.0\POS.Tests.dll" adapterTypeName="executor://xunit/VsTestRunner2/netcoreapp" className="POS.Tests.ApiIntegrationTests" name="Sync_audit_logs_push_endpoint_applies_snapshot_on_server" />
    </UnitTest>
    <UnitTest name="POS.Tests.SettingsServiceTests.Search_products_uses_configured_low_stock_threshold" storage="c:\projects\pos\tests\pos.tests\bin\debug\net8.0\pos.tests.dll" id="b821df00-112c-df99-f89b-86fee22c4368">
      <Execution id="ff75a368-ddcd-4f63-a92b-a3d01c20cb04" />
      <TestMethod codeBase="C:\projects\POS\tests\POS.Tests\bin\Debug\net8.0\POS.Tests.dll" adapterTypeName="executor://xunit/VsTestRunner2/netcoreapp" className="POS.Tests.SettingsServiceTests" name="Search_products_uses_configured_low_stock_threshold" />
    </UnitTest>
    <UnitTest name="POS.Tests.AuditLogTests.Currency_policy_update_writes_audit_row" storage="c:\projects\pos\tests\pos.tests\bin\debug\net8.0\pos.tests.dll" id="a0e26765-302c-ee09-992f-a7ef7407a4f8">
      <Execution id="287d6570-ef9a-405a-8c1e-4905c4ae0111" />
      <TestMethod codeBase="C:\projects\POS\tests\POS.Tests\bin\Debug\net8.0\POS.Tests.dll" adapterTypeName="executor://xunit/VsTestRunner2/netcoreapp" className="POS.Tests.AuditLogTests" name="Currency_policy_update_writes_audit_row" />
    </UnitTest>
    <UnitTest name="POS.Tests.WebIntegrationTests.Login_flow_redirects_unauthenticated_dashboard_requests_and_then_renders_dashboard" storage="c:\projects\pos\tests\pos.tests\bin\debug\net8.0\pos.tests.dll" id="74383383-f939-07d1-39da-0d7a2c60cf16">
      <Execution id="b049106d-033a-4c8c-b8d6-ad3ece99e83d" />
      <TestMethod codeBase="C:\projects\POS\tests\POS.Tests\bin\Debug\net8.0\POS.Tests.dll" adapterTypeName="executor://xunit/VsTestRunner2/netcoreapp" className="POS.Tests.WebIntegrationTests" name="Login_flow_redirects_unauthenticated_dashboard_requests_and_then_renders_dashboard" />
    </UnitTest>
    <UnitTest name="POS.Tests.StoreTests.Store_can_set_Name" storage="c:\projects\pos\tests\pos.tests\bin\debug\net8.0\pos.tests.dll" id="36d33af1-d87f-eccc-6359-c6311f13b9c0">
      <Execution id="83c7f1d0-8118-4c46-bf88-180dafde3e79" />
      <TestMethod codeBase="C:\projects\POS\tests\POS.Tests\bin\Debug\net8.0\POS.Tests.dll" adapterTypeName="executor://xunit/VsTestRunner2/netcoreapp" className="POS.Tests.StoreTests" name="Store_can_set_Name" />
    </UnitTest>
    <UnitTest name="POS.Tests.ApiIntegrationTests.Sync_users_pull_endpoint_returns_server_user_changes_after_cursor" storage="c:\projects\pos\tests\pos.tests\bin\debug\net8.0\pos.tests.dll" id="442c2e9e-e7c6-d499-78cc-a66e1f40e3f1">
      <Execution id="4475b0b0-118f-460f-8c9d-8041c413aca4" />
      <TestMethod codeBase="C:\projects\POS\tests\POS.Tests\bin\Debug\net8.0\POS.Tests.dll" adapterTypeName="executor://xunit/VsTestRunner2/netcoreapp" className="POS.Tests.ApiIntegrationTests" name="Sync_users_pull_endpoint_returns_server_user_changes_after_cursor" />
    </UnitTest>
    <UnitTest name="POS.Tests.ApiIntegrationTests.Sync_category_push_endpoint_applies_snapshot_on_server" storage="c:\projects\pos\tests\pos.tests\bin\debug\net8.0\pos.tests.dll" id="cdd07177-6813-55e3-9970-7431a43631cc">
      <Execution id="42323553-98fa-45c8-922a-a8fe52cfb903" />
      <TestMethod codeBase="C:\projects\POS\tests\POS.Tests\bin\Debug\net8.0\POS.Tests.dll" adapterTypeName="executor://xunit/VsTestRunner2/netcoreapp" className="POS.Tests.ApiIntegrationTests" name="Sync_category_push_endpoint_applies_snapshot_on_server" />
    </UnitTest>
    <UnitTest name="POS.Tests.ApiIntegrationTests.Sync_endpoint_applies_invoice_snapshot_and_reports_conflict_for_stale_version" storage="c:\projects\pos\tests\pos.tests\bin\debug\net8.0\pos.tests.dll" id="3bab6a12-176a-4b40-df1c-1344d20e4493">
      <Execution id="6c5a0162-1ddd-4aa2-9513-5d5c39e18d16" />
      <TestMethod codeBase="C:\projects\POS\tests\POS.Tests\bin\Debug\net8.0\POS.Tests.dll" adapterTypeName="executor://xunit/VsTestRunner2/netcoreapp" className="POS.Tests.ApiIntegrationTests" name="Sync_endpoint_applies_invoice_snapshot_and_reports_conflict_for_stale_version" />
    </UnitTest>
    <UnitTest name="POS.Tests.InvoiceSyncServiceTests.Pull_remote_invoices_applies_snapshot_updates_inventory_and_persists_cursor" storage="c:\projects\pos\tests\pos.tests\bin\debug\net8.0\pos.tests.dll" id="e704cf59-a5be-860b-625c-da022a9f48bb">
      <Execution id="04998c6a-4b24-4ec1-89a5-1c1af6495549" />
      <TestMethod codeBase="C:\projects\POS\tests\POS.Tests\bin\Debug\net8.0\POS.Tests.dll" adapterTypeName="executor://xunit/VsTestRunner2/netcoreapp" className="POS.Tests.InvoiceSyncServiceTests" name="Pull_remote_invoices_applies_snapshot_updates_inventory_and_persists_cursor" />
    </UnitTest>
    <UnitTest name="POS.Tests.SettingsServiceTests.Settings_round_trip_persists_and_loads" storage="c:\projects\pos\tests\pos.tests\bin\debug\net8.0\pos.tests.dll" id="80860392-46c6-8311-6952-cb692ad00414">
      <Execution id="403cf7cc-b74c-4dbd-a90b-f7c4faac2808" />
      <TestMethod codeBase="C:\projects\POS\tests\POS.Tests\bin\Debug\net8.0\POS.Tests.dll" adapterTypeName="executor://xunit/VsTestRunner2/netcoreapp" className="POS.Tests.SettingsServiceTests" name="Settings_round_trip_persists_and_loads" />
    </UnitTest>
    <UnitTest name="POS.Tests.ApiIntegrationTests.Sync_pull_endpoint_returns_server_invoice_changes_after_cursor" storage="c:\projects\pos\tests\pos.tests\bin\debug\net8.0\pos.tests.dll" id="496f23fb-f239-d8dc-3698-518f2f5ba751">
      <Execution id="6a20ad91-2b66-4e23-a534-ea8b9bd19850" />
      <TestMethod codeBase="C:\projects\POS\tests\POS.Tests\bin\Debug\net8.0\POS.Tests.dll" adapterTypeName="executor://xunit/VsTestRunner2/netcoreapp" className="POS.Tests.ApiIntegrationTests" name="Sync_pull_endpoint_returns_server_invoice_changes_after_cursor" />
    </UnitTest>
    <UnitTest name="POS.Tests.AuditLogTests.Refund_writes_invoice_refunded_audit_row" storage="c:\projects\pos\tests\pos.tests\bin\debug\net8.0\pos.tests.dll" id="20263a67-98bf-c1c1-3ab6-3ec180636e5c">
      <Execution id="64fc21d3-3623-49ff-830e-dd28d2cdcd1f" />
      <TestMethod codeBase="C:\projects\POS\tests\POS.Tests\bin\Debug\net8.0\POS.Tests.dll" adapterTypeName="executor://xunit/VsTestRunner2/netcoreapp" className="POS.Tests.AuditLogTests" name="Refund_writes_invoice_refunded_audit_row" />
    </UnitTest>
    <UnitTest name="POS.Tests.WebIntegrationTests.Management_get_stock_ledger_filter_supports_last_30_days_preset" storage="c:\projects\pos\tests\pos.tests\bin\debug\net8.0\pos.tests.dll" id="b719c9c1-7f2c-ad8f-2414-c738e3ef696d">
      <Execution id="ec12bafc-4638-4110-9dc9-e2fdef08e090" />
      <TestMethod codeBase="C:\projects\POS\tests\POS.Tests\bin\Debug\net8.0\POS.Tests.dll" adapterTypeName="executor://xunit/VsTestRunner2/netcoreapp" className="POS.Tests.WebIntegrationTests" name="Management_get_stock_ledger_filter_supports_last_30_days_preset" />
    </UnitTest>
    <UnitTest name="POS.Tests.InvoiceSyncServiceTests.Push_updated_audit_logs_sends_snapshots_and_persists_cursor" storage="c:\projects\pos\tests\pos.tests\bin\debug\net8.0\pos.tests.dll" id="862c06d0-8947-7d42-dfe2-8aec5cbe17a7">
      <Execution id="a37c071a-86b4-4355-b55a-3279d8efc04d" />
      <TestMethod codeBase="C:\projects\POS\tests\POS.Tests\bin\Debug\net8.0\POS.Tests.dll" adapterTypeName="executor://xunit/VsTestRunner2/netcoreapp" className="POS.Tests.InvoiceSyncServiceTests" name="Push_updated_audit_logs_sends_snapshots_and_persists_cursor" />
    </UnitTest>
    <UnitTest name="POS.Tests.StoreTests.Store_defaults_Id_is_empty_guid" storage="c:\projects\pos\tests\pos.tests\bin\debug\net8.0\pos.tests.dll" id="1cc5788a-0742-e1df-8236-2dadfebbb8ba">
      <Execution id="9090158d-eb5a-4aa8-bbd9-e9163c76c06b" />
      <TestMethod codeBase="C:\projects\POS\tests\POS.Tests\bin\Debug\net8.0\POS.Tests.dll" adapterTypeName="executor://xunit/VsTestRunner2/netcoreapp" className="POS.Tests.StoreTests" name="Store_defaults_Id_is_empty_guid" />
    </UnitTest>
    <UnitTest name="POS.Tests.ApiIntegrationTests.Sync_settings_pull_endpoint_returns_server_setting_changes_after_cursor" storage="c:\projects\pos\tests\pos.tests\bin\debug\net8.0\pos.tests.dll" id="aa81bcc1-5dd5-1acf-433e-f733cd728233">
      <Execution id="a9f3164b-8a10-4f73-b505-23802051c787" />
      <TestMethod codeBase="C:\projects\POS\tests\POS.Tests\bin\Debug\net8.0\POS.Tests.dll" adapterTypeName="executor://xunit/VsTestRunner2/netcoreapp" className="POS.Tests.ApiIntegrationTests" name="Sync_settings_pull_endpoint_returns_server_setting_changes_after_cursor" />
    </UnitTest>
    <UnitTest name="POS.Tests.SaleServiceSettingsTests.Negative_stock_policy_allows_oversell_and_uses_default_tax" storage="c:\projects\pos\tests\pos.tests\bin\debug\net8.0\pos.tests.dll" id="89177fa3-a6d3-201f-8bdc-49d838b6d227">
      <Execution id="78def9f7-c046-4b40-97dd-a4cf180d4666" />
      <TestMethod codeBase="C:\projects\POS\tests\POS.Tests\bin\Debug\net8.0\POS.Tests.dll" adapterTypeName="executor://xunit/VsTestRunner2/netcoreapp" className="POS.Tests.SaleServiceSettingsTests" name="Negative_stock_policy_allows_oversell_and_uses_default_tax" />
    </UnitTest>
    <UnitTest name="POS.Tests.WebIntegrationTests.Management_get_stock_ledger_filter_limits_rows_to_selected_product" storage="c:\projects\pos\tests\pos.tests\bin\debug\net8.0\pos.tests.dll" id="d064dc2b-054b-1541-0d66-ef3d8f6dfe1d">
      <Execution id="fe3b2e63-3d50-4bc3-bc5b-dab7c0d1397e" />
      <TestMethod codeBase="C:\projects\POS\tests\POS.Tests\bin\Debug\net8.0\POS.Tests.dll" adapterTypeName="executor://xunit/VsTestRunner2/netcoreapp" className="POS.Tests.WebIntegrationTests" name="Management_get_stock_ledger_filter_limits_rows_to_selected_product" />
    </UnitTest>
    <UnitTest name="POS.Tests.SyncMetadataTests.Tracked_category_save_emits_sync_change_row" storage="c:\projects\pos\tests\pos.tests\bin\debug\net8.0\pos.tests.dll" id="80b0d0ec-e3c3-6fe7-6f6a-a1b59b45d544">
      <Execution id="738a3551-1a6a-430d-b5a0-fbbb6b254486" />
      <TestMethod codeBase="C:\projects\POS\tests\POS.Tests\bin\Debug\net8.0\POS.Tests.dll" adapterTypeName="executor://xunit/VsTestRunner2/netcoreapp" className="POS.Tests.SyncMetadataTests" name="Tracked_category_save_emits_sync_change_row" />
    </UnitTest>
    <UnitTest name="POS.Tests.WebIntegrationTests.Management_postbacks_create_update_and_delete_product_with_stock_movements" storage="c:\projects\pos\tests\pos.tests\bin\debug\net8.0\pos.tests.dll" id="1824493b-4f50-d468-2075-7a9fde81ce28">
      <Execution id="f77b38d6-2b80-42f1-8b03-f33b5018d2d3" />
      <TestMethod codeBase="C:\projects\POS\tests\POS.Tests\bin\Debug\net8.0\POS.Tests.dll" adapterTypeName="executor://xunit/VsTestRunner2/netcoreapp" className="POS.Tests.WebIntegrationTests" name="Management_postbacks_create_update_and_delete_product_with_stock_movements" />
    </UnitTest>
  </TestDefinitions>
  <TestEntries>
    <TestEntry testId="30b5d756-adfc-f568-265b-5e3e4ff673c3" executionId="cf7a0c93-0683-4eed-a42e-d319cfc8b366" testListId="8c84fa94-04c1-424b-9868-57a2d4851a1d" />
    <TestEntry testId="ec7760c9-15a5-c8b8-97f2-fc5ea30b2d39" executionId="2595aac2-ec28-4bca-8965-307cb2cda72d" testListId="8c84fa94-04c1-424b-9868-57a2d4851a1d" />
    <TestEntry testId="b821df00-112c-df99-f89b-86fee22c4368" executionId="ff75a368-ddcd-4f63-a92b-a3d01c20cb04" testListId="8c84fa94-04c1-424b-9868-57a2d4851a1d" />
    <TestEntry testId="e7cd6e02-6031-1f3f-466f-32a7997cdadc" executionId="65914fec-84fc-4782-be58-709a3e00005b" testListId="8c84fa94-04c1-424b-9868-57a2d4851a1d" />
    <TestEntry testId="36d33af1-d87f-eccc-6359-c6311f13b9c0" executionId="83c7f1d0-8118-4c46-bf88-180dafde3e79" testListId="8c84fa94-04c1-424b-9868-57a2d4851a1d" />
    <TestEntry testId="986bd36d-0e1d-f0d2-3e67-0ef978eb3cdb" executionId="3a25ac02-08eb-4abb-82ab-57a150b8337b" testListId="8c84fa94-04c1-424b-9868-57a2d4851a1d" />
    <TestEntry testId="66fec903-e166-1f65-c876-d94dc6a1ac48" executionId="ff83b401-4a40-4d19-a0ab-965c3824f16d" testListId="8c84fa94-04c1-424b-9868-57a2d4851a1d" />
    <TestEntry testId="8caed3c1-0240-0112-54fb-7af6d16ea07c" executionId="b2c96d89-cfd2-44af-9dd0-558d8de371fd" testListId="8c84fa94-04c1-424b-9868-57a2d4851a1d" />
    <TestEntry testId="80860392-46c6-8311-6952-cb692ad00414" executionId="403cf7cc-b74c-4dbd-a90b-f7c4faac2808" testListId="8c84fa94-04c1-424b-9868-57a2d4851a1d" />
    <TestEntry testId="1f34e7a7-5750-e733-ef19-438e12e21a26" executionId="87300019-c610-4097-b5fc-46d523774fcf" testListId="8c84fa94-04c1-424b-9868-57a2d4851a1d" />
    <TestEntry testId="3bab6a12-176a-4b40-df1c-1344d20e4493" executionId="6c5a0162-1ddd-4aa2-9513-5d5c39e18d16" testListId="8c84fa94-04c1-424b-9868-57a2d4851a1d" />
    <TestEntry testId="d064dc2b-054b-1541-0d66-ef3d8f6dfe1d" executionId="fe3b2e63-3d50-4bc3-bc5b-dab7c0d1397e" testListId="8c84fa94-04c1-424b-9868-57a2d4851a1d" />
    <TestEntry testId="1591ecf0-66d5-413a-ed23-c8a2ebf63ec4" executionId="1db9fe38-e29c-4cd8-989f-e18b509ae019" testListId="8c84fa94-04c1-424b-9868-57a2d4851a1d" />
    <TestEntry testId="d2a709b9-b92d-ae03-6f86-4196e0eef0f2" executionId="54286687-a535-499d-a7d3-284841e7b142" testListId="8c84fa94-04c1-424b-9868-57a2d4851a1d" />
    <TestEntry testId="340de893-fb2a-1668-befc-9e5785d88e96" executionId="b14c0bc1-8303-424c-8f3e-1c6887b5f8fc" testListId="8c84fa94-04c1-424b-9868-57a2d4851a1d" />
    <TestEntry testId="6c59921a-70d3-7570-64ad-d2dff5146048" executionId="5def15bc-7c4e-40c7-9794-51259d039d2c" testListId="8c84fa94-04c1-424b-9868-57a2d4851a1d" />
    <TestEntry testId="aa81bcc1-5dd5-1acf-433e-f733cd728233" executionId="a9f3164b-8a10-4f73-b505-23802051c787" testListId="8c84fa94-04c1-424b-9868-57a2d4851a1d" />
    <TestEntry testId="7542509e-5afb-609e-e0ed-c9580a7d671b" executionId="6611ee1b-ef35-4e98-aa2a-e1c8eb54d18b" testListId="8c84fa94-04c1-424b-9868-57a2d4851a1d" />
    <TestEntry testId="1824493b-4f50-d468-2075-7a9fde81ce28" executionId="f77b38d6-2b80-42f1-8b03-f33b5018d2d3" testListId="8c84fa94-04c1-424b-9868-57a2d4851a1d" />
    <TestEntry testId="bbf1eece-04dc-2fd0-b4f6-d049225ca1d9" executionId="83e24b4b-dda0-43b7-97a4-3dad6bb05d75" testListId="8c84fa94-04c1-424b-9868-57a2d4851a1d" />
    <TestEntry testId="0050df26-b947-58b4-c4b4-6f2f659a251a" executionId="81c008fd-fda1-4b64-a1cd-1e52458114dc" testListId="8c84fa94-04c1-424b-9868-57a2d4851a1d" />
    <TestEntry testId="10ed7303-3338-cdca-e730-0aa588e51b2c" executionId="cc5f9bce-6d7e-4234-9040-f66222c78499" testListId="8c84fa94-04c1-424b-9868-57a2d4851a1d" />
    <TestEntry testId="d4beec55-8bb4-e04e-5263-607e5d0be97e" executionId="51b01189-6f34-4ad2-84ff-cd7d5e1f9061" testListId="8c84fa94-04c1-424b-9868-57a2d4851a1d" />
    <TestEntry testId="426fc058-a14c-0d44-caba-3b3cceddcea2" executionId="102ad5e3-0df9-4736-8d94-6e827facc332" testListId="8c84fa94-04c1-424b-9868-57a2d4851a1d" />
    <TestEntry testId="4ab80519-a504-dfd8-520e-6faf8362710e" executionId="14cf0548-dd48-4512-8baf-580e15013ea6" testListId="8c84fa94-04c1-424b-9868-57a2d4851a1d" />
    <TestEntry testId="652c050b-d14c-c4b8-7605-fbfc86c2e75e" executionId="96074852-e862-4730-ab4f-1101c176d2b1" testListId="8c84fa94-04c1-424b-9868-57a2d4851a1d" />
    <TestEntry testId="7bf4d9e4-505b-c4e2-ab4a-19827318a1d0" executionId="902e2bb9-df30-4752-8535-a944622d6c07" testListId="8c84fa94-04c1-424b-9868-57a2d4851a1d" />
    <TestEntry testId="6a510e97-aa63-7844-dc18-473fe572af25" executionId="8f6a6c11-35a5-48bc-8d91-9811a8e03b7a" testListId="8c84fa94-04c1-424b-9868-57a2d4851a1d" />
    <TestEntry testId="92deb2b5-8a60-64f9-32a1-d5189eb1991a" executionId="ded9df71-465b-4433-bec1-abba51b3c3cc" testListId="8c84fa94-04c1-424b-9868-57a2d4851a1d" />
    <TestEntry testId="406ac49f-a9db-abd8-6605-474ab1766f43" executionId="5e59acea-729b-4b75-bc4e-49b2f93c0e5f" testListId="8c84fa94-04c1-424b-9868-57a2d4851a1d" />
    <TestEntry testId="ea2af427-0516-36c8-4eaa-4b6dc2b9212a" executionId="07e47182-43e1-47ec-b6ae-17269b90107b" testListId="8c84fa94-04c1-424b-9868-57a2d4851a1d" />
    <TestEntry testId="7416d6d4-e56d-4258-3f01-88f6f1561081" executionId="28cbacc4-a530-432b-b6cb-234a92b9501f" testListId="8c84fa94-04c1-424b-9868-57a2d4851a1d" />
    <TestEntry testId="daadd110-ba0d-c21e-bd3c-a936ce19c5d5" executionId="4b9de093-c186-4a84-b4fb-669ec7f6da6c" testListId="8c84fa94-04c1-424b-9868-57a2d4851a1d" />
    <TestEntry testId="a3ff68e3-f599-f05f-4bc8-b0a94354099f" executionId="3a2ebad4-5e88-4d67-8b49-7bd27805dc79" testListId="8c84fa94-04c1-424b-9868-57a2d4851a1d" />
    <TestEntry testId="1c88e101-8a8e-7201-859a-b9066ef7f21c" executionId="d7a1ae23-333d-4d4c-b088-1cf2cdd01fcd" testListId="8c84fa94-04c1-424b-9868-57a2d4851a1d" />
    <TestEntry testId="7644cd85-3bbc-2e2a-8057-dcc426f641a0" executionId="f7ea37b4-ab74-4bfe-bfe4-77657fff4cd2" testListId="8c84fa94-04c1-424b-9868-57a2d4851a1d" />
    <TestEntry testId="862c06d0-8947-7d42-dfe2-8aec5cbe17a7" executionId="a37c071a-86b4-4355-b55a-3279d8efc04d" testListId="8c84fa94-04c1-424b-9868-57a2d4851a1d" />
    <TestEntry testId="496f23fb-f239-d8dc-3698-518f2f5ba751" executionId="6a20ad91-2b66-4e23-a534-ea8b9bd19850" testListId="8c84fa94-04c1-424b-9868-57a2d4851a1d" />
    <TestEntry testId="a0e26765-302c-ee09-992f-a7ef7407a4f8" executionId="287d6570-ef9a-405a-8c1e-4905c4ae0111" testListId="8c84fa94-04c1-424b-9868-57a2d4851a1d" />
    <TestEntry testId="b719c9c1-7f2c-ad8f-2414-c738e3ef696d" executionId="ec12bafc-4638-4110-9dc9-e2fdef08e090" testListId="8c84fa94-04c1-424b-9868-57a2d4851a1d" />
    <TestEntry testId="c066c2df-147c-a15a-a61f-ea4ea453263b" executionId="a538f851-a53b-446a-b2b9-821e6f6440db" testListId="8c84fa94-04c1-424b-9868-57a2d4851a1d" />
    <TestEntry testId="ed0f8c76-67bb-5864-f350-751c29b914c9" executionId="18287957-b1c7-4491-be93-f65fbeee3d88" testListId="8c84fa94-04c1-424b-9868-57a2d4851a1d" />
    <TestEntry testId="3e8bc961-418f-22cc-1c15-b7441605b0a9" executionId="b91f20a0-cf2a-4e49-89f2-f6a9bcb5c87c" testListId="8c84fa94-04c1-424b-9868-57a2d4851a1d" />
    <TestEntry testId="60c7eb3e-afd1-29e6-3a0d-9062d3397450" executionId="8827de11-c450-462b-862d-1dcc3da40e12" testListId="8c84fa94-04c1-424b-9868-57a2d4851a1d" />
    <TestEntry testId="7332bb65-ad3a-168f-042e-1329d1c21107" executionId="dbdcb3c6-4409-44d5-988e-23dd50f2ba05" testListId="8c84fa94-04c1-424b-9868-57a2d4851a1d" />
    <TestEntry testId="e4221f37-9e5f-6627-e042-951eeaffa750" executionId="dbc6a628-8160-4053-a7c6-69320c5bb058" testListId="8c84fa94-04c1-424b-9868-57a2d4851a1d" />
    <TestEntry testId="89177fa3-a6d3-201f-8bdc-49d838b6d227" executionId="78def9f7-c046-4b40-97dd-a4cf180d4666" testListId="8c84fa94-04c1-424b-9868-57a2d4851a1d" />
    <TestEntry testId="8d315db6-2a0e-4c64-fe64-6d9dab174c37" executionId="4f0c3078-4360-46fa-86c9-10040e2324ce" testListId="8c84fa94-04c1-424b-9868-57a2d4851a1d" />
    <TestEntry testId="d8188e0c-4832-e29a-22ae-965c7b053d74" executionId="bfa96c3c-0618-4620-9fc6-397d944e60fd" testListId="8c84fa94-04c1-424b-9868-57a2d4851a1d" />
    <TestEntry testId="28dca536-678a-e9d0-d276-1bcabfb4e70a" executionId="63548704-4ce4-40ad-b9f0-4fbbb10d6e29" testListId="8c84fa94-04c1-424b-9868-57a2d4851a1d" />
    <TestEntry testId="32de2e2b-a1b6-eb22-ade6-bee4ce60e212" executionId="a17ecf6b-ea33-4bf2-97c3-e27a4d437ffc" testListId="8c84fa94-04c1-424b-9868-57a2d4851a1d" />
    <TestEntry testId="1cc5788a-0742-e1df-8236-2dadfebbb8ba" executionId="9090158d-eb5a-4aa8-bbd9-e9163c76c06b" testListId="8c84fa94-04c1-424b-9868-57a2d4851a1d" />
    <TestEntry testId="a8088a4c-fb11-8488-280a-49105ec1c2fb" executionId="ec20ebbd-e053-4b06-a3d1-ca7494107db8" testListId="8c84fa94-04c1-424b-9868-57a2d4851a1d" />
    <TestEntry testId="85b3b6ed-94d3-2ff9-a2cb-8b0e3ee6b4db" executionId="4b82c888-8625-4fb6-aa6a-2d01117c3aa2" testListId="8c84fa94-04c1-424b-9868-57a2d4851a1d" />
    <TestEntry testId="cdd07177-6813-55e3-9970-7431a43631cc" executionId="42323553-98fa-45c8-922a-a8fe52cfb903" testListId="8c84fa94-04c1-424b-9868-57a2d4851a1d" />
    <TestEntry testId="ae94d76e-57d7-9ebf-e9f3-15d5b87775f5" executionId="2151ee42-c168-423f-a7c8-7eedfea359aa" testListId="8c84fa94-04c1-424b-9868-57a2d4851a1d" />
    <TestEntry testId="7c648003-73c0-0119-a724-1a61f1ad9e1e" executionId="aa3ab715-4aa3-41c2-b411-abd761b38764" testListId="8c84fa94-04c1-424b-9868-57a2d4851a1d" />
    <TestEntry testId="74383383-f939-07d1-39da-0d7a2c60cf16" executionId="b049106d-033a-4c8c-b8d6-ad3ece99e83d" testListId="8c84fa94-04c1-424b-9868-57a2d4851a1d" />
    <TestEntry testId="442c2e9e-e7c6-d499-78cc-a66e1f40e3f1" executionId="4475b0b0-118f-460f-8c9d-8041c413aca4" testListId="8c84fa94-04c1-424b-9868-57a2d4851a1d" />
    <TestEntry testId="80b0d0ec-e3c3-6fe7-6f6a-a1b59b45d544" executionId="738a3551-1a6a-430d-b5a0-fbbb6b254486" testListId="8c84fa94-04c1-424b-9868-57a2d4851a1d" />
    <TestEntry testId="dc7608db-b803-d9ad-2276-b67da9722d2b" executionId="3a64d90d-9574-445f-b10b-761b8c4e82ba" testListId="8c84fa94-04c1-424b-9868-57a2d4851a1d" />
    <TestEntry testId="2a6bea22-6cfa-b098-fbb1-89db86be6be6" executionId="fd28fd65-ae76-4419-ab4c-1e04a33cfda0" testListId="8c84fa94-04c1-424b-9868-57a2d4851a1d" />
    <TestEntry testId="90b500e4-4cec-b83e-782d-50b128475173" executionId="3fb746bd-9481-4480-94f3-cb1a5bb2468b" testListId="8c84fa94-04c1-424b-9868-57a2d4851a1d" />
    <TestEntry testId="cd566374-774f-a109-ee1f-71e7ac86cc59" executionId="244a9d70-32ee-4978-8da4-64a4b184ea9a" testListId="8c84fa94-04c1-424b-9868-57a2d4851a1d" />
    <TestEntry testId="e704cf59-a5be-860b-625c-da022a9f48bb" executionId="04998c6a-4b24-4ec1-89a5-1c1af6495549" testListId="8c84fa94-04c1-424b-9868-57a2d4851a1d" />
    <TestEntry testId="20263a67-98bf-c1c1-3ab6-3ec180636e5c" executionId="64fc21d3-3623-49ff-830e-dd28d2cdcd1f" testListId="8c84fa94-04c1-424b-9868-57a2d4851a1d" />
    <TestEntry testId="4bb901e6-8f3f-4842-06d2-05b25401fef0" executionId="9e8839b3-d9cf-4967-b7b4-9ef3ec8bba38" testListId="8c84fa94-04c1-424b-9868-57a2d4851a1d" />
    <TestEntry testId="21c9afa1-2904-5ab8-67d6-440b77a50fd5" executionId="76f6d834-e291-47ef-8e5f-1746d6451b9b" testListId="8c84fa94-04c1-424b-9868-57a2d4851a1d" />
  </TestEntries>
  <TestLists>
    <TestList name="Results Not in a List" id="8c84fa94-04c1-424b-9868-57a2d4851a1d" />
    <TestList name="All Loaded Results" id="19431567-8539-422a-85d7-44ee4e166bda" />
  </TestLists>
  <ResultSummary outcome="Completed">
    <Counters total="68" executed="68" passed="68" failed="0" error="0" timeout="0" aborted="0" inconclusive="0" passedButRunAborted="0" notRunnable="0" notExecuted="0" disconnected="0" warning="0" completed="0" inProgress="0" pending="0" />
    <Output>
      <StdOut>[xUnit.net 00:00:00.01] xUnit.net VSTest Adapter v2.5.3.1+6b60a9e56a (64-bit .NET 8.0.25)&#xD;
[xUnit.net 00:00:01.64]   Discovering: POS.Tests&#xD;
[xUnit.net 00:00:02.00]   Discovered:  POS.Tests&#xD;
[xUnit.net 00:00:02.02]   Starting:    POS.Tests&#xD;
warn: Microsoft.EntityFrameworkCore.Query[10103]&#xD;
      The query uses the 'First'/'FirstOrDefault' operator without 'OrderBy' and filter operators. This may lead to unpredictable results.&#xD;
warn: Microsoft.EntityFrameworkCore.Query[10103]&#xD;
      The query uses the 'First'/'FirstOrDefault' operator without 'OrderBy' and filter operators. This may lead to unpredictable results.&#xD;
warn: Microsoft.EntityFrameworkCore.Query[20504]&#xD;
      Compiling a query which loads related collections for more than one collection navigation, either via 'Include' or through projection, but no 'QuerySplittingBehavior' has been configured. By default, Entity Framework will use 'QuerySplittingBehavior.SingleQuery', which can potentially result in slow query performance. See https://go.microsoft.com/fwlink/?linkid=2134277 for more information. To identify the query that's triggering this warning call 'ConfigureWarnings(w =&gt; w.Throw(RelationalEventId.MultipleCollectionIncludeWarning))'.&#xD;
warn: Microsoft.EntityFrameworkCore.Query[20504]&#xD;
      Compiling a query which loads related collections for more than one collection navigation, either via 'Include' or through projection, but no 'QuerySplittingBehavior' has been configured. By default, Entity Framework will use 'QuerySplittingBehavior.SingleQuery', which can potentially result in slow query performance. See https://go.microsoft.com/fwlink/?linkid=2134277 for more information. To identify the query that's triggering this warning call 'ConfigureWarnings(w =&gt; w.Throw(RelationalEventId.MultipleCollectionIncludeWarning))'.&#xD;
[xUnit.net 00:00:57.16]   Finished:    POS.Tests&#xD;
</StdOut>
    </Output>
  </ResultSummary>
</TestRun>