<?xml version="1.0" encoding="utf-8"?>
<TestRun id="bab022e3-408e-4bf1-ab05-90b3cf1ea250" name="User@ASUS 2026-05-21 15:47:12" runUser="Asus\User" xmlns="http://microsoft.com/schemas/VisualStudio/TeamTest/2010">
  <Times creation="2026-05-21T15:47:12.6855978+03:00" queuing="2026-05-21T15:47:12.6855980+03:00" start="2026-05-21T15:47:10.8372042+03:00" finish="2026-05-21T15:47:50.3118804+03:00" />
  <TestSettings name="default" id="cfc57f20-3d5c-481e-b3bb-4f3d7700113d">
    <Deployment runDeploymentRoot="User_ASUS_2026-05-21_15_47_12" />
  </TestSettings>
  <Results>
    <UnitTestResult executionId="4c61c034-018d-42f0-a28c-72188d6ab4db" testId="ae94d76e-57d7-9ebf-e9f3-15d5b87775f5" testName="POS.Tests.SyncMetadataTests.New_sale_assigns_device_and_initial_sync_metadata" computerName="ASUS" duration="00:00:00.1783816" startTime="2026-05-21T15:47:22.8757935+03:00" endTime="2026-05-21T15:47:22.8757937+03:00" testType="13cdc9d9-ddb5-4fa4-a97d-d965ccfc6d4b" outcome="Passed" testListId="8c84fa94-04c1-424b-9868-57a2d4851a1d" relativeResultsDirectory="4c61c034-018d-42f0-a28c-72188d6ab4db" />
    <UnitTestResult executionId="46d7bb60-e31b-443e-bffe-130458783f01" testId="10ed7303-3338-cdca-e730-0aa588e51b2c" testName="POS.Tests.InvoiceSyncServiceTests.Pull_remote_audit_logs_applies_snapshot_and_persists_cursor" computerName="ASUS" duration="00:00:00.1155037" startTime="2026-05-21T15:47:26.3948764+03:00" endTime="2026-05-21T15:47:26.3948767+03:00" testType="13cdc9d9-ddb5-4fa4-a97d-d965ccfc6d4b" outcome="Passed" testListId="8c84fa94-04c1-424b-9868-57a2d4851a1d" relativeResultsDirectory="46d7bb60-e31b-443e-bffe-130458783f01" />
    <UnitTestResult executionId="8b9739ff-a21c-4ddf-8ae4-ed345073979c" testId="85b3b6ed-94d3-2ff9-a2cb-8b0e3ee6b4db" testName="POS.Tests.InvoiceSyncServiceTests.Push_updated_categories_resumes_from_persisted_numeric_sequence_cursor" computerName="ASUS" duration="00:00:00.2542926" startTime="2026-05-21T15:47:25.3656041+03:00" endTime="2026-05-21T15:47:25.3656044+03:00" testType="13cdc9d9-ddb5-4fa4-a97d-d965ccfc6d4b" outcome="Passed" testListId="8c84fa94-04c1-424b-9868-57a2d4851a1d" relativeResultsDirectory="8b9739ff-a21c-4ddf-8ae4-ed345073979c" />
    <UnitTestResult executionId="8a9bafaf-81ca-433c-af2b-04613757b6e8" testId="21c9afa1-2904-5ab8-67d6-440b77a50fd5" testName="POS.Tests.InvoiceSyncServiceTests.Push_updated_products_sends_snapshots_and_persists_cursor" computerName="ASUS" duration="00:00:00.2545659" startTime="2026-05-21T15:47:25.8334246+03:00" endTime="2026-05-21T15:47:25.8334275+03:00" testType="13cdc9d9-ddb5-4fa4-a97d-d965ccfc6d4b" outcome="Passed" testListId="8c84fa94-04c1-424b-9868-57a2d4851a1d" relativeResultsDirectory="8a9bafaf-81ca-433c-af2b-04613757b6e8" />
    <UnitTestResult executionId="4d206a73-62f9-4dde-83cf-a21f18ce29ad" testId="1c88e101-8a8e-7201-859a-b9066ef7f21c" testName="POS.Tests.InvoiceSyncServiceTests.Push_updated_devices_sends_snapshots_and_persists_cursor" computerName="ASUS" duration="00:00:00.4839876" startTime="2026-05-21T15:47:23.5297696+03:00" endTime="2026-05-21T15:47:23.5297701+03:00" testType="13cdc9d9-ddb5-4fa4-a97d-d965ccfc6d4b" outcome="Passed" testListId="8c84fa94-04c1-424b-9868-57a2d4851a1d" relativeResultsDirectory="4d206a73-62f9-4dde-83cf-a21f18ce29ad" />
    <UnitTestResult executionId="c4589f8a-963a-4d81-8924-e302a54bfd64" testId="3bab6a12-176a-4b40-df1c-1344d20e4493" testName="POS.Tests.ApiIntegrationTests.Sync_endpoint_applies_invoice_snapshot_and_reports_conflict_for_stale_version" computerName="ASUS" duration="00:00:01.9625730" startTime="2026-05-21T15:47:42.7208294+03:00" endTime="2026-05-21T15:47:42.7208298+03:00" testType="13cdc9d9-ddb5-4fa4-a97d-d965ccfc6d4b" outcome="Passed" testListId="8c84fa94-04c1-424b-9868-57a2d4851a1d" relativeResultsDirectory="c4589f8a-963a-4d81-8924-e302a54bfd64" />
    <UnitTestResult executionId="11bba2f0-17cf-450b-9d68-a897870309e3" testId="1f34e7a7-5750-e733-ef19-438e12e21a26" testName="POS.Tests.LineTotalTests.Line_total_handles_midpoint_decimal" computerName="ASUS" duration="00:00:00.0143339" startTime="2026-05-21T15:47:12.5025181+03:00" endTime="2026-05-21T15:47:12.5025184+03:00" testType="13cdc9d9-ddb5-4fa4-a97d-d965ccfc6d4b" outcome="Passed" testListId="8c84fa94-04c1-424b-9868-57a2d4851a1d" relativeResultsDirectory="11bba2f0-17cf-450b-9d68-a897870309e3" />
    <UnitTestResult executionId="f28dddb1-871c-496a-af1c-f872c569f42f" testId="60c7eb3e-afd1-29e6-3a0d-9062d3397450" testName="POS.Tests.InvoiceSyncServiceTests.Push_currency_policy_sends_snapshot_and_persists_cursor" computerName="ASUS" duration="00:00:00.1793182" startTime="2026-05-21T15:47:24.7065364+03:00" endTime="2026-05-21T15:47:24.7065372+03:00" testType="13cdc9d9-ddb5-4fa4-a97d-d965ccfc6d4b" outcome="Passed" testListId="8c84fa94-04c1-424b-9868-57a2d4851a1d" relativeResultsDirectory="f28dddb1-871c-496a-af1c-f872c569f42f" />
    <UnitTestResult executionId="8cb64bd0-d8d4-4924-8bb0-fc5f0a67bb64" testId="32de2e2b-a1b6-eb22-ade6-bee4ce60e212" testName="POS.Tests.WebIntegrationTests.Management_get_stock_ledger_filter_supports_today_preset" computerName="ASUS" duration="00:00:01.2037697" startTime="2026-05-21T15:47:30.7328433+03:00" endTime="2026-05-21T15:47:30.7328436+03:00" testType="13cdc9d9-ddb5-4fa4-a97d-d965ccfc6d4b" outcome="Passed" testListId="8c84fa94-04c1-424b-9868-57a2d4851a1d" relativeResultsDirectory="8cb64bd0-d8d4-4924-8bb0-fc5f0a67bb64" />
    <UnitTestResult executionId="94f660c6-0e43-4c9c-a53a-5fffece7b136" testId="80860392-46c6-8311-6952-cb692ad00414" testName="POS.Tests.SettingsServiceTests.Settings_round_trip_persists_and_loads" computerName="ASUS" duration="00:00:00.3282095" startTime="2026-05-21T15:47:22.2760803+03:00" endTime="2026-05-21T15:47:22.2760804+03:00" testType="13cdc9d9-ddb5-4fa4-a97d-d965ccfc6d4b" outcome="Passed" testListId="8c84fa94-04c1-424b-9868-57a2d4851a1d" relativeResultsDirectory="94f660c6-0e43-4c9c-a53a-5fffece7b136" />
    <UnitTestResult executionId="ae2e58fc-9960-4a38-b0a3-f1f5503b44c8" testId="74383383-f939-07d1-39da-0d7a2c60cf16" testName="POS.Tests.WebIntegrationTests.Login_flow_redirects_unauthenticated_dashboard_requests_and_then_renders_dashboard" computerName="ASUS" duration="00:00:01.0759281" startTime="2026-05-21T15:47:35.4110894+03:00" endTime="2026-05-21T15:47:35.4110896+03:00" testType="13cdc9d9-ddb5-4fa4-a97d-d965ccfc6d4b" outcome="Passed" testListId="8c84fa94-04c1-424b-9868-57a2d4851a1d" relativeResultsDirectory="ae2e58fc-9960-4a38-b0a3-f1f5503b44c8" />
    <UnitTestResult executionId="d5cf51f1-699a-4226-aa6a-32c23f57ff89" testId="aa81bcc1-5dd5-1acf-433e-f733cd728233" testName="POS.Tests.ApiIntegrationTests.Sync_settings_pull_endpoint_returns_server_setting_changes_after_cursor" computerName="ASUS" duration="00:00:01.2615059" startTime="2026-05-21T15:47:40.7576706+03:00" endTime="2026-05-21T15:47:40.7576708+03:00" testType="13cdc9d9-ddb5-4fa4-a97d-d965ccfc6d4b" outcome="Passed" testListId="8c84fa94-04c1-424b-9868-57a2d4851a1d" relativeResultsDirectory="d5cf51f1-699a-4226-aa6a-32c23f57ff89" />
    <UnitTestResult executionId="d5278d02-48d9-4b69-8466-ba2bdd4cdb3d" testId="0050df26-b947-58b4-c4b4-6f2f659a251a" testName="POS.Tests.ApiIntegrationTests.Sync_devices_push_endpoint_applies_snapshot_on_server" computerName="ASUS" duration="00:00:01.7122808" startTime="2026-05-21T15:47:26.2544906+03:00" endTime="2026-05-21T15:47:26.2544907+03:00" testType="13cdc9d9-ddb5-4fa4-a97d-d965ccfc6d4b" outcome="Passed" testListId="8c84fa94-04c1-424b-9868-57a2d4851a1d" relativeResultsDirectory="d5278d02-48d9-4b69-8466-ba2bdd4cdb3d" />
    <UnitTestResult executionId="0eae56ae-1088-428d-addb-5c4706a28c7f" testId="d4beec55-8bb4-e04e-5263-607e5d0be97e" testName="POS.Tests.ApiIntegrationTests.Sync_devices_pull_endpoint_returns_server_device_changes_after_cursor" computerName="ASUS" duration="00:00:01.4525342" startTime="2026-05-21T15:47:34.0833993+03:00" endTime="2026-05-21T15:47:34.0833994+03:00" testType="13cdc9d9-ddb5-4fa4-a97d-d965ccfc6d4b" outcome="Passed" testListId="8c84fa94-04c1-424b-9868-57a2d4851a1d" relativeResultsDirectory="0eae56ae-1088-428d-addb-5c4706a28c7f" />
    <UnitTestResult executionId="77036e11-589a-48a3-8a6a-b29924d66fed" testId="8caed3c1-0240-0112-54fb-7af6d16ea07c" testName="POS.Tests.InvoiceSyncServiceTests.Push_updated_users_sends_snapshots_and_persists_cursor" computerName="ASUS" duration="00:00:00.2298618" startTime="2026-05-21T15:47:24.5267697+03:00" endTime="2026-05-21T15:47:24.5267708+03:00" testType="13cdc9d9-ddb5-4fa4-a97d-d965ccfc6d4b" outcome="Passed" testListId="8c84fa94-04c1-424b-9868-57a2d4851a1d" relativeResultsDirectory="77036e11-589a-48a3-8a6a-b29924d66fed" />
    <UnitTestResult executionId="d1c85aa9-6fe2-4dcf-9198-df37a385d0b2" testId="a8088a4c-fb11-8488-280a-49105ec1c2fb" testName="POS.Tests.ApiIntegrationTests.Sync_category_pull_endpoint_returns_server_category_changes_after_cursor" computerName="ASUS" duration="00:00:01.3977173" startTime="2026-05-21T15:47:29.1106166+03:00" endTime="2026-05-21T15:47:29.1106169+03:00" testType="13cdc9d9-ddb5-4fa4-a97d-d965ccfc6d4b" outcome="Passed" testListId="8c84fa94-04c1-424b-9868-57a2d4851a1d" relativeResultsDirectory="d1c85aa9-6fe2-4dcf-9198-df37a385d0b2" />
    <UnitTestResult executionId="2e173d66-b8c7-4f14-bb1d-ee789fe4d4b9" testId="ea2af427-0516-36c8-4eaa-4b6dc2b9212a" testName="POS.Tests.WebIntegrationTests.Management_postbacks_create_rename_and_delete_category_around_product_usage" computerName="ASUS" duration="00:00:01.5188885" startTime="2026-05-21T15:47:34.3353225+03:00" endTime="2026-05-21T15:47:34.3353229+03:00" testType="13cdc9d9-ddb5-4fa4-a97d-d965ccfc6d4b" outcome="Passed" testListId="8c84fa94-04c1-424b-9868-57a2d4851a1d" relativeResultsDirectory="2e173d66-b8c7-4f14-bb1d-ee789fe4d4b9" />
    <UnitTestResult executionId="5fc384c2-1efe-4045-8c8a-969c8977eb60" testId="1591ecf0-66d5-413a-ed23-c8a2ebf63ec4" testName="POS.Tests.ApiIntegrationTests.Login_and_catalog_endpoints_return_seeded_data" computerName="ASUS" duration="00:00:00.6177756" startTime="2026-05-21T15:47:50.0446163+03:00" endTime="2026-05-21T15:47:50.0446166+03:00" testType="13cdc9d9-ddb5-4fa4-a97d-d965ccfc6d4b" outcome="Passed" testListId="8c84fa94-04c1-424b-9868-57a2d4851a1d" relativeResultsDirectory="5fc384c2-1efe-4045-8c8a-969c8977eb60" />
    <UnitTestResult executionId="e4c9a059-69f8-4d87-98b6-4321a2951c7c" testId="7416d6d4-e56d-4258-3f01-88f6f1561081" testName="POS.Tests.ApiIntegrationTests.Sync_product_push_endpoint_applies_snapshot_on_server" computerName="ASUS" duration="00:00:00.6539300" startTime="2026-05-21T15:47:49.4266863+03:00" endTime="2026-05-21T15:47:49.4266865+03:00" testType="13cdc9d9-ddb5-4fa4-a97d-d965ccfc6d4b" outcome="Passed" testListId="8c84fa94-04c1-424b-9868-57a2d4851a1d" relativeResultsDirectory="e4c9a059-69f8-4d87-98b6-4321a2951c7c" />
    <UnitTestResult executionId="01cad702-1fc5-4ce6-8607-1434711b4252" testId="36d33af1-d87f-eccc-6359-c6311f13b9c0" testName="POS.Tests.StoreTests.Store_can_set_Name" computerName="ASUS" duration="00:00:00.0105899" startTime="2026-05-21T15:47:12.4962324+03:00" endTime="2026-05-21T15:47:12.4962819+03:00" testType="13cdc9d9-ddb5-4fa4-a97d-d965ccfc6d4b" outcome="Passed" testListId="8c84fa94-04c1-424b-9868-57a2d4851a1d" relativeResultsDirectory="01cad702-1fc5-4ce6-8607-1434711b4252" />
    <UnitTestResult executionId="2f81967b-5c0d-475d-95df-228103573dc0" testId="7332bb65-ad3a-168f-042e-1329d1c21107" testName="POS.Tests.InvoiceSyncServiceTests.Push_updated_categories_sends_snapshots_and_persists_cursor" computerName="ASUS" duration="00:00:00.0884295" startTime="2026-05-21T15:47:26.1306317+03:00" endTime="2026-05-21T15:47:26.1306322+03:00" testType="13cdc9d9-ddb5-4fa4-a97d-d965ccfc6d4b" outcome="Passed" testListId="8c84fa94-04c1-424b-9868-57a2d4851a1d" relativeResultsDirectory="2f81967b-5c0d-475d-95df-228103573dc0" />
    <UnitTestResult executionId="8abcb061-6e43-4cb2-a493-760204f352d2" testId="426fc058-a14c-0d44-caba-3b3cceddcea2" testName="POS.Tests.WebIntegrationTests.Management_postbacks_create_user_and_persist_operational_settings" computerName="ASUS" duration="00:00:01.0636910" startTime="2026-05-21T15:47:31.7969469+03:00" endTime="2026-05-21T15:47:31.7969472+03:00" testType="13cdc9d9-ddb5-4fa4-a97d-d965ccfc6d4b" outcome="Passed" testListId="8c84fa94-04c1-424b-9868-57a2d4851a1d" relativeResultsDirectory="8abcb061-6e43-4cb2-a493-760204f352d2" />
    <UnitTestResult executionId="c1781d2f-4d1c-449a-bde0-948faa1cd666" testId="1cc5788a-0742-e1df-8236-2dadfebbb8ba" testName="POS.Tests.StoreTests.Store_defaults_Id_is_empty_guid" computerName="ASUS" duration="00:00:00.0032364" startTime="2026-05-21T15:47:12.5890013+03:00" endTime="2026-05-21T15:47:12.5890014+03:00" testType="13cdc9d9-ddb5-4fa4-a97d-d965ccfc6d4b" outcome="Passed" testListId="8c84fa94-04c1-424b-9868-57a2d4851a1d" relativeResultsDirectory="c1781d2f-4d1c-449a-bde0-948faa1cd666" />
    <UnitTestResult executionId="c0c05386-1750-4e33-ac1c-0ece6697e604" testId="dc7608db-b803-d9ad-2276-b67da9722d2b" testName="POS.Tests.InvoiceSyncServiceTests.Pull_remote_devices_applies_snapshot_and_persists_cursor" computerName="ASUS" duration="00:00:00.3666271" startTime="2026-05-21T15:47:22.2970591+03:00" endTime="2026-05-21T15:47:22.2970593+03:00" testType="13cdc9d9-ddb5-4fa4-a97d-d965ccfc6d4b" outcome="Passed" testListId="8c84fa94-04c1-424b-9868-57a2d4851a1d" relativeResultsDirectory="c0c05386-1750-4e33-ac1c-0ece6697e604" />
    <UnitTestResult executionId="aef82da1-f1e5-40d5-81e2-a49ea9c08888" testId="7542509e-5afb-609e-e0ed-c9580a7d671b" testName="POS.Tests.SyncMetadataTests.Invoice_mutations_increment_sync_version" computerName="ASUS" duration="00:00:01.1181646" startTime="2026-05-21T15:47:22.5331485+03:00" endTime="2026-05-21T15:47:22.5331495+03:00" testType="13cdc9d9-ddb5-4fa4-a97d-d965ccfc6d4b" outcome="Passed" testListId="8c84fa94-04c1-424b-9868-57a2d4851a1d" relativeResultsDirectory="aef82da1-f1e5-40d5-81e2-a49ea9c08888" />
    <UnitTestResult executionId="51b792c7-575b-42db-ac88-e5b309fe243d" testId="e4221f37-9e5f-6627-e042-951eeaffa750" testName="POS.Tests.ApiIntegrationTests.Sync_product_pull_endpoint_returns_server_product_changes_after_cursor" computerName="ASUS" duration="00:00:12.0272827" startTime="2026-05-21T15:47:24.5323130+03:00" endTime="2026-05-21T15:47:24.5323132+03:00" testType="13cdc9d9-ddb5-4fa4-a97d-d965ccfc6d4b" outcome="Passed" testListId="8c84fa94-04c1-424b-9868-57a2d4851a1d" relativeResultsDirectory="51b792c7-575b-42db-ac88-e5b309fe243d" />
    <UnitTestResult executionId="9f716f06-d299-441d-b33d-dfa0d013d419" testId="652c050b-d14c-c4b8-7605-fbfc86c2e75e" testName="POS.Tests.AuditLogTests.Product_update_writes_product_and_manual_stock_audits" computerName="ASUS" duration="00:00:09.5679355" startTime="2026-05-21T15:47:22.0468740+03:00" endTime="2026-05-21T15:47:22.0468745+03:00" testType="13cdc9d9-ddb5-4fa4-a97d-d965ccfc6d4b" outcome="Passed" testListId="8c84fa94-04c1-424b-9868-57a2d4851a1d" relativeResultsDirectory="9f716f06-d299-441d-b33d-dfa0d013d419" />
    <UnitTestResult executionId="5f0750a5-3bcc-40da-9378-9d917a31cbaf" testId="340de893-fb2a-1668-befc-9e5785d88e96" testName="POS.Tests.InvoiceSyncServiceTests.Push_updated_settings_sends_snapshots_and_persists_cursor" computerName="ASUS" duration="00:00:00.4993924" startTime="2026-05-21T15:47:23.0451439+03:00" endTime="2026-05-21T15:47:23.0451442+03:00" testType="13cdc9d9-ddb5-4fa4-a97d-d965ccfc6d4b" outcome="Passed" testListId="8c84fa94-04c1-424b-9868-57a2d4851a1d" relativeResultsDirectory="5f0750a5-3bcc-40da-9378-9d917a31cbaf" />
    <UnitTestResult executionId="29e72f1d-5550-47e0-a692-159fbe625c46" testId="4ab80519-a504-dfd8-520e-6faf8362710e" testName="POS.Tests.InvoiceSyncServiceTests.Pull_remote_users_applies_snapshot_creates_role_and_persists_cursor" computerName="ASUS" duration="00:00:00.1483706" startTime="2026-05-21T15:47:26.2791769+03:00" endTime="2026-05-21T15:47:26.2791771+03:00" testType="13cdc9d9-ddb5-4fa4-a97d-d965ccfc6d4b" outcome="Passed" testListId="8c84fa94-04c1-424b-9868-57a2d4851a1d" relativeResultsDirectory="29e72f1d-5550-47e0-a692-159fbe625c46" />
    <UnitTestResult executionId="bba2fb93-0ecc-44c3-ba3d-6db85da37a57" testId="a0e26765-302c-ee09-992f-a7ef7407a4f8" testName="POS.Tests.AuditLogTests.Currency_policy_update_writes_audit_row" computerName="ASUS" duration="00:00:00.4832746" startTime="2026-05-21T15:47:23.5454939+03:00" endTime="2026-05-21T15:47:23.5454943+03:00" testType="13cdc9d9-ddb5-4fa4-a97d-d965ccfc6d4b" outcome="Passed" testListId="8c84fa94-04c1-424b-9868-57a2d4851a1d" relativeResultsDirectory="bba2fb93-0ecc-44c3-ba3d-6db85da37a57" />
    <UnitTestResult executionId="bad063b8-fbea-48d4-a02a-a03b9ad71b9f" testId="90b500e4-4cec-b83e-782d-50b128475173" testName="POS.Tests.InvoiceSyncServiceTests.Pull_remote_products_applies_snapshot_updates_inventory_and_persists_cursor" computerName="ASUS" duration="00:00:09.4285474" startTime="2026-05-21T15:47:21.9302748+03:00" endTime="2026-05-21T15:47:21.9302750+03:00" testType="13cdc9d9-ddb5-4fa4-a97d-d965ccfc6d4b" outcome="Passed" testListId="8c84fa94-04c1-424b-9868-57a2d4851a1d" relativeResultsDirectory="bad063b8-fbea-48d4-a02a-a03b9ad71b9f" />
    <UnitTestResult executionId="444cbda2-fe18-479c-b58f-0aee67c672a1" testId="ed0f8c76-67bb-5864-f350-751c29b914c9" testName="POS.Tests.ApiIntegrationTests.Sync_audit_logs_pull_endpoint_returns_server_audit_changes_after_cursor" computerName="ASUS" duration="00:00:03.8674035" startTime="2026-05-21T15:47:46.5885412+03:00" endTime="2026-05-21T15:47:46.5885420+03:00" testType="13cdc9d9-ddb5-4fa4-a97d-d965ccfc6d4b" outcome="Passed" testListId="8c84fa94-04c1-424b-9868-57a2d4851a1d" relativeResultsDirectory="444cbda2-fe18-479c-b58f-0aee67c672a1" />
    <UnitTestResult executionId="8ee3b4b2-b090-432a-baa0-49626d9a9274" testId="b821df00-112c-df99-f89b-86fee22c4368" testName="POS.Tests.SettingsServiceTests.Search_products_uses_configured_low_stock_threshold" computerName="ASUS" duration="00:00:09.4686676" startTime="2026-05-21T15:47:21.9475635+03:00" endTime="2026-05-21T15:47:21.9475638+03:00" testType="13cdc9d9-ddb5-4fa4-a97d-d965ccfc6d4b" outcome="Passed" testListId="8c84fa94-04c1-424b-9868-57a2d4851a1d" relativeResultsDirectory="8ee3b4b2-b090-432a-baa0-49626d9a9274" />
    <UnitTestResult executionId="a2d763bb-0cb8-481c-94c0-4c2dc4a6cbab" testId="d064dc2b-054b-1541-0d66-ef3d8f6dfe1d" testName="POS.Tests.WebIntegrationTests.Management_get_stock_ledger_filter_limits_rows_to_selected_product" computerName="ASUS" duration="00:00:01.0379702" startTime="2026-05-21T15:47:29.5287793+03:00" endTime="2026-05-21T15:47:29.5287797+03:00" testType="13cdc9d9-ddb5-4fa4-a97d-d965ccfc6d4b" outcome="Passed" testListId="8c84fa94-04c1-424b-9868-57a2d4851a1d" relativeResultsDirectory="a2d763bb-0cb8-481c-94c0-4c2dc4a6cbab" />
    <UnitTestResult executionId="17b0f48f-cf25-4ed0-a1e4-3e528a45894e" testId="d2a709b9-b92d-ae03-6f86-4196e0eef0f2" testName="POS.Tests.ApiIntegrationTests.Sync_audit_logs_push_endpoint_applies_snapshot_on_server" computerName="ASUS" duration="00:00:01.1477104" startTime="2026-05-21T15:47:35.2313656+03:00" endTime="2026-05-21T15:47:35.2313662+03:00" testType="13cdc9d9-ddb5-4fa4-a97d-d965ccfc6d4b" outcome="Passed" testListId="8c84fa94-04c1-424b-9868-57a2d4851a1d" relativeResultsDirectory="17b0f48f-cf25-4ed0-a1e4-3e528a45894e" />
    <UnitTestResult executionId="4ac253e7-8f96-4496-8449-2f96a0c688c3" testId="6a510e97-aa63-7844-dc18-473fe572af25" testName="POS.Tests.InvoiceSyncServiceTests.Pull_remote_devices_skips_older_same_name_snapshot_without_changing_local_device_identity" computerName="ASUS" duration="00:00:00.4032780" startTime="2026-05-21T15:47:25.1110160+03:00" endTime="2026-05-21T15:47:25.1110162+03:00" testType="13cdc9d9-ddb5-4fa4-a97d-d965ccfc6d4b" outcome="Passed" testListId="8c84fa94-04c1-424b-9868-57a2d4851a1d" relativeResultsDirectory="4ac253e7-8f96-4496-8449-2f96a0c688c3" />
    <UnitTestResult executionId="afeb7ff6-1d6b-469c-9082-351deea3528b" testId="30b5d756-adfc-f568-265b-5e3e4ff673c3" testName="POS.Tests.ApiIntegrationTests.Sync_settings_push_endpoint_applies_snapshot_on_server" computerName="ASUS" duration="00:00:01.0334783" startTime="2026-05-21T15:47:37.2751047+03:00" endTime="2026-05-21T15:47:37.2751049+03:00" testType="13cdc9d9-ddb5-4fa4-a97d-d965ccfc6d4b" outcome="Passed" testListId="8c84fa94-04c1-424b-9868-57a2d4851a1d" relativeResultsDirectory="afeb7ff6-1d6b-469c-9082-351deea3528b" />
    <UnitTestResult executionId="1c2eb546-e0ba-40cd-8f60-c5da044b851c" testId="7c648003-73c0-0119-a724-1a61f1ad9e1e" testName="POS.Tests.ApiIntegrationTests.Sync_currency_policy_push_endpoint_applies_newer_policy_on_server" computerName="ASUS" duration="00:00:01.0619909" startTime="2026-05-21T15:47:31.3937806+03:00" endTime="2026-05-21T15:47:31.3937807+03:00" testType="13cdc9d9-ddb5-4fa4-a97d-d965ccfc6d4b" outcome="Passed" testListId="8c84fa94-04c1-424b-9868-57a2d4851a1d" relativeResultsDirectory="1c2eb546-e0ba-40cd-8f60-c5da044b851c" />
    <UnitTestResult executionId="7dd481c1-eaaf-48af-8bab-e252dd3973b3" testId="496f23fb-f239-d8dc-3698-518f2f5ba751" testName="POS.Tests.ApiIntegrationTests.Sync_pull_endpoint_returns_server_invoice_changes_after_cursor" computerName="ASUS" duration="00:00:01.0366140" startTime="2026-05-21T15:47:38.3119769+03:00" endTime="2026-05-21T15:47:38.3119772+03:00" testType="13cdc9d9-ddb5-4fa4-a97d-d965ccfc6d4b" outcome="Passed" testListId="8c84fa94-04c1-424b-9868-57a2d4851a1d" relativeResultsDirectory="7dd481c1-eaaf-48af-8bab-e252dd3973b3" />
    <UnitTestResult executionId="d599bbca-6b33-47f7-8d97-2036593c8bb6" testId="3e8bc961-418f-22cc-1c15-b7441605b0a9" testName="POS.Tests.WebIntegrationTests.Management_get_stock_ledger_filter_supports_yesterday_preset" computerName="ASUS" duration="00:00:01.5099291" startTime="2026-05-21T15:47:28.4905908+03:00" endTime="2026-05-21T15:47:28.4905911+03:00" testType="13cdc9d9-ddb5-4fa4-a97d-d965ccfc6d4b" outcome="Passed" testListId="8c84fa94-04c1-424b-9868-57a2d4851a1d" relativeResultsDirectory="d599bbca-6b33-47f7-8d97-2036593c8bb6" />
    <UnitTestResult executionId="2033389d-a9f0-47a3-b98d-038733211d7a" testId="e7cd6e02-6031-1f3f-466f-32a7997cdadc" testName="POS.Tests.CurrencyConversionTests.ToBase_converts_using_rate_ratio" computerName="ASUS" duration="00:00:00.0003000" startTime="2026-05-21T15:47:12.5885444+03:00" endTime="2026-05-21T15:47:12.5885445+03:00" testType="13cdc9d9-ddb5-4fa4-a97d-d965ccfc6d4b" outcome="Passed" testListId="8c84fa94-04c1-424b-9868-57a2d4851a1d" relativeResultsDirectory="2033389d-a9f0-47a3-b98d-038733211d7a" />
    <UnitTestResult executionId="cf12c883-7920-42cc-8782-9050afbdd436" testId="ec7760c9-15a5-c8b8-97f2-fc5ea30b2d39" testName="POS.Tests.WebIntegrationTests.Management_get_stock_ledger_filter_limits_rows_to_selected_date_range" computerName="ASUS" duration="00:00:01.0184673" startTime="2026-05-21T15:47:32.8156124+03:00" endTime="2026-05-21T15:47:32.8156125+03:00" testType="13cdc9d9-ddb5-4fa4-a97d-d965ccfc6d4b" outcome="Passed" testListId="8c84fa94-04c1-424b-9868-57a2d4851a1d" relativeResultsDirectory="cf12c883-7920-42cc-8782-9050afbdd436" />
    <UnitTestResult executionId="a5fcfc08-08a2-4773-9904-31b1255ab6d1" testId="28dca536-678a-e9d0-d276-1bcabfb4e70a" testName="POS.Tests.SyncMetadataTests.Sync_cursor_setting_save_does_not_emit_sync_change_row" computerName="ASUS" duration="00:00:00.1542128" startTime="2026-05-21T15:47:22.6970354+03:00" endTime="2026-05-21T15:47:22.6970359+03:00" testType="13cdc9d9-ddb5-4fa4-a97d-d965ccfc6d4b" outcome="Passed" testListId="8c84fa94-04c1-424b-9868-57a2d4851a1d" relativeResultsDirectory="a5fcfc08-08a2-4773-9904-31b1255ab6d1" />
    <UnitTestResult executionId="adf04b56-d47d-4332-a8e9-5ccade7bc29f" testId="862c06d0-8947-7d42-dfe2-8aec5cbe17a7" testName="POS.Tests.InvoiceSyncServiceTests.Push_updated_audit_logs_sends_snapshots_and_persists_cursor" computerName="ASUS" duration="00:00:00.2122109" startTime="2026-05-21T15:47:25.5780241+03:00" endTime="2026-05-21T15:47:25.5780249+03:00" testType="13cdc9d9-ddb5-4fa4-a97d-d965ccfc6d4b" outcome="Passed" testListId="8c84fa94-04c1-424b-9868-57a2d4851a1d" relativeResultsDirectory="adf04b56-d47d-4332-a8e9-5ccade7bc29f" />
    <UnitTestResult executionId="e0fd55a5-7196-48c2-ab5b-4f5908bf3a21" testId="1824493b-4f50-d468-2075-7a9fde81ce28" testName="POS.Tests.WebIntegrationTests.Management_postbacks_create_update_and_delete_product_with_stock_movements" computerName="ASUS" duration="00:00:13.0205110" startTime="2026-05-21T15:47:25.5001097+03:00" endTime="2026-05-21T15:47:25.5001125+03:00" testType="13cdc9d9-ddb5-4fa4-a97d-d965ccfc6d4b" outcome="Passed" testListId="8c84fa94-04c1-424b-9868-57a2d4851a1d" relativeResultsDirectory="e0fd55a5-7196-48c2-ab5b-4f5908bf3a21" />
    <UnitTestResult executionId="6364eda0-089f-488e-81a7-8a7aeefc2425" testId="a3ff68e3-f599-f05f-4bc8-b0a94354099f" testName="POS.Tests.CurrencyConversionTests.ToBase_same_rate_is_identity" computerName="ASUS" duration="00:00:00.0002177" startTime="2026-05-21T15:47:12.5888409+03:00" endTime="2026-05-21T15:47:12.5888410+03:00" testType="13cdc9d9-ddb5-4fa4-a97d-d965ccfc6d4b" outcome="Passed" testListId="8c84fa94-04c1-424b-9868-57a2d4851a1d" relativeResultsDirectory="6364eda0-089f-488e-81a7-8a7aeefc2425" />
    <UnitTestResult executionId="d540c1c4-c7a1-49cf-a18f-d1249349d6c7" testId="c066c2df-147c-a15a-a61f-ea4ea453263b" testName="POS.Tests.ApiIntegrationTests.Cash_sale_flow_returns_updated_snapshots_and_receipt" computerName="ASUS" duration="00:00:00.7870119" startTime="2026-05-21T15:47:48.0286539+03:00" endTime="2026-05-21T15:47:48.0286542+03:00" testType="13cdc9d9-ddb5-4fa4-a97d-d965ccfc6d4b" outcome="Passed" testListId="8c84fa94-04c1-424b-9868-57a2d4851a1d" relativeResultsDirectory="d540c1c4-c7a1-49cf-a18f-d1249349d6c7" />
    <UnitTestResult executionId="ae1fc553-1364-4b9a-89e7-0ec09a8f207b" testId="92deb2b5-8a60-64f9-32a1-d5189eb1991a" testName="POS.Tests.InvoiceSyncServiceTests.Push_unsynced_invoices_marks_local_invoice_synced_when_server_accepts" computerName="ASUS" duration="00:00:00.2083338" startTime="2026-05-21T15:47:26.0419576+03:00" endTime="2026-05-21T15:47:26.0419579+03:00" testType="13cdc9d9-ddb5-4fa4-a97d-d965ccfc6d4b" outcome="Passed" testListId="8c84fa94-04c1-424b-9868-57a2d4851a1d" relativeResultsDirectory="ae1fc553-1364-4b9a-89e7-0ec09a8f207b" />
    <UnitTestResult executionId="54641726-dfc4-4a83-b6a5-d3e01b51d1a4" testId="daadd110-ba0d-c21e-bd3c-a936ce19c5d5" testName="POS.Tests.ApiIntegrationTests.Lifecycle_endpoints_transition_invoice_status_and_allow_refund_after_payment" computerName="ASUS" duration="00:00:01.2364337" startTime="2026-05-21T15:47:32.6305342+03:00" endTime="2026-05-21T15:47:32.6305345+03:00" testType="13cdc9d9-ddb5-4fa4-a97d-d965ccfc6d4b" outcome="Passed" testListId="8c84fa94-04c1-424b-9868-57a2d4851a1d" relativeResultsDirectory="54641726-dfc4-4a83-b6a5-d3e01b51d1a4" />
    <UnitTestResult executionId="2e3de09a-05a3-4380-8c0d-3620780a4f4a" testId="cdd07177-6813-55e3-9970-7431a43631cc" testName="POS.Tests.ApiIntegrationTests.Sync_category_push_endpoint_applies_snapshot_on_server" computerName="ASUS" duration="00:00:01.2207078" startTime="2026-05-21T15:47:30.3315250+03:00" endTime="2026-05-21T15:47:30.3315252+03:00" testType="13cdc9d9-ddb5-4fa4-a97d-d965ccfc6d4b" outcome="Passed" testListId="8c84fa94-04c1-424b-9868-57a2d4851a1d" relativeResultsDirectory="2e3de09a-05a3-4380-8c0d-3620780a4f4a" />
    <UnitTestResult executionId="672ff723-23bd-4343-805f-bc4ffbaa0ad0" testId="d8188e0c-4832-e29a-22ae-965c7b053d74" testName="POS.Tests.ApiIntegrationTests.Sync_endpoint_reconciles_inventory_when_paid_invoice_is_later_refunded" computerName="ASUS" duration="00:00:01.4578227" startTime="2026-05-21T15:47:27.7126537+03:00" endTime="2026-05-21T15:47:27.7126543+03:00" testType="13cdc9d9-ddb5-4fa4-a97d-d965ccfc6d4b" outcome="Passed" testListId="8c84fa94-04c1-424b-9868-57a2d4851a1d" relativeResultsDirectory="672ff723-23bd-4343-805f-bc4ffbaa0ad0" />
    <UnitTestResult executionId="0acc365e-9e30-462c-b87b-d90f660c9f1b" testId="7bf4d9e4-505b-c4e2-ab4a-19827318a1d0" testName="POS.Tests.ApiIntegrationTests.Sync_devices_push_endpoint_skips_older_same_name_snapshot_without_changing_server_device_identity" computerName="ASUS" duration="00:00:00.6526979" startTime="2026-05-21T15:47:47.2414564+03:00" endTime="2026-05-21T15:47:47.2414567+03:00" testType="13cdc9d9-ddb5-4fa4-a97d-d965ccfc6d4b" outcome="Passed" testListId="8c84fa94-04c1-424b-9868-57a2d4851a1d" relativeResultsDirectory="0acc365e-9e30-462c-b87b-d90f660c9f1b" />
    <UnitTestResult executionId="86ddba79-0613-462f-a84e-18dd8d06417e" testId="cd566374-774f-a109-ee1f-71e7ac86cc59" testName="POS.Tests.SyncMetadataTests.Tracked_user_save_emits_store_scoped_sync_change_row" computerName="ASUS" duration="00:00:00.2154638" startTime="2026-05-21T15:47:23.0919953+03:00" endTime="2026-05-21T15:47:23.0919961+03:00" testType="13cdc9d9-ddb5-4fa4-a97d-d965ccfc6d4b" outcome="Passed" testListId="8c84fa94-04c1-424b-9868-57a2d4851a1d" relativeResultsDirectory="86ddba79-0613-462f-a84e-18dd8d06417e" />
    <UnitTestResult executionId="c9747566-5993-4f9a-8a57-8c56769547e4" testId="66fec903-e166-1f65-c876-d94dc6a1ac48" testName="POS.Tests.WebIntegrationTests.Management_get_stock_ledger_filter_limits_rows_to_selected_product_and_movement_type" computerName="ASUS" duration="00:00:01.4794452" startTime="2026-05-21T15:47:26.9804342+03:00" endTime="2026-05-21T15:47:26.9804344+03:00" testType="13cdc9d9-ddb5-4fa4-a97d-d965ccfc6d4b" outcome="Passed" testListId="8c84fa94-04c1-424b-9868-57a2d4851a1d" relativeResultsDirectory="c9747566-5993-4f9a-8a57-8c56769547e4" />
    <UnitTestResult executionId="28d26c5f-b0e2-488b-b46c-9342e06660e8" testId="2a6bea22-6cfa-b098-fbb1-89db86be6be6" testName="POS.Tests.InvoiceSyncServiceTests.Pull_remote_settings_applies_snapshot_and_persists_cursor" computerName="ASUS" duration="00:00:00.2476295" startTime="2026-05-21T15:47:22.5450366+03:00" endTime="2026-05-21T15:47:22.5450368+03:00" testType="13cdc9d9-ddb5-4fa4-a97d-d965ccfc6d4b" outcome="Passed" testListId="8c84fa94-04c1-424b-9868-57a2d4851a1d" relativeResultsDirectory="28d26c5f-b0e2-488b-b46c-9342e06660e8" />
    <UnitTestResult executionId="626bb851-d966-4dcf-a5fe-9ca9b65dd082" testId="bbf1eece-04dc-2fd0-b4f6-d049225ca1d9" testName="POS.Tests.ApiIntegrationTests.Sync_currency_policy_pull_endpoint_returns_newer_server_policy" computerName="ASUS" duration="00:00:01.0097330" startTime="2026-05-21T15:47:36.2413466+03:00" endTime="2026-05-21T15:47:36.2413469+03:00" testType="13cdc9d9-ddb5-4fa4-a97d-d965ccfc6d4b" outcome="Passed" testListId="8c84fa94-04c1-424b-9868-57a2d4851a1d" relativeResultsDirectory="626bb851-d966-4dcf-a5fe-9ca9b65dd082" />
    <UnitTestResult executionId="0b9e75a5-ad07-47c8-817b-eeddf546bda9" testId="80b0d0ec-e3c3-6fe7-6f6a-a1b59b45d544" testName="POS.Tests.SyncMetadataTests.Tracked_category_save_emits_sync_change_row" computerName="ASUS" duration="00:00:08.9342839" startTime="2026-05-21T15:47:21.4134072+03:00" endTime="2026-05-21T15:47:21.4134074+03:00" testType="13cdc9d9-ddb5-4fa4-a97d-d965ccfc6d4b" outcome="Passed" testListId="8c84fa94-04c1-424b-9868-57a2d4851a1d" relativeResultsDirectory="0b9e75a5-ad07-47c8-817b-eeddf546bda9" />
    <UnitTestResult executionId="f261feff-f8cc-4c53-a007-c6a86d80ad3e" testId="20263a67-98bf-c1c1-3ab6-3ec180636e5c" testName="POS.Tests.AuditLogTests.Refund_writes_invoice_refunded_audit_row" computerName="ASUS" duration="00:00:01.0145498" startTime="2026-05-21T15:47:23.0619321+03:00" endTime="2026-05-21T15:47:23.0619324+03:00" testType="13cdc9d9-ddb5-4fa4-a97d-d965ccfc6d4b" outcome="Passed" testListId="8c84fa94-04c1-424b-9868-57a2d4851a1d" relativeResultsDirectory="f261feff-f8cc-4c53-a007-c6a86d80ad3e" />
    <UnitTestResult executionId="5f1bf360-1944-4de2-9752-e24f589367b7" testId="8d315db6-2a0e-4c64-fe64-6d9dab174c37" testName="POS.Tests.LineTotalTests.Line_total_rounds_away_from_zero" computerName="ASUS" duration="00:00:00.0002194" startTime="2026-05-21T15:47:12.5877233+03:00" endTime="2026-05-21T15:47:12.5877234+03:00" testType="13cdc9d9-ddb5-4fa4-a97d-d965ccfc6d4b" outcome="Passed" testListId="8c84fa94-04c1-424b-9868-57a2d4851a1d" relativeResultsDirectory="5f1bf360-1944-4de2-9752-e24f589367b7" />
    <UnitTestResult executionId="3ce9b30d-671d-4f6e-909a-b27a4e9d6b0c" testId="6c59921a-70d3-7570-64ad-d2dff5146048" testName="POS.Tests.CurrencyConversionTests.ToBase_zero_base_rate_throws" computerName="ASUS" duration="00:00:00.0101684" startTime="2026-05-21T15:47:12.5016126+03:00" endTime="2026-05-21T15:47:12.5016127+03:00" testType="13cdc9d9-ddb5-4fa4-a97d-d965ccfc6d4b" outcome="Passed" testListId="8c84fa94-04c1-424b-9868-57a2d4851a1d" relativeResultsDirectory="3ce9b30d-671d-4f6e-909a-b27a4e9d6b0c" />
    <UnitTestResult executionId="35bb32df-3998-4e9c-8b66-54d7933d6d43" testId="986bd36d-0e1d-f0d2-3e67-0ef978eb3cdb" testName="POS.Tests.SaleServiceSettingsTests.Negative_stock_policy_blocks_when_disabled" computerName="ASUS" duration="00:00:09.8657537" startTime="2026-05-21T15:47:22.3447138+03:00" endTime="2026-05-21T15:47:22.3447143+03:00" testType="13cdc9d9-ddb5-4fa4-a97d-d965ccfc6d4b" outcome="Passed" testListId="8c84fa94-04c1-424b-9868-57a2d4851a1d" relativeResultsDirectory="35bb32df-3998-4e9c-8b66-54d7933d6d43" />
    <UnitTestResult executionId="b3f4f008-f499-4950-935f-77f20c661d64" testId="406ac49f-a9db-abd8-6605-474ab1766f43" testName="POS.Tests.ApiIntegrationTests.Sync_users_push_endpoint_applies_snapshot_on_server_and_creates_missing_role" computerName="ASUS" duration="00:00:01.1837750" startTime="2026-05-21T15:47:39.4959067+03:00" endTime="2026-05-21T15:47:39.4959071+03:00" testType="13cdc9d9-ddb5-4fa4-a97d-d965ccfc6d4b" outcome="Passed" testListId="8c84fa94-04c1-424b-9868-57a2d4851a1d" relativeResultsDirectory="b3f4f008-f499-4950-935f-77f20c661d64" />
    <UnitTestResult executionId="c36faa43-c604-4d87-973b-f71c157010e3" testId="442c2e9e-e7c6-d499-78cc-a66e1f40e3f1" testName="POS.Tests.ApiIntegrationTests.Sync_users_pull_endpoint_returns_server_user_changes_after_cursor" computerName="ASUS" duration="00:00:00.7435010" startTime="2026-05-21T15:47:48.7724771+03:00" endTime="2026-05-21T15:47:48.7724779+03:00" testType="13cdc9d9-ddb5-4fa4-a97d-d965ccfc6d4b" outcome="Passed" testListId="8c84fa94-04c1-424b-9868-57a2d4851a1d" relativeResultsDirectory="c36faa43-c604-4d87-973b-f71c157010e3" />
    <UnitTestResult executionId="8d378016-806c-41e2-801c-133c441916f4" testId="89177fa3-a6d3-201f-8bdc-49d838b6d227" testName="POS.Tests.SaleServiceSettingsTests.Negative_stock_policy_allows_oversell_and_uses_default_tax" computerName="ASUS" duration="00:00:00.4144777" startTime="2026-05-21T15:47:22.7594842+03:00" endTime="2026-05-21T15:47:22.7594851+03:00" testType="13cdc9d9-ddb5-4fa4-a97d-d965ccfc6d4b" outcome="Passed" testListId="8c84fa94-04c1-424b-9868-57a2d4851a1d" relativeResultsDirectory="8d378016-806c-41e2-801c-133c441916f4" />
    <UnitTestResult executionId="1f819a3f-e3f5-44f6-b360-dcf69586d76a" testId="7644cd85-3bbc-2e2a-8057-dcc426f641a0" testName="POS.Tests.InvoiceSyncServiceTests.Pull_remote_categories_applies_snapshot_and_persists_cursor" computerName="ASUS" duration="00:00:00.1541351" startTime="2026-05-21T15:47:24.2966647+03:00" endTime="2026-05-21T15:47:24.2966648+03:00" testType="13cdc9d9-ddb5-4fa4-a97d-d965ccfc6d4b" outcome="Passed" testListId="8c84fa94-04c1-424b-9868-57a2d4851a1d" relativeResultsDirectory="1f819a3f-e3f5-44f6-b360-dcf69586d76a" />
    <UnitTestResult executionId="9bc6751c-ee53-4455-9eef-522ef4ef2bbf" testId="4bb901e6-8f3f-4842-06d2-05b25401fef0" testName="POS.Tests.InvoiceSyncServiceTests.Pull_currency_policy_applies_snapshot_and_persists_cursors" computerName="ASUS" duration="00:00:00.2379159" startTime="2026-05-21T15:47:24.1422937+03:00" endTime="2026-05-21T15:47:24.1422940+03:00" testType="13cdc9d9-ddb5-4fa4-a97d-d965ccfc6d4b" outcome="Passed" testListId="8c84fa94-04c1-424b-9868-57a2d4851a1d" relativeResultsDirectory="9bc6751c-ee53-4455-9eef-522ef4ef2bbf" />
    <UnitTestResult executionId="b6e398f1-ec1b-4fa5-9bf8-4d3f82858d1a" testId="e704cf59-a5be-860b-625c-da022a9f48bb" testName="POS.Tests.InvoiceSyncServiceTests.Pull_remote_invoices_applies_snapshot_updates_inventory_and_persists_cursor" computerName="ASUS" duration="00:00:00.3718359" startTime="2026-05-21T15:47:23.9037354+03:00" endTime="2026-05-21T15:47:23.9037365+03:00" testType="13cdc9d9-ddb5-4fa4-a97d-d965ccfc6d4b" outcome="Passed" testListId="8c84fa94-04c1-424b-9868-57a2d4851a1d" relativeResultsDirectory="b6e398f1-ec1b-4fa5-9bf8-4d3f82858d1a" />
  </Results>
  <TestDefinitions>
    <UnitTest name="POS.Tests.InvoiceSyncServiceTests.Pull_remote_audit_logs_applies_snapshot_and_persists_cursor" storage="c:\projects\pos\tests\pos.tests\bin\debug\net8.0\pos.tests.dll" id="10ed7303-3338-cdca-e730-0aa588e51b2c">
      <Execution id="46d7bb60-e31b-443e-bffe-130458783f01" />
      <TestMethod codeBase="C:\projects\POS\tests\POS.Tests\bin\Debug\net8.0\POS.Tests.dll" adapterTypeName="executor://xunit/VsTestRunner2/netcoreapp" className="POS.Tests.InvoiceSyncServiceTests" name="Pull_remote_audit_logs_applies_snapshot_and_persists_cursor" />
    </UnitTest>
    <UnitTest name="POS.Tests.WebIntegrationTests.Management_get_stock_ledger_filter_supports_yesterday_preset" storage="c:\projects\pos\tests\pos.tests\bin\debug\net8.0\pos.tests.dll" id="3e8bc961-418f-22cc-1c15-b7441605b0a9">
      <Execution id="d599bbca-6b33-47f7-8d97-2036593c8bb6" />
      <TestMethod codeBase="C:\projects\POS\tests\POS.Tests\bin\Debug\net8.0\POS.Tests.dll" adapterTypeName="executor://xunit/VsTestRunner2/netcoreapp" className="POS.Tests.WebIntegrationTests" name="Management_get_stock_ledger_filter_supports_yesterday_preset" />
    </UnitTest>
    <UnitTest name="POS.Tests.InvoiceSyncServiceTests.Pull_remote_products_applies_snapshot_updates_inventory_and_persists_cursor" storage="c:\projects\pos\tests\pos.tests\bin\debug\net8.0\pos.tests.dll" id="90b500e4-4cec-b83e-782d-50b128475173">
      <Execution id="bad063b8-fbea-48d4-a02a-a03b9ad71b9f" />
      <TestMethod codeBase="C:\projects\POS\tests\POS.Tests\bin\Debug\net8.0\POS.Tests.dll" adapterTypeName="executor://xunit/VsTestRunner2/netcoreapp" className="POS.Tests.InvoiceSyncServiceTests" name="Pull_remote_products_applies_snapshot_updates_inventory_and_persists_cursor" />
    </UnitTest>
    <UnitTest name="POS.Tests.ApiIntegrationTests.Sync_devices_push_endpoint_skips_older_same_name_snapshot_without_changing_server_device_identity" storage="c:\projects\pos\tests\pos.tests\bin\debug\net8.0\pos.tests.dll" id="7bf4d9e4-505b-c4e2-ab4a-19827318a1d0">
      <Execution id="0acc365e-9e30-462c-b87b-d90f660c9f1b" />
      <TestMethod codeBase="C:\projects\POS\tests\POS.Tests\bin\Debug\net8.0\POS.Tests.dll" adapterTypeName="executor://xunit/VsTestRunner2/netcoreapp" className="POS.Tests.ApiIntegrationTests" name="Sync_devices_push_endpoint_skips_older_same_name_snapshot_without_changing_server_device_identity" />
    </UnitTest>
    <UnitTest name="POS.Tests.WebIntegrationTests.Management_postbacks_create_user_and_persist_operational_settings" storage="c:\projects\pos\tests\pos.tests\bin\debug\net8.0\pos.tests.dll" id="426fc058-a14c-0d44-caba-3b3cceddcea2">
      <Execution id="8abcb061-6e43-4cb2-a493-760204f352d2" />
      <TestMethod codeBase="C:\projects\POS\tests\POS.Tests\bin\Debug\net8.0\POS.Tests.dll" adapterTypeName="executor://xunit/VsTestRunner2/netcoreapp" className="POS.Tests.WebIntegrationTests" name="Management_postbacks_create_user_and_persist_operational_settings" />
    </UnitTest>
    <UnitTest name="POS.Tests.ApiIntegrationTests.Sync_settings_push_endpoint_applies_snapshot_on_server" storage="c:\projects\pos\tests\pos.tests\bin\debug\net8.0\pos.tests.dll" id="30b5d756-adfc-f568-265b-5e3e4ff673c3">
      <Execution id="afeb7ff6-1d6b-469c-9082-351deea3528b" />
      <TestMethod codeBase="C:\projects\POS\tests\POS.Tests\bin\Debug\net8.0\POS.Tests.dll" adapterTypeName="executor://xunit/VsTestRunner2/netcoreapp" className="POS.Tests.ApiIntegrationTests" name="Sync_settings_push_endpoint_applies_snapshot_on_server" />
    </UnitTest>
    <UnitTest name="POS.Tests.ApiIntegrationTests.Sync_product_pull_endpoint_returns_server_product_changes_after_cursor" storage="c:\projects\pos\tests\pos.tests\bin\debug\net8.0\pos.tests.dll" id="e4221f37-9e5f-6627-e042-951eeaffa750">
      <Execution id="51b792c7-575b-42db-ac88-e5b309fe243d" />
      <TestMethod codeBase="C:\projects\POS\tests\POS.Tests\bin\Debug\net8.0\POS.Tests.dll" adapterTypeName="executor://xunit/VsTestRunner2/netcoreapp" className="POS.Tests.ApiIntegrationTests" name="Sync_product_pull_endpoint_returns_server_product_changes_after_cursor" />
    </UnitTest>
    <UnitTest name="POS.Tests.SyncMetadataTests.Invoice_mutations_increment_sync_version" storage="c:\projects\pos\tests\pos.tests\bin\debug\net8.0\pos.tests.dll" id="7542509e-5afb-609e-e0ed-c9580a7d671b">
      <Execution id="aef82da1-f1e5-40d5-81e2-a49ea9c08888" />
      <TestMethod codeBase="C:\projects\POS\tests\POS.Tests\bin\Debug\net8.0\POS.Tests.dll" adapterTypeName="executor://xunit/VsTestRunner2/netcoreapp" className="POS.Tests.SyncMetadataTests" name="Invoice_mutations_increment_sync_version" />
    </UnitTest>
    <UnitTest name="POS.Tests.InvoiceSyncServiceTests.Push_updated_products_sends_snapshots_and_persists_cursor" storage="c:\projects\pos\tests\pos.tests\bin\debug\net8.0\pos.tests.dll" id="21c9afa1-2904-5ab8-67d6-440b77a50fd5">
      <Execution id="8a9bafaf-81ca-433c-af2b-04613757b6e8" />
      <TestMethod codeBase="C:\projects\POS\tests\POS.Tests\bin\Debug\net8.0\POS.Tests.dll" adapterTypeName="executor://xunit/VsTestRunner2/netcoreapp" className="POS.Tests.InvoiceSyncServiceTests" name="Push_updated_products_sends_snapshots_and_persists_cursor" />
    </UnitTest>
    <UnitTest name="POS.Tests.SaleServiceSettingsTests.Negative_stock_policy_blocks_when_disabled" storage="c:\projects\pos\tests\pos.tests\bin\debug\net8.0\pos.tests.dll" id="986bd36d-0e1d-f0d2-3e67-0ef978eb3cdb">
      <Execution id="35bb32df-3998-4e9c-8b66-54d7933d6d43" />
      <TestMethod codeBase="C:\projects\POS\tests\POS.Tests\bin\Debug\net8.0\POS.Tests.dll" adapterTypeName="executor://xunit/VsTestRunner2/netcoreapp" className="POS.Tests.SaleServiceSettingsTests" name="Negative_stock_policy_blocks_when_disabled" />
    </UnitTest>
    <UnitTest name="POS.Tests.ApiIntegrationTests.Lifecycle_endpoints_transition_invoice_status_and_allow_refund_after_payment" storage="c:\projects\pos\tests\pos.tests\bin\debug\net8.0\pos.tests.dll" id="daadd110-ba0d-c21e-bd3c-a936ce19c5d5">
      <Execution id="54641726-dfc4-4a83-b6a5-d3e01b51d1a4" />
      <TestMethod codeBase="C:\projects\POS\tests\POS.Tests\bin\Debug\net8.0\POS.Tests.dll" adapterTypeName="executor://xunit/VsTestRunner2/netcoreapp" className="POS.Tests.ApiIntegrationTests" name="Lifecycle_endpoints_transition_invoice_status_and_allow_refund_after_payment" />
    </UnitTest>
    <UnitTest name="POS.Tests.InvoiceSyncServiceTests.Push_updated_devices_sends_snapshots_and_persists_cursor" storage="c:\projects\pos\tests\pos.tests\bin\debug\net8.0\pos.tests.dll" id="1c88e101-8a8e-7201-859a-b9066ef7f21c">
      <Execution id="4d206a73-62f9-4dde-83cf-a21f18ce29ad" />
      <TestMethod codeBase="C:\projects\POS\tests\POS.Tests\bin\Debug\net8.0\POS.Tests.dll" adapterTypeName="executor://xunit/VsTestRunner2/netcoreapp" className="POS.Tests.InvoiceSyncServiceTests" name="Push_updated_devices_sends_snapshots_and_persists_cursor" />
    </UnitTest>
    <UnitTest name="POS.Tests.CurrencyConversionTests.ToBase_converts_using_rate_ratio" storage="c:\projects\pos\tests\pos.tests\bin\debug\net8.0\pos.tests.dll" id="e7cd6e02-6031-1f3f-466f-32a7997cdadc">
      <Execution id="2033389d-a9f0-47a3-b98d-038733211d7a" />
      <TestMethod codeBase="C:\projects\POS\tests\POS.Tests\bin\Debug\net8.0\POS.Tests.dll" adapterTypeName="executor://xunit/VsTestRunner2/netcoreapp" className="POS.Tests.CurrencyConversionTests" name="ToBase_converts_using_rate_ratio" />
    </UnitTest>
    <UnitTest name="POS.Tests.InvoiceSyncServiceTests.Push_currency_policy_sends_snapshot_and_persists_cursor" storage="c:\projects\pos\tests\pos.tests\bin\debug\net8.0\pos.tests.dll" id="60c7eb3e-afd1-29e6-3a0d-9062d3397450">
      <Execution id="f28dddb1-871c-496a-af1c-f872c569f42f" />
      <TestMethod codeBase="C:\projects\POS\tests\POS.Tests\bin\Debug\net8.0\POS.Tests.dll" adapterTypeName="executor://xunit/VsTestRunner2/netcoreapp" className="POS.Tests.InvoiceSyncServiceTests" name="Push_currency_policy_sends_snapshot_and_persists_cursor" />
    </UnitTest>
    <UnitTest name="POS.Tests.LineTotalTests.Line_total_handles_midpoint_decimal" storage="c:\projects\pos\tests\pos.tests\bin\debug\net8.0\pos.tests.dll" id="1f34e7a7-5750-e733-ef19-438e12e21a26">
      <Execution id="11bba2f0-17cf-450b-9d68-a897870309e3" />
      <TestMethod codeBase="C:\projects\POS\tests\POS.Tests\bin\Debug\net8.0\POS.Tests.dll" adapterTypeName="executor://xunit/VsTestRunner2/netcoreapp" className="POS.Tests.LineTotalTests" name="Line_total_handles_midpoint_decimal" />
    </UnitTest>
    <UnitTest name="POS.Tests.SyncMetadataTests.New_sale_assigns_device_and_initial_sync_metadata" storage="c:\projects\pos\tests\pos.tests\bin\debug\net8.0\pos.tests.dll" id="ae94d76e-57d7-9ebf-e9f3-15d5b87775f5">
      <Execution id="4c61c034-018d-42f0-a28c-72188d6ab4db" />
      <TestMethod codeBase="C:\projects\POS\tests\POS.Tests\bin\Debug\net8.0\POS.Tests.dll" adapterTypeName="executor://xunit/VsTestRunner2/netcoreapp" className="POS.Tests.SyncMetadataTests" name="New_sale_assigns_device_and_initial_sync_metadata" />
    </UnitTest>
    <UnitTest name="POS.Tests.LineTotalTests.Line_total_rounds_away_from_zero" storage="c:\projects\pos\tests\pos.tests\bin\debug\net8.0\pos.tests.dll" id="8d315db6-2a0e-4c64-fe64-6d9dab174c37">
      <Execution id="5f1bf360-1944-4de2-9752-e24f589367b7" />
      <TestMethod codeBase="C:\projects\POS\tests\POS.Tests\bin\Debug\net8.0\POS.Tests.dll" adapterTypeName="executor://xunit/VsTestRunner2/netcoreapp" className="POS.Tests.LineTotalTests" name="Line_total_rounds_away_from_zero" />
    </UnitTest>
    <UnitTest name="POS.Tests.WebIntegrationTests.Management_get_stock_ledger_filter_limits_rows_to_selected_date_range" storage="c:\projects\pos\tests\pos.tests\bin\debug\net8.0\pos.tests.dll" id="ec7760c9-15a5-c8b8-97f2-fc5ea30b2d39">
      <Execution id="cf12c883-7920-42cc-8782-9050afbdd436" />
      <TestMethod codeBase="C:\projects\POS\tests\POS.Tests\bin\Debug\net8.0\POS.Tests.dll" adapterTypeName="executor://xunit/VsTestRunner2/netcoreapp" className="POS.Tests.WebIntegrationTests" name="Management_get_stock_ledger_filter_limits_rows_to_selected_date_range" />
    </UnitTest>
    <UnitTest name="POS.Tests.ApiIntegrationTests.Sync_currency_policy_push_endpoint_applies_newer_policy_on_server" storage="c:\projects\pos\tests\pos.tests\bin\debug\net8.0\pos.tests.dll" id="7c648003-73c0-0119-a724-1a61f1ad9e1e">
      <Execution id="1c2eb546-e0ba-40cd-8f60-c5da044b851c" />
      <TestMethod codeBase="C:\projects\POS\tests\POS.Tests\bin\Debug\net8.0\POS.Tests.dll" adapterTypeName="executor://xunit/VsTestRunner2/netcoreapp" className="POS.Tests.ApiIntegrationTests" name="Sync_currency_policy_push_endpoint_applies_newer_policy_on_server" />
    </UnitTest>
    <UnitTest name="POS.Tests.InvoiceSyncServiceTests.Pull_currency_policy_applies_snapshot_and_persists_cursors" storage="c:\projects\pos\tests\pos.tests\bin\debug\net8.0\pos.tests.dll" id="4bb901e6-8f3f-4842-06d2-05b25401fef0">
      <Execution id="9bc6751c-ee53-4455-9eef-522ef4ef2bbf" />
      <TestMethod codeBase="C:\projects\POS\tests\POS.Tests\bin\Debug\net8.0\POS.Tests.dll" adapterTypeName="executor://xunit/VsTestRunner2/netcoreapp" className="POS.Tests.InvoiceSyncServiceTests" name="Pull_currency_policy_applies_snapshot_and_persists_cursors" />
    </UnitTest>
    <UnitTest name="POS.Tests.SyncMetadataTests.Tracked_user_save_emits_store_scoped_sync_change_row" storage="c:\projects\pos\tests\pos.tests\bin\debug\net8.0\pos.tests.dll" id="cd566374-774f-a109-ee1f-71e7ac86cc59">
      <Execution id="86ddba79-0613-462f-a84e-18dd8d06417e" />
      <TestMethod codeBase="C:\projects\POS\tests\POS.Tests\bin\Debug\net8.0\POS.Tests.dll" adapterTypeName="executor://xunit/VsTestRunner2/netcoreapp" className="POS.Tests.SyncMetadataTests" name="Tracked_user_save_emits_store_scoped_sync_change_row" />
    </UnitTest>
    <UnitTest name="POS.Tests.ApiIntegrationTests.Sync_devices_push_endpoint_applies_snapshot_on_server" storage="c:\projects\pos\tests\pos.tests\bin\debug\net8.0\pos.tests.dll" id="0050df26-b947-58b4-c4b4-6f2f659a251a">
      <Execution id="d5278d02-48d9-4b69-8466-ba2bdd4cdb3d" />
      <TestMethod codeBase="C:\projects\POS\tests\POS.Tests\bin\Debug\net8.0\POS.Tests.dll" adapterTypeName="executor://xunit/VsTestRunner2/netcoreapp" className="POS.Tests.ApiIntegrationTests" name="Sync_devices_push_endpoint_applies_snapshot_on_server" />
    </UnitTest>
    <UnitTest name="POS.Tests.ApiIntegrationTests.Sync_endpoint_reconciles_inventory_when_paid_invoice_is_later_refunded" storage="c:\projects\pos\tests\pos.tests\bin\debug\net8.0\pos.tests.dll" id="d8188e0c-4832-e29a-22ae-965c7b053d74">
      <Execution id="672ff723-23bd-4343-805f-bc4ffbaa0ad0" />
      <TestMethod codeBase="C:\projects\POS\tests\POS.Tests\bin\Debug\net8.0\POS.Tests.dll" adapterTypeName="executor://xunit/VsTestRunner2/netcoreapp" className="POS.Tests.ApiIntegrationTests" name="Sync_endpoint_reconciles_inventory_when_paid_invoice_is_later_refunded" />
    </UnitTest>
    <UnitTest name="POS.Tests.WebIntegrationTests.Management_get_stock_ledger_filter_supports_today_preset" storage="c:\projects\pos\tests\pos.tests\bin\debug\net8.0\pos.tests.dll" id="32de2e2b-a1b6-eb22-ade6-bee4ce60e212">
      <Execution id="8cb64bd0-d8d4-4924-8bb0-fc5f0a67bb64" />
      <TestMethod codeBase="C:\projects\POS\tests\POS.Tests\bin\Debug\net8.0\POS.Tests.dll" adapterTypeName="executor://xunit/VsTestRunner2/netcoreapp" className="POS.Tests.WebIntegrationTests" name="Management_get_stock_ledger_filter_supports_today_preset" />
    </UnitTest>
    <UnitTest name="POS.Tests.CurrencyConversionTests.ToBase_zero_base_rate_throws" storage="c:\projects\pos\tests\pos.tests\bin\debug\net8.0\pos.tests.dll" id="6c59921a-70d3-7570-64ad-d2dff5146048">
      <Execution id="3ce9b30d-671d-4f6e-909a-b27a4e9d6b0c" />
      <TestMethod codeBase="C:\projects\POS\tests\POS.Tests\bin\Debug\net8.0\POS.Tests.dll" adapterTypeName="executor://xunit/VsTestRunner2/netcoreapp" className="POS.Tests.CurrencyConversionTests" name="ToBase_zero_base_rate_throws" />
    </UnitTest>
    <UnitTest name="POS.Tests.InvoiceSyncServiceTests.Pull_remote_settings_applies_snapshot_and_persists_cursor" storage="c:\projects\pos\tests\pos.tests\bin\debug\net8.0\pos.tests.dll" id="2a6bea22-6cfa-b098-fbb1-89db86be6be6">
      <Execution id="28d26c5f-b0e2-488b-b46c-9342e06660e8" />
      <TestMethod codeBase="C:\projects\POS\tests\POS.Tests\bin\Debug\net8.0\POS.Tests.dll" adapterTypeName="executor://xunit/VsTestRunner2/netcoreapp" className="POS.Tests.InvoiceSyncServiceTests" name="Pull_remote_settings_applies_snapshot_and_persists_cursor" />
    </UnitTest>
    <UnitTest name="POS.Tests.InvoiceSyncServiceTests.Pull_remote_users_applies_snapshot_creates_role_and_persists_cursor" storage="c:\projects\pos\tests\pos.tests\bin\debug\net8.0\pos.tests.dll" id="4ab80519-a504-dfd8-520e-6faf8362710e">
      <Execution id="29e72f1d-5550-47e0-a692-159fbe625c46" />
      <TestMethod codeBase="C:\projects\POS\tests\POS.Tests\bin\Debug\net8.0\POS.Tests.dll" adapterTypeName="executor://xunit/VsTestRunner2/netcoreapp" className="POS.Tests.InvoiceSyncServiceTests" name="Pull_remote_users_applies_snapshot_creates_role_and_persists_cursor" />
    </UnitTest>
    <UnitTest name="POS.Tests.InvoiceSyncServiceTests.Push_unsynced_invoices_marks_local_invoice_synced_when_server_accepts" storage="c:\projects\pos\tests\pos.tests\bin\debug\net8.0\pos.tests.dll" id="92deb2b5-8a60-64f9-32a1-d5189eb1991a">
      <Execution id="ae1fc553-1364-4b9a-89e7-0ec09a8f207b" />
      <TestMethod codeBase="C:\projects\POS\tests\POS.Tests\bin\Debug\net8.0\POS.Tests.dll" adapterTypeName="executor://xunit/VsTestRunner2/netcoreapp" className="POS.Tests.InvoiceSyncServiceTests" name="Push_unsynced_invoices_marks_local_invoice_synced_when_server_accepts" />
    </UnitTest>
    <UnitTest name="POS.Tests.AuditLogTests.Product_update_writes_product_and_manual_stock_audits" storage="c:\projects\pos\tests\pos.tests\bin\debug\net8.0\pos.tests.dll" id="652c050b-d14c-c4b8-7605-fbfc86c2e75e">
      <Execution id="9f716f06-d299-441d-b33d-dfa0d013d419" />
      <TestMethod codeBase="C:\projects\POS\tests\POS.Tests\bin\Debug\net8.0\POS.Tests.dll" adapterTypeName="executor://xunit/VsTestRunner2/netcoreapp" className="POS.Tests.AuditLogTests" name="Product_update_writes_product_and_manual_stock_audits" />
    </UnitTest>
    <UnitTest name="POS.Tests.ApiIntegrationTests.Sync_category_pull_endpoint_returns_server_category_changes_after_cursor" storage="c:\projects\pos\tests\pos.tests\bin\debug\net8.0\pos.tests.dll" id="a8088a4c-fb11-8488-280a-49105ec1c2fb">
      <Execution id="d1c85aa9-6fe2-4dcf-9198-df37a385d0b2" />
      <TestMethod codeBase="C:\projects\POS\tests\POS.Tests\bin\Debug\net8.0\POS.Tests.dll" adapterTypeName="executor://xunit/VsTestRunner2/netcoreapp" className="POS.Tests.ApiIntegrationTests" name="Sync_category_pull_endpoint_returns_server_category_changes_after_cursor" />
    </UnitTest>
    <UnitTest name="POS.Tests.ApiIntegrationTests.Sync_users_push_endpoint_applies_snapshot_on_server_and_creates_missing_role" storage="c:\projects\pos\tests\pos.tests\bin\debug\net8.0\pos.tests.dll" id="406ac49f-a9db-abd8-6605-474ab1766f43">
      <Execution id="b3f4f008-f499-4950-935f-77f20c661d64" />
      <TestMethod codeBase="C:\projects\POS\tests\POS.Tests\bin\Debug\net8.0\POS.Tests.dll" adapterTypeName="executor://xunit/VsTestRunner2/netcoreapp" className="POS.Tests.ApiIntegrationTests" name="Sync_users_push_endpoint_applies_snapshot_on_server_and_creates_missing_role" />
    </UnitTest>
    <UnitTest name="POS.Tests.WebIntegrationTests.Management_postbacks_create_rename_and_delete_category_around_product_usage" storage="c:\projects\pos\tests\pos.tests\bin\debug\net8.0\pos.tests.dll" id="ea2af427-0516-36c8-4eaa-4b6dc2b9212a">
      <Execution id="2e173d66-b8c7-4f14-bb1d-ee789fe4d4b9" />
      <TestMethod codeBase="C:\projects\POS\tests\POS.Tests\bin\Debug\net8.0\POS.Tests.dll" adapterTypeName="executor://xunit/VsTestRunner2/netcoreapp" className="POS.Tests.WebIntegrationTests" name="Management_postbacks_create_rename_and_delete_category_around_product_usage" />
    </UnitTest>
    <UnitTest name="POS.Tests.InvoiceSyncServiceTests.Push_updated_categories_resumes_from_persisted_numeric_sequence_cursor" storage="c:\projects\pos\tests\pos.tests\bin\debug\net8.0\pos.tests.dll" id="85b3b6ed-94d3-2ff9-a2cb-8b0e3ee6b4db">
      <Execution id="8b9739ff-a21c-4ddf-8ae4-ed345073979c" />
      <TestMethod codeBase="C:\projects\POS\tests\POS.Tests\bin\Debug\net8.0\POS.Tests.dll" adapterTypeName="executor://xunit/VsTestRunner2/netcoreapp" className="POS.Tests.InvoiceSyncServiceTests" name="Push_updated_categories_resumes_from_persisted_numeric_sequence_cursor" />
    </UnitTest>
    <UnitTest name="POS.Tests.SyncMetadataTests.Sync_cursor_setting_save_does_not_emit_sync_change_row" storage="c:\projects\pos\tests\pos.tests\bin\debug\net8.0\pos.tests.dll" id="28dca536-678a-e9d0-d276-1bcabfb4e70a">
      <Execution id="a5fcfc08-08a2-4773-9904-31b1255ab6d1" />
      <TestMethod codeBase="C:\projects\POS\tests\POS.Tests\bin\Debug\net8.0\POS.Tests.dll" adapterTypeName="executor://xunit/VsTestRunner2/netcoreapp" className="POS.Tests.SyncMetadataTests" name="Sync_cursor_setting_save_does_not_emit_sync_change_row" />
    </UnitTest>
    <UnitTest name="POS.Tests.ApiIntegrationTests.Cash_sale_flow_returns_updated_snapshots_and_receipt" storage="c:\projects\pos\tests\pos.tests\bin\debug\net8.0\pos.tests.dll" id="c066c2df-147c-a15a-a61f-ea4ea453263b">
      <Execution id="d540c1c4-c7a1-49cf-a18f-d1249349d6c7" />
      <TestMethod codeBase="C:\projects\POS\tests\POS.Tests\bin\Debug\net8.0\POS.Tests.dll" adapterTypeName="executor://xunit/VsTestRunner2/netcoreapp" className="POS.Tests.ApiIntegrationTests" name="Cash_sale_flow_returns_updated_snapshots_and_receipt" />
    </UnitTest>
    <UnitTest name="POS.Tests.InvoiceSyncServiceTests.Pull_remote_devices_applies_snapshot_and_persists_cursor" storage="c:\projects\pos\tests\pos.tests\bin\debug\net8.0\pos.tests.dll" id="dc7608db-b803-d9ad-2276-b67da9722d2b">
      <Execution id="c0c05386-1750-4e33-ac1c-0ece6697e604" />
      <TestMethod codeBase="C:\projects\POS\tests\POS.Tests\bin\Debug\net8.0\POS.Tests.dll" adapterTypeName="executor://xunit/VsTestRunner2/netcoreapp" className="POS.Tests.InvoiceSyncServiceTests" name="Pull_remote_devices_applies_snapshot_and_persists_cursor" />
    </UnitTest>
    <UnitTest name="POS.Tests.CurrencyConversionTests.ToBase_same_rate_is_identity" storage="c:\projects\pos\tests\pos.tests\bin\debug\net8.0\pos.tests.dll" id="a3ff68e3-f599-f05f-4bc8-b0a94354099f">
      <Execution id="6364eda0-089f-488e-81a7-8a7aeefc2425" />
      <TestMethod codeBase="C:\projects\POS\tests\POS.Tests\bin\Debug\net8.0\POS.Tests.dll" adapterTypeName="executor://xunit/VsTestRunner2/netcoreapp" className="POS.Tests.CurrencyConversionTests" name="ToBase_same_rate_is_identity" />
    </UnitTest>
    <UnitTest name="POS.Tests.InvoiceSyncServiceTests.Push_updated_users_sends_snapshots_and_persists_cursor" storage="c:\projects\pos\tests\pos.tests\bin\debug\net8.0\pos.tests.dll" id="8caed3c1-0240-0112-54fb-7af6d16ea07c">
      <Execution id="77036e11-589a-48a3-8a6a-b29924d66fed" />
      <TestMethod codeBase="C:\projects\POS\tests\POS.Tests\bin\Debug\net8.0\POS.Tests.dll" adapterTypeName="executor://xunit/VsTestRunner2/netcoreapp" className="POS.Tests.InvoiceSyncServiceTests" name="Push_updated_users_sends_snapshots_and_persists_cursor" />
    </UnitTest>
    <UnitTest name="POS.Tests.WebIntegrationTests.Management_get_stock_ledger_filter_limits_rows_to_selected_product_and_movement_type" storage="c:\projects\pos\tests\pos.tests\bin\debug\net8.0\pos.tests.dll" id="66fec903-e166-1f65-c876-d94dc6a1ac48">
      <Execution id="c9747566-5993-4f9a-8a57-8c56769547e4" />
      <TestMethod codeBase="C:\projects\POS\tests\POS.Tests\bin\Debug\net8.0\POS.Tests.dll" adapterTypeName="executor://xunit/VsTestRunner2/netcoreapp" className="POS.Tests.WebIntegrationTests" name="Management_get_stock_ledger_filter_limits_rows_to_selected_product_and_movement_type" />
    </UnitTest>
    <UnitTest name="POS.Tests.ApiIntegrationTests.Sync_devices_pull_endpoint_returns_server_device_changes_after_cursor" storage="c:\projects\pos\tests\pos.tests\bin\debug\net8.0\pos.tests.dll" id="d4beec55-8bb4-e04e-5263-607e5d0be97e">
      <Execution id="0eae56ae-1088-428d-addb-5c4706a28c7f" />
      <TestMethod codeBase="C:\projects\POS\tests\POS.Tests\bin\Debug\net8.0\POS.Tests.dll" adapterTypeName="executor://xunit/VsTestRunner2/netcoreapp" className="POS.Tests.ApiIntegrationTests" name="Sync_devices_pull_endpoint_returns_server_device_changes_after_cursor" />
    </UnitTest>
    <UnitTest name="POS.Tests.InvoiceSyncServiceTests.Push_updated_settings_sends_snapshots_and_persists_cursor" storage="c:\projects\pos\tests\pos.tests\bin\debug\net8.0\pos.tests.dll" id="340de893-fb2a-1668-befc-9e5785d88e96">
      <Execution id="5f0750a5-3bcc-40da-9378-9d917a31cbaf" />
      <TestMethod codeBase="C:\projects\POS\tests\POS.Tests\bin\Debug\net8.0\POS.Tests.dll" adapterTypeName="executor://xunit/VsTestRunner2/netcoreapp" className="POS.Tests.InvoiceSyncServiceTests" name="Push_updated_settings_sends_snapshots_and_persists_cursor" />
    </UnitTest>
    <UnitTest name="POS.Tests.InvoiceSyncServiceTests.Pull_remote_devices_skips_older_same_name_snapshot_without_changing_local_device_identity" storage="c:\projects\pos\tests\pos.tests\bin\debug\net8.0\pos.tests.dll" id="6a510e97-aa63-7844-dc18-473fe572af25">
      <Execution id="4ac253e7-8f96-4496-8449-2f96a0c688c3" />
      <TestMethod codeBase="C:\projects\POS\tests\POS.Tests\bin\Debug\net8.0\POS.Tests.dll" adapterTypeName="executor://xunit/VsTestRunner2/netcoreapp" className="POS.Tests.InvoiceSyncServiceTests" name="Pull_remote_devices_skips_older_same_name_snapshot_without_changing_local_device_identity" />
    </UnitTest>
    <UnitTest name="POS.Tests.InvoiceSyncServiceTests.Push_updated_categories_sends_snapshots_and_persists_cursor" storage="c:\projects\pos\tests\pos.tests\bin\debug\net8.0\pos.tests.dll" id="7332bb65-ad3a-168f-042e-1329d1c21107">
      <Execution id="2f81967b-5c0d-475d-95df-228103573dc0" />
      <TestMethod codeBase="C:\projects\POS\tests\POS.Tests\bin\Debug\net8.0\POS.Tests.dll" adapterTypeName="executor://xunit/VsTestRunner2/netcoreapp" className="POS.Tests.InvoiceSyncServiceTests" name="Push_updated_categories_sends_snapshots_and_persists_cursor" />
    </UnitTest>
    <UnitTest name="POS.Tests.ApiIntegrationTests.Sync_currency_policy_pull_endpoint_returns_newer_server_policy" storage="c:\projects\pos\tests\pos.tests\bin\debug\net8.0\pos.tests.dll" id="bbf1eece-04dc-2fd0-b4f6-d049225ca1d9">
      <Execution id="626bb851-d966-4dcf-a5fe-9ca9b65dd082" />
      <TestMethod codeBase="C:\projects\POS\tests\POS.Tests\bin\Debug\net8.0\POS.Tests.dll" adapterTypeName="executor://xunit/VsTestRunner2/netcoreapp" className="POS.Tests.ApiIntegrationTests" name="Sync_currency_policy_pull_endpoint_returns_newer_server_policy" />
    </UnitTest>
    <UnitTest name="POS.Tests.ApiIntegrationTests.Sync_audit_logs_pull_endpoint_returns_server_audit_changes_after_cursor" storage="c:\projects\pos\tests\pos.tests\bin\debug\net8.0\pos.tests.dll" id="ed0f8c76-67bb-5864-f350-751c29b914c9">
      <Execution id="444cbda2-fe18-479c-b58f-0aee67c672a1" />
      <TestMethod codeBase="C:\projects\POS\tests\POS.Tests\bin\Debug\net8.0\POS.Tests.dll" adapterTypeName="executor://xunit/VsTestRunner2/netcoreapp" className="POS.Tests.ApiIntegrationTests" name="Sync_audit_logs_pull_endpoint_returns_server_audit_changes_after_cursor" />
    </UnitTest>
    <UnitTest name="POS.Tests.ApiIntegrationTests.Sync_product_push_endpoint_applies_snapshot_on_server" storage="c:\projects\pos\tests\pos.tests\bin\debug\net8.0\pos.tests.dll" id="7416d6d4-e56d-4258-3f01-88f6f1561081">
      <Execution id="e4c9a059-69f8-4d87-98b6-4321a2951c7c" />
      <TestMethod codeBase="C:\projects\POS\tests\POS.Tests\bin\Debug\net8.0\POS.Tests.dll" adapterTypeName="executor://xunit/VsTestRunner2/netcoreapp" className="POS.Tests.ApiIntegrationTests" name="Sync_product_push_endpoint_applies_snapshot_on_server" />
    </UnitTest>
    <UnitTest name="POS.Tests.ApiIntegrationTests.Login_and_catalog_endpoints_return_seeded_data" storage="c:\projects\pos\tests\pos.tests\bin\debug\net8.0\pos.tests.dll" id="1591ecf0-66d5-413a-ed23-c8a2ebf63ec4">
      <Execution id="5fc384c2-1efe-4045-8c8a-969c8977eb60" />
      <TestMethod codeBase="C:\projects\POS\tests\POS.Tests\bin\Debug\net8.0\POS.Tests.dll" adapterTypeName="executor://xunit/VsTestRunner2/netcoreapp" className="POS.Tests.ApiIntegrationTests" name="Login_and_catalog_endpoints_return_seeded_data" />
    </UnitTest>
    <UnitTest name="POS.Tests.InvoiceSyncServiceTests.Pull_remote_categories_applies_snapshot_and_persists_cursor" storage="c:\projects\pos\tests\pos.tests\bin\debug\net8.0\pos.tests.dll" id="7644cd85-3bbc-2e2a-8057-dcc426f641a0">
      <Execution id="1f819a3f-e3f5-44f6-b360-dcf69586d76a" />
      <TestMethod codeBase="C:\projects\POS\tests\POS.Tests\bin\Debug\net8.0\POS.Tests.dll" adapterTypeName="executor://xunit/VsTestRunner2/netcoreapp" className="POS.Tests.InvoiceSyncServiceTests" name="Pull_remote_categories_applies_snapshot_and_persists_cursor" />
    </UnitTest>
    <UnitTest name="POS.Tests.ApiIntegrationTests.Sync_audit_logs_push_endpoint_applies_snapshot_on_server" storage="c:\projects\pos\tests\pos.tests\bin\debug\net8.0\pos.tests.dll" id="d2a709b9-b92d-ae03-6f86-4196e0eef0f2">
      <Execution id="17b0f48f-cf25-4ed0-a1e4-3e528a45894e" />
      <TestMethod codeBase="C:\projects\POS\tests\POS.Tests\bin\Debug\net8.0\POS.Tests.dll" adapterTypeName="executor://xunit/VsTestRunner2/netcoreapp" className="POS.Tests.ApiIntegrationTests" name="Sync_audit_logs_push_endpoint_applies_snapshot_on_server" />
    </UnitTest>
    <UnitTest name="POS.Tests.SettingsServiceTests.Search_products_uses_configured_low_stock_threshold" storage="c:\projects\pos\tests\pos.tests\bin\debug\net8.0\pos.tests.dll" id="b821df00-112c-df99-f89b-86fee22c4368">
      <Execution id="8ee3b4b2-b090-432a-baa0-49626d9a9274" />
      <TestMethod codeBase="C:\projects\POS\tests\POS.Tests\bin\Debug\net8.0\POS.Tests.dll" adapterTypeName="executor://xunit/VsTestRunner2/netcoreapp" className="POS.Tests.SettingsServiceTests" name="Search_products_uses_configured_low_stock_threshold" />
    </UnitTest>
    <UnitTest name="POS.Tests.AuditLogTests.Currency_policy_update_writes_audit_row" storage="c:\projects\pos\tests\pos.tests\bin\debug\net8.0\pos.tests.dll" id="a0e26765-302c-ee09-992f-a7ef7407a4f8">
      <Execution id="bba2fb93-0ecc-44c3-ba3d-6db85da37a57" />
      <TestMethod codeBase="C:\projects\POS\tests\POS.Tests\bin\Debug\net8.0\POS.Tests.dll" adapterTypeName="executor://xunit/VsTestRunner2/netcoreapp" className="POS.Tests.AuditLogTests" name="Currency_policy_update_writes_audit_row" />
    </UnitTest>
    <UnitTest name="POS.Tests.WebIntegrationTests.Login_flow_redirects_unauthenticated_dashboard_requests_and_then_renders_dashboard" storage="c:\projects\pos\tests\pos.tests\bin\debug\net8.0\pos.tests.dll" id="74383383-f939-07d1-39da-0d7a2c60cf16">
      <Execution id="ae2e58fc-9960-4a38-b0a3-f1f5503b44c8" />
      <TestMethod codeBase="C:\projects\POS\tests\POS.Tests\bin\Debug\net8.0\POS.Tests.dll" adapterTypeName="executor://xunit/VsTestRunner2/netcoreapp" className="POS.Tests.WebIntegrationTests" name="Login_flow_redirects_unauthenticated_dashboard_requests_and_then_renders_dashboard" />
    </UnitTest>
    <UnitTest name="POS.Tests.StoreTests.Store_can_set_Name" storage="c:\projects\pos\tests\pos.tests\bin\debug\net8.0\pos.tests.dll" id="36d33af1-d87f-eccc-6359-c6311f13b9c0">
      <Execution id="01cad702-1fc5-4ce6-8607-1434711b4252" />
      <TestMethod codeBase="C:\projects\POS\tests\POS.Tests\bin\Debug\net8.0\POS.Tests.dll" adapterTypeName="executor://xunit/VsTestRunner2/netcoreapp" className="POS.Tests.StoreTests" name="Store_can_set_Name" />
    </UnitTest>
    <UnitTest name="POS.Tests.ApiIntegrationTests.Sync_users_pull_endpoint_returns_server_user_changes_after_cursor" storage="c:\projects\pos\tests\pos.tests\bin\debug\net8.0\pos.tests.dll" id="442c2e9e-e7c6-d499-78cc-a66e1f40e3f1">
      <Execution id="c36faa43-c604-4d87-973b-f71c157010e3" />
      <TestMethod codeBase="C:\projects\POS\tests\POS.Tests\bin\Debug\net8.0\POS.Tests.dll" adapterTypeName="executor://xunit/VsTestRunner2/netcoreapp" className="POS.Tests.ApiIntegrationTests" name="Sync_users_pull_endpoint_returns_server_user_changes_after_cursor" />
    </UnitTest>
    <UnitTest name="POS.Tests.ApiIntegrationTests.Sync_category_push_endpoint_applies_snapshot_on_server" storage="c:\projects\pos\tests\pos.tests\bin\debug\net8.0\pos.tests.dll" id="cdd07177-6813-55e3-9970-7431a43631cc">
      <Execution id="2e3de09a-05a3-4380-8c0d-3620780a4f4a" />
      <TestMethod codeBase="C:\projects\POS\tests\POS.Tests\bin\Debug\net8.0\POS.Tests.dll" adapterTypeName="executor://xunit/VsTestRunner2/netcoreapp" className="POS.Tests.ApiIntegrationTests" name="Sync_category_push_endpoint_applies_snapshot_on_server" />
    </UnitTest>
    <UnitTest name="POS.Tests.ApiIntegrationTests.Sync_endpoint_applies_invoice_snapshot_and_reports_conflict_for_stale_version" storage="c:\projects\pos\tests\pos.tests\bin\debug\net8.0\pos.tests.dll" id="3bab6a12-176a-4b40-df1c-1344d20e4493">
      <Execution id="c4589f8a-963a-4d81-8924-e302a54bfd64" />
      <TestMethod codeBase="C:\projects\POS\tests\POS.Tests\bin\Debug\net8.0\POS.Tests.dll" adapterTypeName="executor://xunit/VsTestRunner2/netcoreapp" className="POS.Tests.ApiIntegrationTests" name="Sync_endpoint_applies_invoice_snapshot_and_reports_conflict_for_stale_version" />
    </UnitTest>
    <UnitTest name="POS.Tests.InvoiceSyncServiceTests.Pull_remote_invoices_applies_snapshot_updates_inventory_and_persists_cursor" storage="c:\projects\pos\tests\pos.tests\bin\debug\net8.0\pos.tests.dll" id="e704cf59-a5be-860b-625c-da022a9f48bb">
      <Execution id="b6e398f1-ec1b-4fa5-9bf8-4d3f82858d1a" />
      <TestMethod codeBase="C:\projects\POS\tests\POS.Tests\bin\Debug\net8.0\POS.Tests.dll" adapterTypeName="executor://xunit/VsTestRunner2/netcoreapp" className="POS.Tests.InvoiceSyncServiceTests" name="Pull_remote_invoices_applies_snapshot_updates_inventory_and_persists_cursor" />
    </UnitTest>
    <UnitTest name="POS.Tests.SettingsServiceTests.Settings_round_trip_persists_and_loads" storage="c:\projects\pos\tests\pos.tests\bin\debug\net8.0\pos.tests.dll" id="80860392-46c6-8311-6952-cb692ad00414">
      <Execution id="94f660c6-0e43-4c9c-a53a-5fffece7b136" />
      <TestMethod codeBase="C:\projects\POS\tests\POS.Tests\bin\Debug\net8.0\POS.Tests.dll" adapterTypeName="executor://xunit/VsTestRunner2/netcoreapp" className="POS.Tests.SettingsServiceTests" name="Settings_round_trip_persists_and_loads" />
    </UnitTest>
    <UnitTest name="POS.Tests.ApiIntegrationTests.Sync_pull_endpoint_returns_server_invoice_changes_after_cursor" storage="c:\projects\pos\tests\pos.tests\bin\debug\net8.0\pos.tests.dll" id="496f23fb-f239-d8dc-3698-518f2f5ba751">
      <Execution id="7dd481c1-eaaf-48af-8bab-e252dd3973b3" />
      <TestMethod codeBase="C:\projects\POS\tests\POS.Tests\bin\Debug\net8.0\POS.Tests.dll" adapterTypeName="executor://xunit/VsTestRunner2/netcoreapp" className="POS.Tests.ApiIntegrationTests" name="Sync_pull_endpoint_returns_server_invoice_changes_after_cursor" />
    </UnitTest>
    <UnitTest name="POS.Tests.AuditLogTests.Refund_writes_invoice_refunded_audit_row" storage="c:\projects\pos\tests\pos.tests\bin\debug\net8.0\pos.tests.dll" id="20263a67-98bf-c1c1-3ab6-3ec180636e5c">
      <Execution id="f261feff-f8cc-4c53-a007-c6a86d80ad3e" />
      <TestMethod codeBase="C:\projects\POS\tests\POS.Tests\bin\Debug\net8.0\POS.Tests.dll" adapterTypeName="executor://xunit/VsTestRunner2/netcoreapp" className="POS.Tests.AuditLogTests" name="Refund_writes_invoice_refunded_audit_row" />
    </UnitTest>
    <UnitTest name="POS.Tests.InvoiceSyncServiceTests.Push_updated_audit_logs_sends_snapshots_and_persists_cursor" storage="c:\projects\pos\tests\pos.tests\bin\debug\net8.0\pos.tests.dll" id="862c06d0-8947-7d42-dfe2-8aec5cbe17a7">
      <Execution id="adf04b56-d47d-4332-a8e9-5ccade7bc29f" />
      <TestMethod codeBase="C:\projects\POS\tests\POS.Tests\bin\Debug\net8.0\POS.Tests.dll" adapterTypeName="executor://xunit/VsTestRunner2/netcoreapp" className="POS.Tests.InvoiceSyncServiceTests" name="Push_updated_audit_logs_sends_snapshots_and_persists_cursor" />
    </UnitTest>
    <UnitTest name="POS.Tests.StoreTests.Store_defaults_Id_is_empty_guid" storage="c:\projects\pos\tests\pos.tests\bin\debug\net8.0\pos.tests.dll" id="1cc5788a-0742-e1df-8236-2dadfebbb8ba">
      <Execution id="c1781d2f-4d1c-449a-bde0-948faa1cd666" />
      <TestMethod codeBase="C:\projects\POS\tests\POS.Tests\bin\Debug\net8.0\POS.Tests.dll" adapterTypeName="executor://xunit/VsTestRunner2/netcoreapp" className="POS.Tests.StoreTests" name="Store_defaults_Id_is_empty_guid" />
    </UnitTest>
    <UnitTest name="POS.Tests.ApiIntegrationTests.Sync_settings_pull_endpoint_returns_server_setting_changes_after_cursor" storage="c:\projects\pos\tests\pos.tests\bin\debug\net8.0\pos.tests.dll" id="aa81bcc1-5dd5-1acf-433e-f733cd728233">
      <Execution id="d5cf51f1-699a-4226-aa6a-32c23f57ff89" />
      <TestMethod codeBase="C:\projects\POS\tests\POS.Tests\bin\Debug\net8.0\POS.Tests.dll" adapterTypeName="executor://xunit/VsTestRunner2/netcoreapp" className="POS.Tests.ApiIntegrationTests" name="Sync_settings_pull_endpoint_returns_server_setting_changes_after_cursor" />
    </UnitTest>
    <UnitTest name="POS.Tests.SaleServiceSettingsTests.Negative_stock_policy_allows_oversell_and_uses_default_tax" storage="c:\projects\pos\tests\pos.tests\bin\debug\net8.0\pos.tests.dll" id="89177fa3-a6d3-201f-8bdc-49d838b6d227">
      <Execution id="8d378016-806c-41e2-801c-133c441916f4" />
      <TestMethod codeBase="C:\projects\POS\tests\POS.Tests\bin\Debug\net8.0\POS.Tests.dll" adapterTypeName="executor://xunit/VsTestRunner2/netcoreapp" className="POS.Tests.SaleServiceSettingsTests" name="Negative_stock_policy_allows_oversell_and_uses_default_tax" />
    </UnitTest>
    <UnitTest name="POS.Tests.WebIntegrationTests.Management_get_stock_ledger_filter_limits_rows_to_selected_product" storage="c:\projects\pos\tests\pos.tests\bin\debug\net8.0\pos.tests.dll" id="d064dc2b-054b-1541-0d66-ef3d8f6dfe1d">
      <Execution id="a2d763bb-0cb8-481c-94c0-4c2dc4a6cbab" />
      <TestMethod codeBase="C:\projects\POS\tests\POS.Tests\bin\Debug\net8.0\POS.Tests.dll" adapterTypeName="executor://xunit/VsTestRunner2/netcoreapp" className="POS.Tests.WebIntegrationTests" name="Management_get_stock_ledger_filter_limits_rows_to_selected_product" />
    </UnitTest>
    <UnitTest name="POS.Tests.SyncMetadataTests.Tracked_category_save_emits_sync_change_row" storage="c:\projects\pos\tests\pos.tests\bin\debug\net8.0\pos.tests.dll" id="80b0d0ec-e3c3-6fe7-6f6a-a1b59b45d544">
      <Execution id="0b9e75a5-ad07-47c8-817b-eeddf546bda9" />
      <TestMethod codeBase="C:\projects\POS\tests\POS.Tests\bin\Debug\net8.0\POS.Tests.dll" adapterTypeName="executor://xunit/VsTestRunner2/netcoreapp" className="POS.Tests.SyncMetadataTests" name="Tracked_category_save_emits_sync_change_row" />
    </UnitTest>
    <UnitTest name="POS.Tests.WebIntegrationTests.Management_postbacks_create_update_and_delete_product_with_stock_movements" storage="c:\projects\pos\tests\pos.tests\bin\debug\net8.0\pos.tests.dll" id="1824493b-4f50-d468-2075-7a9fde81ce28">
      <Execution id="e0fd55a5-7196-48c2-ab5b-4f5908bf3a21" />
      <TestMethod codeBase="C:\projects\POS\tests\POS.Tests\bin\Debug\net8.0\POS.Tests.dll" adapterTypeName="executor://xunit/VsTestRunner2/netcoreapp" className="POS.Tests.WebIntegrationTests" name="Management_postbacks_create_update_and_delete_product_with_stock_movements" />
    </UnitTest>
  </TestDefinitions>
  <TestEntries>
    <TestEntry testId="ae94d76e-57d7-9ebf-e9f3-15d5b87775f5" executionId="4c61c034-018d-42f0-a28c-72188d6ab4db" testListId="8c84fa94-04c1-424b-9868-57a2d4851a1d" />
    <TestEntry testId="10ed7303-3338-cdca-e730-0aa588e51b2c" executionId="46d7bb60-e31b-443e-bffe-130458783f01" testListId="8c84fa94-04c1-424b-9868-57a2d4851a1d" />
    <TestEntry testId="85b3b6ed-94d3-2ff9-a2cb-8b0e3ee6b4db" executionId="8b9739ff-a21c-4ddf-8ae4-ed345073979c" testListId="8c84fa94-04c1-424b-9868-57a2d4851a1d" />
    <TestEntry testId="21c9afa1-2904-5ab8-67d6-440b77a50fd5" executionId="8a9bafaf-81ca-433c-af2b-04613757b6e8" testListId="8c84fa94-04c1-424b-9868-57a2d4851a1d" />
    <TestEntry testId="1c88e101-8a8e-7201-859a-b9066ef7f21c" executionId="4d206a73-62f9-4dde-83cf-a21f18ce29ad" testListId="8c84fa94-04c1-424b-9868-57a2d4851a1d" />
    <TestEntry testId="3bab6a12-176a-4b40-df1c-1344d20e4493" executionId="c4589f8a-963a-4d81-8924-e302a54bfd64" testListId="8c84fa94-04c1-424b-9868-57a2d4851a1d" />
    <TestEntry testId="1f34e7a7-5750-e733-ef19-438e12e21a26" executionId="11bba2f0-17cf-450b-9d68-a897870309e3" testListId="8c84fa94-04c1-424b-9868-57a2d4851a1d" />
    <TestEntry testId="60c7eb3e-afd1-29e6-3a0d-9062d3397450" executionId="f28dddb1-871c-496a-af1c-f872c569f42f" testListId="8c84fa94-04c1-424b-9868-57a2d4851a1d" />
    <TestEntry testId="32de2e2b-a1b6-eb22-ade6-bee4ce60e212" executionId="8cb64bd0-d8d4-4924-8bb0-fc5f0a67bb64" testListId="8c84fa94-04c1-424b-9868-57a2d4851a1d" />
    <TestEntry testId="80860392-46c6-8311-6952-cb692ad00414" executionId="94f660c6-0e43-4c9c-a53a-5fffece7b136" testListId="8c84fa94-04c1-424b-9868-57a2d4851a1d" />
    <TestEntry testId="74383383-f939-07d1-39da-0d7a2c60cf16" executionId="ae2e58fc-9960-4a38-b0a3-f1f5503b44c8" testListId="8c84fa94-04c1-424b-9868-57a2d4851a1d" />
    <TestEntry testId="aa81bcc1-5dd5-1acf-433e-f733cd728233" executionId="d5cf51f1-699a-4226-aa6a-32c23f57ff89" testListId="8c84fa94-04c1-424b-9868-57a2d4851a1d" />
    <TestEntry testId="0050df26-b947-58b4-c4b4-6f2f659a251a" executionId="d5278d02-48d9-4b69-8466-ba2bdd4cdb3d" testListId="8c84fa94-04c1-424b-9868-57a2d4851a1d" />
    <TestEntry testId="d4beec55-8bb4-e04e-5263-607e5d0be97e" executionId="0eae56ae-1088-428d-addb-5c4706a28c7f" testListId="8c84fa94-04c1-424b-9868-57a2d4851a1d" />
    <TestEntry testId="8caed3c1-0240-0112-54fb-7af6d16ea07c" executionId="77036e11-589a-48a3-8a6a-b29924d66fed" testListId="8c84fa94-04c1-424b-9868-57a2d4851a1d" />
    <TestEntry testId="a8088a4c-fb11-8488-280a-49105ec1c2fb" executionId="d1c85aa9-6fe2-4dcf-9198-df37a385d0b2" testListId="8c84fa94-04c1-424b-9868-57a2d4851a1d" />
    <TestEntry testId="ea2af427-0516-36c8-4eaa-4b6dc2b9212a" executionId="2e173d66-b8c7-4f14-bb1d-ee789fe4d4b9" testListId="8c84fa94-04c1-424b-9868-57a2d4851a1d" />
    <TestEntry testId="1591ecf0-66d5-413a-ed23-c8a2ebf63ec4" executionId="5fc384c2-1efe-4045-8c8a-969c8977eb60" testListId="8c84fa94-04c1-424b-9868-57a2d4851a1d" />
    <TestEntry testId="7416d6d4-e56d-4258-3f01-88f6f1561081" executionId="e4c9a059-69f8-4d87-98b6-4321a2951c7c" testListId="8c84fa94-04c1-424b-9868-57a2d4851a1d" />
    <TestEntry testId="36d33af1-d87f-eccc-6359-c6311f13b9c0" executionId="01cad702-1fc5-4ce6-8607-1434711b4252" testListId="8c84fa94-04c1-424b-9868-57a2d4851a1d" />
    <TestEntry testId="7332bb65-ad3a-168f-042e-1329d1c21107" executionId="2f81967b-5c0d-475d-95df-228103573dc0" testListId="8c84fa94-04c1-424b-9868-57a2d4851a1d" />
    <TestEntry testId="426fc058-a14c-0d44-caba-3b3cceddcea2" executionId="8abcb061-6e43-4cb2-a493-760204f352d2" testListId="8c84fa94-04c1-424b-9868-57a2d4851a1d" />
    <TestEntry testId="1cc5788a-0742-e1df-8236-2dadfebbb8ba" executionId="c1781d2f-4d1c-449a-bde0-948faa1cd666" testListId="8c84fa94-04c1-424b-9868-57a2d4851a1d" />
    <TestEntry testId="dc7608db-b803-d9ad-2276-b67da9722d2b" executionId="c0c05386-1750-4e33-ac1c-0ece6697e604" testListId="8c84fa94-04c1-424b-9868-57a2d4851a1d" />
    <TestEntry testId="7542509e-5afb-609e-e0ed-c9580a7d671b" executionId="aef82da1-f1e5-40d5-81e2-a49ea9c08888" testListId="8c84fa94-04c1-424b-9868-57a2d4851a1d" />
    <TestEntry testId="e4221f37-9e5f-6627-e042-951eeaffa750" executionId="51b792c7-575b-42db-ac88-e5b309fe243d" testListId="8c84fa94-04c1-424b-9868-57a2d4851a1d" />
    <TestEntry testId="652c050b-d14c-c4b8-7605-fbfc86c2e75e" executionId="9f716f06-d299-441d-b33d-dfa0d013d419" testListId="8c84fa94-04c1-424b-9868-57a2d4851a1d" />
    <TestEntry testId="340de893-fb2a-1668-befc-9e5785d88e96" executionId="5f0750a5-3bcc-40da-9378-9d917a31cbaf" testListId="8c84fa94-04c1-424b-9868-57a2d4851a1d" />
    <TestEntry testId="4ab80519-a504-dfd8-520e-6faf8362710e" executionId="29e72f1d-5550-47e0-a692-159fbe625c46" testListId="8c84fa94-04c1-424b-9868-57a2d4851a1d" />
    <TestEntry testId="a0e26765-302c-ee09-992f-a7ef7407a4f8" executionId="bba2fb93-0ecc-44c3-ba3d-6db85da37a57" testListId="8c84fa94-04c1-424b-9868-57a2d4851a1d" />
    <TestEntry testId="90b500e4-4cec-b83e-782d-50b128475173" executionId="bad063b8-fbea-48d4-a02a-a03b9ad71b9f" testListId="8c84fa94-04c1-424b-9868-57a2d4851a1d" />
    <TestEntry testId="ed0f8c76-67bb-5864-f350-751c29b914c9" executionId="444cbda2-fe18-479c-b58f-0aee67c672a1" testListId="8c84fa94-04c1-424b-9868-57a2d4851a1d" />
    <TestEntry testId="b821df00-112c-df99-f89b-86fee22c4368" executionId="8ee3b4b2-b090-432a-baa0-49626d9a9274" testListId="8c84fa94-04c1-424b-9868-57a2d4851a1d" />
    <TestEntry testId="d064dc2b-054b-1541-0d66-ef3d8f6dfe1d" executionId="a2d763bb-0cb8-481c-94c0-4c2dc4a6cbab" testListId="8c84fa94-04c1-424b-9868-57a2d4851a1d" />
    <TestEntry testId="d2a709b9-b92d-ae03-6f86-4196e0eef0f2" executionId="17b0f48f-cf25-4ed0-a1e4-3e528a45894e" testListId="8c84fa94-04c1-424b-9868-57a2d4851a1d" />
    <TestEntry testId="6a510e97-aa63-7844-dc18-473fe572af25" executionId="4ac253e7-8f96-4496-8449-2f96a0c688c3" testListId="8c84fa94-04c1-424b-9868-57a2d4851a1d" />
    <TestEntry testId="30b5d756-adfc-f568-265b-5e3e4ff673c3" executionId="afeb7ff6-1d6b-469c-9082-351deea3528b" testListId="8c84fa94-04c1-424b-9868-57a2d4851a1d" />
    <TestEntry testId="7c648003-73c0-0119-a724-1a61f1ad9e1e" executionId="1c2eb546-e0ba-40cd-8f60-c5da044b851c" testListId="8c84fa94-04c1-424b-9868-57a2d4851a1d" />
    <TestEntry testId="496f23fb-f239-d8dc-3698-518f2f5ba751" executionId="7dd481c1-eaaf-48af-8bab-e252dd3973b3" testListId="8c84fa94-04c1-424b-9868-57a2d4851a1d" />
    <TestEntry testId="3e8bc961-418f-22cc-1c15-b7441605b0a9" executionId="d599bbca-6b33-47f7-8d97-2036593c8bb6" testListId="8c84fa94-04c1-424b-9868-57a2d4851a1d" />
    <TestEntry testId="e7cd6e02-6031-1f3f-466f-32a7997cdadc" executionId="2033389d-a9f0-47a3-b98d-038733211d7a" testListId="8c84fa94-04c1-424b-9868-57a2d4851a1d" />
    <TestEntry testId="ec7760c9-15a5-c8b8-97f2-fc5ea30b2d39" executionId="cf12c883-7920-42cc-8782-9050afbdd436" testListId="8c84fa94-04c1-424b-9868-57a2d4851a1d" />
    <TestEntry testId="28dca536-678a-e9d0-d276-1bcabfb4e70a" executionId="a5fcfc08-08a2-4773-9904-31b1255ab6d1" testListId="8c84fa94-04c1-424b-9868-57a2d4851a1d" />
    <TestEntry testId="862c06d0-8947-7d42-dfe2-8aec5cbe17a7" executionId="adf04b56-d47d-4332-a8e9-5ccade7bc29f" testListId="8c84fa94-04c1-424b-9868-57a2d4851a1d" />
    <TestEntry testId="1824493b-4f50-d468-2075-7a9fde81ce28" executionId="e0fd55a5-7196-48c2-ab5b-4f5908bf3a21" testListId="8c84fa94-04c1-424b-9868-57a2d4851a1d" />
    <TestEntry testId="a3ff68e3-f599-f05f-4bc8-b0a94354099f" executionId="6364eda0-089f-488e-81a7-8a7aeefc2425" testListId="8c84fa94-04c1-424b-9868-57a2d4851a1d" />
    <TestEntry testId="c066c2df-147c-a15a-a61f-ea4ea453263b" executionId="d540c1c4-c7a1-49cf-a18f-d1249349d6c7" testListId="8c84fa94-04c1-424b-9868-57a2d4851a1d" />
    <TestEntry testId="92deb2b5-8a60-64f9-32a1-d5189eb1991a" executionId="ae1fc553-1364-4b9a-89e7-0ec09a8f207b" testListId="8c84fa94-04c1-424b-9868-57a2d4851a1d" />
    <TestEntry testId="daadd110-ba0d-c21e-bd3c-a936ce19c5d5" executionId="54641726-dfc4-4a83-b6a5-d3e01b51d1a4" testListId="8c84fa94-04c1-424b-9868-57a2d4851a1d" />
    <TestEntry testId="cdd07177-6813-55e3-9970-7431a43631cc" executionId="2e3de09a-05a3-4380-8c0d-3620780a4f4a" testListId="8c84fa94-04c1-424b-9868-57a2d4851a1d" />
    <TestEntry testId="d8188e0c-4832-e29a-22ae-965c7b053d74" executionId="672ff723-23bd-4343-805f-bc4ffbaa0ad0" testListId="8c84fa94-04c1-424b-9868-57a2d4851a1d" />
    <TestEntry testId="7bf4d9e4-505b-c4e2-ab4a-19827318a1d0" executionId="0acc365e-9e30-462c-b87b-d90f660c9f1b" testListId="8c84fa94-04c1-424b-9868-57a2d4851a1d" />
    <TestEntry testId="cd566374-774f-a109-ee1f-71e7ac86cc59" executionId="86ddba79-0613-462f-a84e-18dd8d06417e" testListId="8c84fa94-04c1-424b-9868-57a2d4851a1d" />
    <TestEntry testId="66fec903-e166-1f65-c876-d94dc6a1ac48" executionId="c9747566-5993-4f9a-8a57-8c56769547e4" testListId="8c84fa94-04c1-424b-9868-57a2d4851a1d" />
    <TestEntry testId="2a6bea22-6cfa-b098-fbb1-89db86be6be6" executionId="28d26c5f-b0e2-488b-b46c-9342e06660e8" testListId="8c84fa94-04c1-424b-9868-57a2d4851a1d" />
    <TestEntry testId="bbf1eece-04dc-2fd0-b4f6-d049225ca1d9" executionId="626bb851-d966-4dcf-a5fe-9ca9b65dd082" testListId="8c84fa94-04c1-424b-9868-57a2d4851a1d" />
    <TestEntry testId="80b0d0ec-e3c3-6fe7-6f6a-a1b59b45d544" executionId="0b9e75a5-ad07-47c8-817b-eeddf546bda9" testListId="8c84fa94-04c1-424b-9868-57a2d4851a1d" />
    <TestEntry testId="20263a67-98bf-c1c1-3ab6-3ec180636e5c" executionId="f261feff-f8cc-4c53-a007-c6a86d80ad3e" testListId="8c84fa94-04c1-424b-9868-57a2d4851a1d" />
    <TestEntry testId="8d315db6-2a0e-4c64-fe64-6d9dab174c37" executionId="5f1bf360-1944-4de2-9752-e24f589367b7" testListId="8c84fa94-04c1-424b-9868-57a2d4851a1d" />
    <TestEntry testId="6c59921a-70d3-7570-64ad-d2dff5146048" executionId="3ce9b30d-671d-4f6e-909a-b27a4e9d6b0c" testListId="8c84fa94-04c1-424b-9868-57a2d4851a1d" />
    <TestEntry testId="986bd36d-0e1d-f0d2-3e67-0ef978eb3cdb" executionId="35bb32df-3998-4e9c-8b66-54d7933d6d43" testListId="8c84fa94-04c1-424b-9868-57a2d4851a1d" />
    <TestEntry testId="406ac49f-a9db-abd8-6605-474ab1766f43" executionId="b3f4f008-f499-4950-935f-77f20c661d64" testListId="8c84fa94-04c1-424b-9868-57a2d4851a1d" />
    <TestEntry testId="442c2e9e-e7c6-d499-78cc-a66e1f40e3f1" executionId="c36faa43-c604-4d87-973b-f71c157010e3" testListId="8c84fa94-04c1-424b-9868-57a2d4851a1d" />
    <TestEntry testId="89177fa3-a6d3-201f-8bdc-49d838b6d227" executionId="8d378016-806c-41e2-801c-133c441916f4" testListId="8c84fa94-04c1-424b-9868-57a2d4851a1d" />
    <TestEntry testId="7644cd85-3bbc-2e2a-8057-dcc426f641a0" executionId="1f819a3f-e3f5-44f6-b360-dcf69586d76a" testListId="8c84fa94-04c1-424b-9868-57a2d4851a1d" />
    <TestEntry testId="4bb901e6-8f3f-4842-06d2-05b25401fef0" executionId="9bc6751c-ee53-4455-9eef-522ef4ef2bbf" testListId="8c84fa94-04c1-424b-9868-57a2d4851a1d" />
    <TestEntry testId="e704cf59-a5be-860b-625c-da022a9f48bb" executionId="b6e398f1-ec1b-4fa5-9bf8-4d3f82858d1a" testListId="8c84fa94-04c1-424b-9868-57a2d4851a1d" />
  </TestEntries>
  <TestLists>
    <TestList name="Results Not in a List" id="8c84fa94-04c1-424b-9868-57a2d4851a1d" />
    <TestList name="All Loaded Results" id="19431567-8539-422a-85d7-44ee4e166bda" />
  </TestLists>
  <ResultSummary outcome="Completed">
    <Counters total="67" executed="67" passed="67" failed="0" error="0" timeout="0" aborted="0" inconclusive="0" passedButRunAborted="0" notRunnable="0" notExecuted="0" disconnected="0" warning="0" completed="0" inProgress="0" pending="0" />
    <Output>
      <StdOut>[xUnit.net 00:00:00.00] xUnit.net VSTest Adapter v2.5.3.1+6b60a9e56a (64-bit .NET 8.0.25)&#xD;
[xUnit.net 00:00:00.31]   Discovering: POS.Tests&#xD;
[xUnit.net 00:00:00.41]   Discovered:  POS.Tests&#xD;
[xUnit.net 00:00:00.41]   Starting:    POS.Tests&#xD;
warn: Microsoft.EntityFrameworkCore.Query[10103]&#xD;
      The query uses the 'First'/'FirstOrDefault' operator without 'OrderBy' and filter operators. This may lead to unpredictable results.&#xD;
warn: Microsoft.EntityFrameworkCore.Query[10103]&#xD;
      The query uses the 'First'/'FirstOrDefault' operator without 'OrderBy' and filter operators. This may lead to unpredictable results.&#xD;
warn: Microsoft.EntityFrameworkCore.Query[20504]&#xD;
      Compiling a query which loads related collections for more than one collection navigation, either via 'Include' or through projection, but no 'QuerySplittingBehavior' has been configured. By default, Entity Framework will use 'QuerySplittingBehavior.SingleQuery', which can potentially result in slow query performance. See https://go.microsoft.com/fwlink/?linkid=2134277 for more information. To identify the query that's triggering this warning call 'ConfigureWarnings(w =&gt; w.Throw(RelationalEventId.MultipleCollectionIncludeWarning))'.&#xD;
warn: Microsoft.EntityFrameworkCore.Query[20504]&#xD;
      Compiling a query which loads related collections for more than one collection navigation, either via 'Include' or through projection, but no 'QuerySplittingBehavior' has been configured. By default, Entity Framework will use 'QuerySplittingBehavior.SingleQuery', which can potentially result in slow query performance. See https://go.microsoft.com/fwlink/?linkid=2134277 for more information. To identify the query that's triggering this warning call 'ConfigureWarnings(w =&gt; w.Throw(RelationalEventId.MultipleCollectionIncludeWarning))'.&#xD;
[xUnit.net 00:00:38.08]   Finished:    POS.Tests&#xD;
</StdOut>
    </Output>
  </ResultSummary>
</TestRun>