<?xml version="1.0" encoding="utf-8"?>
<TestRun id="f934d2de-ab76-4270-899f-43d5ab184b5d" name="User@ASUS 2026-05-21 14:06:10" runUser="Asus\User" xmlns="http://microsoft.com/schemas/VisualStudio/TeamTest/2010">
  <Times creation="2026-05-21T14:06:11.0286701+03:00" queuing="2026-05-21T14:06:11.0286707+03:00" start="2026-05-21T14:06:09.2784112+03:00" finish="2026-05-21T14:06:32.9464431+03:00" />
  <TestSettings name="default" id="b75ea3dc-509f-4906-936d-688d438c8643">
    <Deployment runDeploymentRoot="User_ASUS_2026-05-21_14_06_10" />
  </TestSettings>
  <Results>
    <UnitTestResult executionId="33834161-d39f-4f58-8885-42556dff0924" testId="e7cd6e02-6031-1f3f-466f-32a7997cdadc" testName="POS.Tests.CurrencyConversionTests.ToBase_converts_using_rate_ratio" computerName="ASUS" duration="00:00:00.0122777" startTime="2026-05-21T14:06:10.9308997+03:00" endTime="2026-05-21T14:06:10.9308998+03:00" testType="13cdc9d9-ddb5-4fa4-a97d-d965ccfc6d4b" outcome="Passed" testListId="8c84fa94-04c1-424b-9868-57a2d4851a1d" relativeResultsDirectory="33834161-d39f-4f58-8885-42556dff0924" />
    <UnitTestResult executionId="27f7ba2e-d7e9-4a72-9817-faeeabf63501" testId="90b500e4-4cec-b83e-782d-50b128475173" testName="POS.Tests.InvoiceSyncServiceTests.Pull_remote_products_applies_snapshot_updates_inventory_and_persists_cursor" computerName="ASUS" duration="00:00:03.3329252" startTime="2026-05-21T14:06:14.1519900+03:00" endTime="2026-05-21T14:06:14.1519903+03:00" testType="13cdc9d9-ddb5-4fa4-a97d-d965ccfc6d4b" outcome="Passed" testListId="8c84fa94-04c1-424b-9868-57a2d4851a1d" relativeResultsDirectory="27f7ba2e-d7e9-4a72-9817-faeeabf63501" />
    <UnitTestResult executionId="8c5b5b46-56ad-4d0c-9f4c-b2afbe15ea74" testId="986bd36d-0e1d-f0d2-3e67-0ef978eb3cdb" testName="POS.Tests.SaleServiceSettingsTests.Negative_stock_policy_blocks_when_disabled" computerName="ASUS" duration="00:00:03.6706406" startTime="2026-05-21T14:06:14.5221678+03:00" endTime="2026-05-21T14:06:14.5221681+03:00" testType="13cdc9d9-ddb5-4fa4-a97d-d965ccfc6d4b" outcome="Passed" testListId="8c84fa94-04c1-424b-9868-57a2d4851a1d" relativeResultsDirectory="8c5b5b46-56ad-4d0c-9f4c-b2afbe15ea74" />
    <UnitTestResult executionId="5f5c4862-51bc-4959-a34e-fc74c47cd366" testId="85b3b6ed-94d3-2ff9-a2cb-8b0e3ee6b4db" testName="POS.Tests.InvoiceSyncServiceTests.Push_updated_categories_resumes_from_persisted_numeric_sequence_cursor" computerName="ASUS" duration="00:00:00.2241391" startTime="2026-05-21T14:06:16.5855344+03:00" endTime="2026-05-21T14:06:16.5855348+03:00" testType="13cdc9d9-ddb5-4fa4-a97d-d965ccfc6d4b" outcome="Passed" testListId="8c84fa94-04c1-424b-9868-57a2d4851a1d" relativeResultsDirectory="5f5c4862-51bc-4959-a34e-fc74c47cd366" />
    <UnitTestResult executionId="beb82602-9d0f-44d4-81e9-2ada4aaa9f48" testId="bbf1eece-04dc-2fd0-b4f6-d049225ca1d9" testName="POS.Tests.ApiIntegrationTests.Sync_currency_policy_pull_endpoint_returns_newer_server_policy" computerName="ASUS" duration="00:00:00.8886535" startTime="2026-05-21T14:06:25.1324833+03:00" endTime="2026-05-21T14:06:25.1324835+03:00" testType="13cdc9d9-ddb5-4fa4-a97d-d965ccfc6d4b" outcome="Passed" testListId="8c84fa94-04c1-424b-9868-57a2d4851a1d" relativeResultsDirectory="beb82602-9d0f-44d4-81e9-2ada4aaa9f48" />
    <UnitTestResult executionId="e0e07f7c-e867-46b0-b5be-8e028938f4f6" testId="7332bb65-ad3a-168f-042e-1329d1c21107" testName="POS.Tests.InvoiceSyncServiceTests.Push_updated_categories_sends_snapshots_and_persists_cursor" computerName="ASUS" duration="00:00:00.1218240" startTime="2026-05-21T14:06:17.2969322+03:00" endTime="2026-05-21T14:06:17.2969323+03:00" testType="13cdc9d9-ddb5-4fa4-a97d-d965ccfc6d4b" outcome="Passed" testListId="8c84fa94-04c1-424b-9868-57a2d4851a1d" relativeResultsDirectory="e0e07f7c-e867-46b0-b5be-8e028938f4f6" />
    <UnitTestResult executionId="79c4d96b-32bb-4c9f-bb8f-7dd22249ed76" testId="340de893-fb2a-1668-befc-9e5785d88e96" testName="POS.Tests.InvoiceSyncServiceTests.Push_updated_settings_sends_snapshots_and_persists_cursor" computerName="ASUS" duration="00:00:00.2600441" startTime="2026-05-21T14:06:14.8444057+03:00" endTime="2026-05-21T14:06:14.8444060+03:00" testType="13cdc9d9-ddb5-4fa4-a97d-d965ccfc6d4b" outcome="Passed" testListId="8c84fa94-04c1-424b-9868-57a2d4851a1d" relativeResultsDirectory="79c4d96b-32bb-4c9f-bb8f-7dd22249ed76" />
    <UnitTestResult executionId="f21e1354-5719-47f6-ab79-eedb84b4600a" testId="862c06d0-8947-7d42-dfe2-8aec5cbe17a7" testName="POS.Tests.InvoiceSyncServiceTests.Push_updated_audit_logs_sends_snapshots_and_persists_cursor" computerName="ASUS" duration="00:00:00.1699510" startTime="2026-05-21T14:06:16.7568812+03:00" endTime="2026-05-21T14:06:16.7568817+03:00" testType="13cdc9d9-ddb5-4fa4-a97d-d965ccfc6d4b" outcome="Passed" testListId="8c84fa94-04c1-424b-9868-57a2d4851a1d" relativeResultsDirectory="f21e1354-5719-47f6-ab79-eedb84b4600a" />
    <UnitTestResult executionId="f4c80a7c-caf3-439a-8228-729fdeecb890" testId="6c59921a-70d3-7570-64ad-d2dff5146048" testName="POS.Tests.CurrencyConversionTests.ToBase_zero_base_rate_throws" computerName="ASUS" duration="00:00:00.0101549" startTime="2026-05-21T14:06:10.8405147+03:00" endTime="2026-05-21T14:06:10.8405148+03:00" testType="13cdc9d9-ddb5-4fa4-a97d-d965ccfc6d4b" outcome="Passed" testListId="8c84fa94-04c1-424b-9868-57a2d4851a1d" relativeResultsDirectory="f4c80a7c-caf3-439a-8228-729fdeecb890" />
    <UnitTestResult executionId="a1a9ecec-9f2a-4e9b-a13a-a43f5af3de46" testId="4bb901e6-8f3f-4842-06d2-05b25401fef0" testName="POS.Tests.InvoiceSyncServiceTests.Pull_currency_policy_applies_snapshot_and_persists_cursors" computerName="ASUS" duration="00:00:00.1983585" startTime="2026-05-21T14:06:15.5438583+03:00" endTime="2026-05-21T14:06:15.5438584+03:00" testType="13cdc9d9-ddb5-4fa4-a97d-d965ccfc6d4b" outcome="Passed" testListId="8c84fa94-04c1-424b-9868-57a2d4851a1d" relativeResultsDirectory="a1a9ecec-9f2a-4e9b-a13a-a43f5af3de46" />
    <UnitTestResult executionId="312d7fba-1bee-4d15-965a-7521f7b96e5f" testId="1591ecf0-66d5-413a-ed23-c8a2ebf63ec4" testName="POS.Tests.ApiIntegrationTests.Login_and_catalog_endpoints_return_seeded_data" computerName="ASUS" duration="00:00:00.6254395" startTime="2026-05-21T14:06:32.7419337+03:00" endTime="2026-05-21T14:06:32.7419349+03:00" testType="13cdc9d9-ddb5-4fa4-a97d-d965ccfc6d4b" outcome="Passed" testListId="8c84fa94-04c1-424b-9868-57a2d4851a1d" relativeResultsDirectory="312d7fba-1bee-4d15-965a-7521f7b96e5f" />
    <UnitTestResult executionId="6fcd164b-fbbc-4862-991d-ff1124a04b2e" testId="80860392-46c6-8311-6952-cb692ad00414" testName="POS.Tests.SettingsServiceTests.Settings_round_trip_persists_and_loads" computerName="ASUS" duration="00:00:00.1753463" startTime="2026-05-21T14:06:14.4642960+03:00" endTime="2026-05-21T14:06:14.4642964+03:00" testType="13cdc9d9-ddb5-4fa4-a97d-d965ccfc6d4b" outcome="Passed" testListId="8c84fa94-04c1-424b-9868-57a2d4851a1d" relativeResultsDirectory="6fcd164b-fbbc-4862-991d-ff1124a04b2e" />
    <UnitTestResult executionId="adee9c61-fbc3-4a7b-b033-224b9dd4eaa7" testId="d8188e0c-4832-e29a-22ae-965c7b053d74" testName="POS.Tests.ApiIntegrationTests.Sync_endpoint_reconciles_inventory_when_paid_invoice_is_later_refunded" computerName="ASUS" duration="00:00:01.1956095" startTime="2026-05-21T14:06:18.2170169+03:00" endTime="2026-05-21T14:06:18.2170171+03:00" testType="13cdc9d9-ddb5-4fa4-a97d-d965ccfc6d4b" outcome="Passed" testListId="8c84fa94-04c1-424b-9868-57a2d4851a1d" relativeResultsDirectory="adee9c61-fbc3-4a7b-b033-224b9dd4eaa7" />
    <UnitTestResult executionId="c2bcca28-d796-4d9c-ba5f-1f3a8813031c" testId="426fc058-a14c-0d44-caba-3b3cceddcea2" testName="POS.Tests.WebIntegrationTests.Management_postbacks_create_user_and_persist_operational_settings" computerName="ASUS" duration="00:00:04.8117135" startTime="2026-05-21T14:06:15.6306938+03:00" endTime="2026-05-21T14:06:15.6306940+03:00" testType="13cdc9d9-ddb5-4fa4-a97d-d965ccfc6d4b" outcome="Passed" testListId="8c84fa94-04c1-424b-9868-57a2d4851a1d" relativeResultsDirectory="c2bcca28-d796-4d9c-ba5f-1f3a8813031c" />
    <UnitTestResult executionId="af9ba86a-fc9f-498e-a4eb-b5a450b992d4" testId="1cc5788a-0742-e1df-8236-2dadfebbb8ba" testName="POS.Tests.StoreTests.Store_defaults_Id_is_empty_guid" computerName="ASUS" duration="00:00:00.0107315" startTime="2026-05-21T14:06:10.9302754+03:00" endTime="2026-05-21T14:06:10.9302755+03:00" testType="13cdc9d9-ddb5-4fa4-a97d-d965ccfc6d4b" outcome="Passed" testListId="8c84fa94-04c1-424b-9868-57a2d4851a1d" relativeResultsDirectory="af9ba86a-fc9f-498e-a4eb-b5a450b992d4" />
    <UnitTestResult executionId="8aac5aff-2470-4f1d-bfe0-82e8151bcb2f" testId="496f23fb-f239-d8dc-3698-518f2f5ba751" testName="POS.Tests.ApiIntegrationTests.Sync_pull_endpoint_returns_server_invoice_changes_after_cursor" computerName="ASUS" duration="00:00:00.9990485" startTime="2026-05-21T14:06:27.0617890+03:00" endTime="2026-05-21T14:06:27.0617898+03:00" testType="13cdc9d9-ddb5-4fa4-a97d-d965ccfc6d4b" outcome="Passed" testListId="8c84fa94-04c1-424b-9868-57a2d4851a1d" relativeResultsDirectory="8aac5aff-2470-4f1d-bfe0-82e8151bcb2f" />
    <UnitTestResult executionId="65f93d34-40c3-4b25-b67d-9eeefd25da88" testId="1f34e7a7-5750-e733-ef19-438e12e21a26" testName="POS.Tests.LineTotalTests.Line_total_handles_midpoint_decimal" computerName="ASUS" duration="00:00:00.0002676" startTime="2026-05-21T14:06:10.9311600+03:00" endTime="2026-05-21T14:06:10.9311601+03:00" testType="13cdc9d9-ddb5-4fa4-a97d-d965ccfc6d4b" outcome="Passed" testListId="8c84fa94-04c1-424b-9868-57a2d4851a1d" relativeResultsDirectory="65f93d34-40c3-4b25-b67d-9eeefd25da88" />
    <UnitTestResult executionId="abb634ab-19ae-41df-9152-be7c0538394b" testId="8d315db6-2a0e-4c64-fe64-6d9dab174c37" testName="POS.Tests.LineTotalTests.Line_total_rounds_away_from_zero" computerName="ASUS" duration="00:00:00.0001327" startTime="2026-05-21T14:06:10.9312097+03:00" endTime="2026-05-21T14:06:10.9312098+03:00" testType="13cdc9d9-ddb5-4fa4-a97d-d965ccfc6d4b" outcome="Passed" testListId="8c84fa94-04c1-424b-9868-57a2d4851a1d" relativeResultsDirectory="abb634ab-19ae-41df-9152-be7c0538394b" />
    <UnitTestResult executionId="34f1aec9-5f00-4a00-8980-9c80a4a8823b" testId="c066c2df-147c-a15a-a61f-ea4ea453263b" testName="POS.Tests.ApiIntegrationTests.Cash_sale_flow_returns_updated_snapshots_and_receipt" computerName="ASUS" duration="00:00:00.5766787" startTime="2026-05-21T14:06:30.8075223+03:00" endTime="2026-05-21T14:06:30.8075232+03:00" testType="13cdc9d9-ddb5-4fa4-a97d-d965ccfc6d4b" outcome="Passed" testListId="8c84fa94-04c1-424b-9868-57a2d4851a1d" relativeResultsDirectory="34f1aec9-5f00-4a00-8980-9c80a4a8823b" />
    <UnitTestResult executionId="912e84de-c4bf-4af1-b684-e4f234456cb7" testId="92deb2b5-8a60-64f9-32a1-d5189eb1991a" testName="POS.Tests.InvoiceSyncServiceTests.Push_unsynced_invoices_marks_local_invoice_synced_when_server_accepts" computerName="ASUS" duration="00:00:00.2585929" startTime="2026-05-21T14:06:17.1748705+03:00" endTime="2026-05-21T14:06:17.1748707+03:00" testType="13cdc9d9-ddb5-4fa4-a97d-d965ccfc6d4b" outcome="Passed" testListId="8c84fa94-04c1-424b-9868-57a2d4851a1d" relativeResultsDirectory="912e84de-c4bf-4af1-b684-e4f234456cb7" />
    <UnitTestResult executionId="1ac57c3f-c7de-4e55-9802-fdd33cd6ca38" testId="80b0d0ec-e3c3-6fe7-6f6a-a1b59b45d544" testName="POS.Tests.SyncMetadataTests.Tracked_category_save_emits_sync_change_row" computerName="ASUS" duration="00:00:03.1161719" startTime="2026-05-21T14:06:13.9350822+03:00" endTime="2026-05-21T14:06:13.9350823+03:00" testType="13cdc9d9-ddb5-4fa4-a97d-d965ccfc6d4b" outcome="Passed" testListId="8c84fa94-04c1-424b-9868-57a2d4851a1d" relativeResultsDirectory="1ac57c3f-c7de-4e55-9802-fdd33cd6ca38" />
    <UnitTestResult executionId="7315b5a0-f9fb-4b06-ae98-ff973a08d46e" testId="7bf4d9e4-505b-c4e2-ab4a-19827318a1d0" testName="POS.Tests.ApiIntegrationTests.Sync_devices_push_endpoint_skips_older_same_name_snapshot_without_changing_server_device_identity" computerName="ASUS" duration="00:00:00.5536767" startTime="2026-05-21T14:06:30.2304156+03:00" endTime="2026-05-21T14:06:30.2304158+03:00" testType="13cdc9d9-ddb5-4fa4-a97d-d965ccfc6d4b" outcome="Passed" testListId="8c84fa94-04c1-424b-9868-57a2d4851a1d" relativeResultsDirectory="7315b5a0-f9fb-4b06-ae98-ff973a08d46e" />
    <UnitTestResult executionId="92d1a394-9365-4887-82cb-2e5c93ab5d77" testId="0050df26-b947-58b4-c4b4-6f2f659a251a" testName="POS.Tests.ApiIntegrationTests.Sync_devices_push_endpoint_applies_snapshot_on_server" computerName="ASUS" duration="00:00:01.4701566" startTime="2026-05-21T14:06:17.0211066+03:00" endTime="2026-05-21T14:06:17.0211077+03:00" testType="13cdc9d9-ddb5-4fa4-a97d-d965ccfc6d4b" outcome="Passed" testListId="8c84fa94-04c1-424b-9868-57a2d4851a1d" relativeResultsDirectory="92d1a394-9365-4887-82cb-2e5c93ab5d77" />
    <UnitTestResult executionId="10f7fe82-16fb-4e9c-a250-f61f8879d8d5" testId="36d33af1-d87f-eccc-6359-c6311f13b9c0" testName="POS.Tests.StoreTests.Store_can_set_Name" computerName="ASUS" duration="00:00:00.0101990" startTime="2026-05-21T14:06:10.8349234+03:00" endTime="2026-05-21T14:06:10.8349609+03:00" testType="13cdc9d9-ddb5-4fa4-a97d-d965ccfc6d4b" outcome="Passed" testListId="8c84fa94-04c1-424b-9868-57a2d4851a1d" relativeResultsDirectory="10f7fe82-16fb-4e9c-a250-f61f8879d8d5" />
    <UnitTestResult executionId="00bca394-900b-4ff9-8c86-797f2b54febe" testId="cdd07177-6813-55e3-9970-7431a43631cc" testName="POS.Tests.ApiIntegrationTests.Sync_category_push_endpoint_applies_snapshot_on_server" computerName="ASUS" duration="00:00:00.8934410" startTime="2026-05-21T14:06:20.1686986+03:00" endTime="2026-05-21T14:06:20.1686987+03:00" testType="13cdc9d9-ddb5-4fa4-a97d-d965ccfc6d4b" outcome="Passed" testListId="8c84fa94-04c1-424b-9868-57a2d4851a1d" relativeResultsDirectory="00bca394-900b-4ff9-8c86-797f2b54febe" />
    <UnitTestResult executionId="a12da253-35aa-4579-9744-73a61ea982cc" testId="6a510e97-aa63-7844-dc18-473fe572af25" testName="POS.Tests.InvoiceSyncServiceTests.Pull_remote_devices_skips_older_same_name_snapshot_without_changing_local_device_identity" computerName="ASUS" duration="00:00:00.1451011" startTime="2026-05-21T14:06:16.3611371+03:00" endTime="2026-05-21T14:06:16.3611373+03:00" testType="13cdc9d9-ddb5-4fa4-a97d-d965ccfc6d4b" outcome="Passed" testListId="8c84fa94-04c1-424b-9868-57a2d4851a1d" relativeResultsDirectory="a12da253-35aa-4579-9744-73a61ea982cc" />
    <UnitTestResult executionId="6e50c024-e648-45d9-a23a-82984d77533d" testId="74383383-f939-07d1-39da-0d7a2c60cf16" testName="POS.Tests.WebIntegrationTests.Login_flow_redirects_unauthenticated_dashboard_requests_and_then_renders_dashboard" computerName="ASUS" duration="00:00:01.5310043" startTime="2026-05-21T14:06:17.1618366+03:00" endTime="2026-05-21T14:06:17.1618375+03:00" testType="13cdc9d9-ddb5-4fa4-a97d-d965ccfc6d4b" outcome="Passed" testListId="8c84fa94-04c1-424b-9868-57a2d4851a1d" relativeResultsDirectory="6e50c024-e648-45d9-a23a-82984d77533d" />
    <UnitTestResult executionId="902e18a1-286a-4eff-968f-d65379af96ab" testId="d2a709b9-b92d-ae03-6f86-4196e0eef0f2" testName="POS.Tests.ApiIntegrationTests.Sync_audit_logs_push_endpoint_applies_snapshot_on_server" computerName="ASUS" duration="00:00:01.0686675" startTime="2026-05-21T14:06:24.2435783+03:00" endTime="2026-05-21T14:06:24.2435785+03:00" testType="13cdc9d9-ddb5-4fa4-a97d-d965ccfc6d4b" outcome="Passed" testListId="8c84fa94-04c1-424b-9868-57a2d4851a1d" relativeResultsDirectory="902e18a1-286a-4eff-968f-d65379af96ab" />
    <UnitTestResult executionId="531bad1f-bb12-4745-a000-e9c8c1898ef3" testId="30b5d756-adfc-f568-265b-5e3e4ff673c3" testName="POS.Tests.ApiIntegrationTests.Sync_settings_push_endpoint_applies_snapshot_on_server" computerName="ASUS" duration="00:00:00.9297794" startTime="2026-05-21T14:06:26.0624390+03:00" endTime="2026-05-21T14:06:26.0624397+03:00" testType="13cdc9d9-ddb5-4fa4-a97d-d965ccfc6d4b" outcome="Passed" testListId="8c84fa94-04c1-424b-9868-57a2d4851a1d" relativeResultsDirectory="531bad1f-bb12-4745-a000-e9c8c1898ef3" />
    <UnitTestResult executionId="fdb0cc10-8e02-4fac-b36c-fe55004abe6e" testId="4ab80519-a504-dfd8-520e-6faf8362710e" testName="POS.Tests.InvoiceSyncServiceTests.Pull_remote_users_applies_snapshot_creates_role_and_persists_cursor" computerName="ASUS" duration="00:00:00.1177420" startTime="2026-05-21T14:06:17.4147914+03:00" endTime="2026-05-21T14:06:17.4147916+03:00" testType="13cdc9d9-ddb5-4fa4-a97d-d965ccfc6d4b" outcome="Passed" testListId="8c84fa94-04c1-424b-9868-57a2d4851a1d" relativeResultsDirectory="fdb0cc10-8e02-4fac-b36c-fe55004abe6e" />
    <UnitTestResult executionId="204ad15f-ad21-454c-a3bd-69d3977c78a7" testId="20263a67-98bf-c1c1-3ab6-3ec180636e5c" testName="POS.Tests.AuditLogTests.Refund_writes_invoice_refunded_audit_row" computerName="ASUS" duration="00:00:00.4770669" startTime="2026-05-21T14:06:14.8285120+03:00" endTime="2026-05-21T14:06:14.8285122+03:00" testType="13cdc9d9-ddb5-4fa4-a97d-d965ccfc6d4b" outcome="Passed" testListId="8c84fa94-04c1-424b-9868-57a2d4851a1d" relativeResultsDirectory="204ad15f-ad21-454c-a3bd-69d3977c78a7" />
    <UnitTestResult executionId="c6b8e2d3-6143-4de4-95e5-f6e56b29f0ad" testId="2a6bea22-6cfa-b098-fbb1-89db86be6be6" testName="POS.Tests.InvoiceSyncServiceTests.Pull_remote_settings_applies_snapshot_and_persists_cursor" computerName="ASUS" duration="00:00:00.1940262" startTime="2026-05-21T14:06:14.5842146+03:00" endTime="2026-05-21T14:06:14.5842151+03:00" testType="13cdc9d9-ddb5-4fa4-a97d-d965ccfc6d4b" outcome="Passed" testListId="8c84fa94-04c1-424b-9868-57a2d4851a1d" relativeResultsDirectory="c6b8e2d3-6143-4de4-95e5-f6e56b29f0ad" />
    <UnitTestResult executionId="b53327fe-01c2-4876-baa4-ee4cc421d1ff" testId="a0e26765-302c-ee09-992f-a7ef7407a4f8" testName="POS.Tests.AuditLogTests.Currency_policy_update_writes_audit_row" computerName="ASUS" duration="00:00:00.2489775" startTime="2026-05-21T14:06:15.0777139+03:00" endTime="2026-05-21T14:06:15.0777140+03:00" testType="13cdc9d9-ddb5-4fa4-a97d-d965ccfc6d4b" outcome="Passed" testListId="8c84fa94-04c1-424b-9868-57a2d4851a1d" relativeResultsDirectory="b53327fe-01c2-4876-baa4-ee4cc421d1ff" />
    <UnitTestResult executionId="dbcc798f-6bfc-40cd-a5e3-2e819d486d92" testId="daadd110-ba0d-c21e-bd3c-a936ce19c5d5" testName="POS.Tests.ApiIntegrationTests.Lifecycle_endpoints_transition_invoice_status_and_allow_refund_after_payment" computerName="ASUS" duration="00:00:01.1801006" startTime="2026-05-21T14:06:22.2492906+03:00" endTime="2026-05-21T14:06:22.2492908+03:00" testType="13cdc9d9-ddb5-4fa4-a97d-d965ccfc6d4b" outcome="Passed" testListId="8c84fa94-04c1-424b-9868-57a2d4851a1d" relativeResultsDirectory="dbcc798f-6bfc-40cd-a5e3-2e819d486d92" />
    <UnitTestResult executionId="3206a750-044b-4a8b-b20d-c5b466e89e83" testId="a8088a4c-fb11-8488-280a-49105ec1c2fb" testName="POS.Tests.ApiIntegrationTests.Sync_category_pull_endpoint_returns_server_category_changes_after_cursor" computerName="ASUS" duration="00:00:01.0573370" startTime="2026-05-21T14:06:19.2746727+03:00" endTime="2026-05-21T14:06:19.2746743+03:00" testType="13cdc9d9-ddb5-4fa4-a97d-d965ccfc6d4b" outcome="Passed" testListId="8c84fa94-04c1-424b-9868-57a2d4851a1d" relativeResultsDirectory="3206a750-044b-4a8b-b20d-c5b466e89e83" />
    <UnitTestResult executionId="db78faa7-719d-45d9-b690-dcf6d0fcbabd" testId="442c2e9e-e7c6-d499-78cc-a66e1f40e3f1" testName="POS.Tests.ApiIntegrationTests.Sync_users_pull_endpoint_returns_server_user_changes_after_cursor" computerName="ASUS" duration="00:00:00.7136839" startTime="2026-05-21T14:06:31.5216638+03:00" endTime="2026-05-21T14:06:31.5216644+03:00" testType="13cdc9d9-ddb5-4fa4-a97d-d965ccfc6d4b" outcome="Passed" testListId="8c84fa94-04c1-424b-9868-57a2d4851a1d" relativeResultsDirectory="db78faa7-719d-45d9-b690-dcf6d0fcbabd" />
    <UnitTestResult executionId="493e8f71-0d26-4808-909b-95fc1ca87626" testId="7c648003-73c0-0119-a724-1a61f1ad9e1e" testName="POS.Tests.ApiIntegrationTests.Sync_currency_policy_push_endpoint_applies_newer_policy_on_server" computerName="ASUS" duration="00:00:00.8998598" startTime="2026-05-21T14:06:21.0688055+03:00" endTime="2026-05-21T14:06:21.0688057+03:00" testType="13cdc9d9-ddb5-4fa4-a97d-d965ccfc6d4b" outcome="Passed" testListId="8c84fa94-04c1-424b-9868-57a2d4851a1d" relativeResultsDirectory="493e8f71-0d26-4808-909b-95fc1ca87626" />
    <UnitTestResult executionId="8a977ee4-f859-4c46-ab1d-04f71c0e0a84" testId="ae94d76e-57d7-9ebf-e9f3-15d5b87775f5" testName="POS.Tests.SyncMetadataTests.New_sale_assigns_device_and_initial_sync_metadata" computerName="ASUS" duration="00:00:00.1552283" startTime="2026-05-21T14:06:14.9522394+03:00" endTime="2026-05-21T14:06:14.9522396+03:00" testType="13cdc9d9-ddb5-4fa4-a97d-d965ccfc6d4b" outcome="Passed" testListId="8c84fa94-04c1-424b-9868-57a2d4851a1d" relativeResultsDirectory="8a977ee4-f859-4c46-ab1d-04f71c0e0a84" />
    <UnitTestResult executionId="bbdb81f8-276c-44e7-af96-a663849d8ae0" testId="e4221f37-9e5f-6627-e042-951eeaffa750" testName="POS.Tests.ApiIntegrationTests.Sync_product_pull_endpoint_returns_server_product_changes_after_cursor" computerName="ASUS" duration="00:00:04.7276509" startTime="2026-05-21T14:06:15.5492821+03:00" endTime="2026-05-21T14:06:15.5492822+03:00" testType="13cdc9d9-ddb5-4fa4-a97d-d965ccfc6d4b" outcome="Passed" testListId="8c84fa94-04c1-424b-9868-57a2d4851a1d" relativeResultsDirectory="bbdb81f8-276c-44e7-af96-a663849d8ae0" />
    <UnitTestResult executionId="6334fc41-ec6f-4445-a33d-35094bb2f348" testId="7644cd85-3bbc-2e2a-8057-dcc426f641a0" testName="POS.Tests.InvoiceSyncServiceTests.Pull_remote_categories_applies_snapshot_and_persists_cursor" computerName="ASUS" duration="00:00:00.2019066" startTime="2026-05-21T14:06:15.7459164+03:00" endTime="2026-05-21T14:06:15.7459166+03:00" testType="13cdc9d9-ddb5-4fa4-a97d-d965ccfc6d4b" outcome="Passed" testListId="8c84fa94-04c1-424b-9868-57a2d4851a1d" relativeResultsDirectory="6334fc41-ec6f-4445-a33d-35094bb2f348" />
    <UnitTestResult executionId="f4931af0-6381-4934-b003-e6e94e0a26c7" testId="89177fa3-a6d3-201f-8bdc-49d838b6d227" testName="POS.Tests.SaleServiceSettingsTests.Negative_stock_policy_allows_oversell_and_uses_default_tax" computerName="ASUS" duration="00:00:00.2748435" startTime="2026-05-21T14:06:14.7969257+03:00" endTime="2026-05-21T14:06:14.7969257+03:00" testType="13cdc9d9-ddb5-4fa4-a97d-d965ccfc6d4b" outcome="Passed" testListId="8c84fa94-04c1-424b-9868-57a2d4851a1d" relativeResultsDirectory="f4931af0-6381-4934-b003-e6e94e0a26c7" />
    <UnitTestResult executionId="c500dda0-71da-4fa7-9100-ea3a1c941669" testId="8caed3c1-0240-0112-54fb-7af6d16ea07c" testName="POS.Tests.InvoiceSyncServiceTests.Push_updated_users_sends_snapshots_and_persists_cursor" computerName="ASUS" duration="00:00:00.3047347" startTime="2026-05-21T14:06:16.0508987+03:00" endTime="2026-05-21T14:06:16.0508991+03:00" testType="13cdc9d9-ddb5-4fa4-a97d-d965ccfc6d4b" outcome="Passed" testListId="8c84fa94-04c1-424b-9868-57a2d4851a1d" relativeResultsDirectory="c500dda0-71da-4fa7-9100-ea3a1c941669" />
    <UnitTestResult executionId="4f29c51f-e2ed-420e-9f4d-ce51b04437c4" testId="b821df00-112c-df99-f89b-86fee22c4368" testName="POS.Tests.SettingsServiceTests.Search_products_uses_configured_low_stock_threshold" computerName="ASUS" duration="00:00:03.4696977" startTime="2026-05-21T14:06:14.2900449+03:00" endTime="2026-05-21T14:06:14.2900454+03:00" testType="13cdc9d9-ddb5-4fa4-a97d-d965ccfc6d4b" outcome="Passed" testListId="8c84fa94-04c1-424b-9868-57a2d4851a1d" relativeResultsDirectory="4f29c51f-e2ed-420e-9f4d-ce51b04437c4" />
    <UnitTestResult executionId="0c0303eb-d72c-45c5-8a53-da6c2cc8219e" testId="1c88e101-8a8e-7201-859a-b9066ef7f21c" testName="POS.Tests.InvoiceSyncServiceTests.Push_updated_devices_sends_snapshots_and_persists_cursor" computerName="ASUS" duration="00:00:00.2370304" startTime="2026-05-21T14:06:15.0815928+03:00" endTime="2026-05-21T14:06:15.0815930+03:00" testType="13cdc9d9-ddb5-4fa4-a97d-d965ccfc6d4b" outcome="Passed" testListId="8c84fa94-04c1-424b-9868-57a2d4851a1d" relativeResultsDirectory="0c0303eb-d72c-45c5-8a53-da6c2cc8219e" />
    <UnitTestResult executionId="725e1093-5a00-4943-b912-472ad3ddb26f" testId="7542509e-5afb-609e-e0ed-c9580a7d671b" testName="POS.Tests.SyncMetadataTests.Invoice_mutations_increment_sync_version" computerName="ASUS" duration="00:00:00.6789446" startTime="2026-05-21T14:06:14.6149255+03:00" endTime="2026-05-21T14:06:14.6149259+03:00" testType="13cdc9d9-ddb5-4fa4-a97d-d965ccfc6d4b" outcome="Passed" testListId="8c84fa94-04c1-424b-9868-57a2d4851a1d" relativeResultsDirectory="725e1093-5a00-4943-b912-472ad3ddb26f" />
    <UnitTestResult executionId="28d142ac-f6d4-47fb-8ad0-add027fd92cd" testId="21c9afa1-2904-5ab8-67d6-440b77a50fd5" testName="POS.Tests.InvoiceSyncServiceTests.Push_updated_products_sends_snapshots_and_persists_cursor" computerName="ASUS" duration="00:00:00.1601140" startTime="2026-05-21T14:06:16.9161167+03:00" endTime="2026-05-21T14:06:16.9161169+03:00" testType="13cdc9d9-ddb5-4fa4-a97d-d965ccfc6d4b" outcome="Passed" testListId="8c84fa94-04c1-424b-9868-57a2d4851a1d" relativeResultsDirectory="28d142ac-f6d4-47fb-8ad0-add027fd92cd" />
    <UnitTestResult executionId="812ab5c2-fe2c-47ed-af37-36619cf1c719" testId="d4beec55-8bb4-e04e-5263-607e5d0be97e" testName="POS.Tests.ApiIntegrationTests.Sync_devices_pull_endpoint_returns_server_device_changes_after_cursor" computerName="ASUS" duration="00:00:00.9252962" startTime="2026-05-21T14:06:23.1747253+03:00" endTime="2026-05-21T14:06:23.1747255+03:00" testType="13cdc9d9-ddb5-4fa4-a97d-d965ccfc6d4b" outcome="Passed" testListId="8c84fa94-04c1-424b-9868-57a2d4851a1d" relativeResultsDirectory="812ab5c2-fe2c-47ed-af37-36619cf1c719" />
    <UnitTestResult executionId="96201dea-3b2e-49fb-a73c-4b420fbc9796" testId="406ac49f-a9db-abd8-6605-474ab1766f43" testName="POS.Tests.ApiIntegrationTests.Sync_users_push_endpoint_applies_snapshot_on_server_and_creates_missing_role" computerName="ASUS" duration="00:00:00.8144564" startTime="2026-05-21T14:06:27.8764749+03:00" endTime="2026-05-21T14:06:27.8764751+03:00" testType="13cdc9d9-ddb5-4fa4-a97d-d965ccfc6d4b" outcome="Passed" testListId="8c84fa94-04c1-424b-9868-57a2d4851a1d" relativeResultsDirectory="96201dea-3b2e-49fb-a73c-4b420fbc9796" />
    <UnitTestResult executionId="ae491148-5899-4ffa-989d-a9bd920dadbb" testId="aa81bcc1-5dd5-1acf-433e-f733cd728233" testName="POS.Tests.ApiIntegrationTests.Sync_settings_pull_endpoint_returns_server_setting_changes_after_cursor" computerName="ASUS" duration="00:00:00.5732916" startTime="2026-05-21T14:06:28.4500603+03:00" endTime="2026-05-21T14:06:28.4500612+03:00" testType="13cdc9d9-ddb5-4fa4-a97d-d965ccfc6d4b" outcome="Passed" testListId="8c84fa94-04c1-424b-9868-57a2d4851a1d" relativeResultsDirectory="ae491148-5899-4ffa-989d-a9bd920dadbb" />
    <UnitTestResult executionId="e6f0ca0c-ae36-42a1-b0e3-9973fc149c14" testId="28dca536-678a-e9d0-d276-1bcabfb4e70a" testName="POS.Tests.SyncMetadataTests.Sync_cursor_setting_save_does_not_emit_sync_change_row" computerName="ASUS" duration="00:00:00.1825331" startTime="2026-05-21T14:06:14.7968733+03:00" endTime="2026-05-21T14:06:14.7968735+03:00" testType="13cdc9d9-ddb5-4fa4-a97d-d965ccfc6d4b" outcome="Passed" testListId="8c84fa94-04c1-424b-9868-57a2d4851a1d" relativeResultsDirectory="e6f0ca0c-ae36-42a1-b0e3-9973fc149c14" />
    <UnitTestResult executionId="84c11e5a-aaa0-48e3-a41a-f83ac8bb60e3" testId="e704cf59-a5be-860b-625c-da022a9f48bb" testName="POS.Tests.InvoiceSyncServiceTests.Pull_remote_invoices_applies_snapshot_updates_inventory_and_persists_cursor" computerName="ASUS" duration="00:00:00.2635350" startTime="2026-05-21T14:06:15.3453234+03:00" endTime="2026-05-21T14:06:15.3453237+03:00" testType="13cdc9d9-ddb5-4fa4-a97d-d965ccfc6d4b" outcome="Passed" testListId="8c84fa94-04c1-424b-9868-57a2d4851a1d" relativeResultsDirectory="84c11e5a-aaa0-48e3-a41a-f83ac8bb60e3" />
    <UnitTestResult executionId="62c7c383-b6c6-451d-991a-85bb276757a4" testId="10ed7303-3338-cdca-e730-0aa588e51b2c" testName="POS.Tests.InvoiceSyncServiceTests.Pull_remote_audit_logs_applies_snapshot_and_persists_cursor" computerName="ASUS" duration="00:00:00.1199222" startTime="2026-05-21T14:06:17.5348752+03:00" endTime="2026-05-21T14:06:17.5348754+03:00" testType="13cdc9d9-ddb5-4fa4-a97d-d965ccfc6d4b" outcome="Passed" testListId="8c84fa94-04c1-424b-9868-57a2d4851a1d" relativeResultsDirectory="62c7c383-b6c6-451d-991a-85bb276757a4" />
    <UnitTestResult executionId="ab0f3f41-8ca9-4e0d-8063-8736702dcc58" testId="cd566374-774f-a109-ee1f-71e7ac86cc59" testName="POS.Tests.SyncMetadataTests.Tracked_user_save_emits_store_scoped_sync_change_row" computerName="ASUS" duration="00:00:00.1782982" startTime="2026-05-21T14:06:15.1306492+03:00" endTime="2026-05-21T14:06:15.1306494+03:00" testType="13cdc9d9-ddb5-4fa4-a97d-d965ccfc6d4b" outcome="Passed" testListId="8c84fa94-04c1-424b-9868-57a2d4851a1d" relativeResultsDirectory="ab0f3f41-8ca9-4e0d-8063-8736702dcc58" />
    <UnitTestResult executionId="eee48275-159c-43f2-b41d-a407340581cc" testId="7416d6d4-e56d-4258-3f01-88f6f1561081" testName="POS.Tests.ApiIntegrationTests.Sync_product_push_endpoint_applies_snapshot_on_server" computerName="ASUS" duration="00:00:00.5942678" startTime="2026-05-21T14:06:32.1161491+03:00" endTime="2026-05-21T14:06:32.1161497+03:00" testType="13cdc9d9-ddb5-4fa4-a97d-d965ccfc6d4b" outcome="Passed" testListId="8c84fa94-04c1-424b-9868-57a2d4851a1d" relativeResultsDirectory="eee48275-159c-43f2-b41d-a407340581cc" />
    <UnitTestResult executionId="a1b703f9-23fc-46dd-98e2-2345df9ebf3c" testId="652c050b-d14c-c4b8-7605-fbfc86c2e75e" testName="POS.Tests.AuditLogTests.Product_update_writes_product_and_manual_stock_audits" computerName="ASUS" duration="00:00:03.5325036" startTime="2026-05-21T14:06:14.3513297+03:00" endTime="2026-05-21T14:06:14.3513299+03:00" testType="13cdc9d9-ddb5-4fa4-a97d-d965ccfc6d4b" outcome="Passed" testListId="8c84fa94-04c1-424b-9868-57a2d4851a1d" relativeResultsDirectory="a1b703f9-23fc-46dd-98e2-2345df9ebf3c" />
    <UnitTestResult executionId="98d67f6b-67ec-4ef6-bc63-39310c194fa4" testId="ed0f8c76-67bb-5864-f350-751c29b914c9" testName="POS.Tests.ApiIntegrationTests.Sync_audit_logs_pull_endpoint_returns_server_audit_changes_after_cursor" computerName="ASUS" duration="00:00:00.5959793" startTime="2026-05-21T14:06:29.6765780+03:00" endTime="2026-05-21T14:06:29.6765782+03:00" testType="13cdc9d9-ddb5-4fa4-a97d-d965ccfc6d4b" outcome="Passed" testListId="8c84fa94-04c1-424b-9868-57a2d4851a1d" relativeResultsDirectory="98d67f6b-67ec-4ef6-bc63-39310c194fa4" />
    <UnitTestResult executionId="63d492f3-f24b-4a6f-8d8c-6c230b735e68" testId="a3ff68e3-f599-f05f-4bc8-b0a94354099f" testName="POS.Tests.CurrencyConversionTests.ToBase_same_rate_is_identity" computerName="ASUS" duration="00:00:00.0003503" startTime="2026-05-21T14:06:10.9309653+03:00" endTime="2026-05-21T14:06:10.9309654+03:00" testType="13cdc9d9-ddb5-4fa4-a97d-d965ccfc6d4b" outcome="Passed" testListId="8c84fa94-04c1-424b-9868-57a2d4851a1d" relativeResultsDirectory="63d492f3-f24b-4a6f-8d8c-6c230b735e68" />
    <UnitTestResult executionId="d7b061e0-6ff2-471a-af45-8f85aa6c8497" testId="60c7eb3e-afd1-29e6-3a0d-9062d3397450" testName="POS.Tests.InvoiceSyncServiceTests.Push_currency_policy_sends_snapshot_and_persists_cursor" computerName="ASUS" duration="00:00:00.1647447" startTime="2026-05-21T14:06:16.2158015+03:00" endTime="2026-05-21T14:06:16.2158020+03:00" testType="13cdc9d9-ddb5-4fa4-a97d-d965ccfc6d4b" outcome="Passed" testListId="8c84fa94-04c1-424b-9868-57a2d4851a1d" relativeResultsDirectory="d7b061e0-6ff2-471a-af45-8f85aa6c8497" />
    <UnitTestResult executionId="38ee129a-c414-4a4d-851e-45b9eb0ccdd2" testId="3bab6a12-176a-4b40-df1c-1344d20e4493" testName="POS.Tests.ApiIntegrationTests.Sync_endpoint_applies_invoice_snapshot_and_reports_conflict_for_stale_version" computerName="ASUS" duration="00:00:00.6301512" startTime="2026-05-21T14:06:29.0803457+03:00" endTime="2026-05-21T14:06:29.0803458+03:00" testType="13cdc9d9-ddb5-4fa4-a97d-d965ccfc6d4b" outcome="Passed" testListId="8c84fa94-04c1-424b-9868-57a2d4851a1d" relativeResultsDirectory="38ee129a-c414-4a4d-851e-45b9eb0ccdd2" />
    <UnitTestResult executionId="de55c6a6-06db-464b-8ead-2de13e1df959" testId="dc7608db-b803-d9ad-2276-b67da9722d2b" testName="POS.Tests.InvoiceSyncServiceTests.Pull_remote_devices_applies_snapshot_and_persists_cursor" computerName="ASUS" duration="00:00:00.2378732" startTime="2026-05-21T14:06:14.3900113+03:00" endTime="2026-05-21T14:06:14.3900129+03:00" testType="13cdc9d9-ddb5-4fa4-a97d-d965ccfc6d4b" outcome="Passed" testListId="8c84fa94-04c1-424b-9868-57a2d4851a1d" relativeResultsDirectory="de55c6a6-06db-464b-8ead-2de13e1df959" />
  </Results>
  <TestDefinitions>
    <UnitTest name="POS.Tests.InvoiceSyncServiceTests.Pull_remote_audit_logs_applies_snapshot_and_persists_cursor" storage="c:\projects\pos\tests\pos.tests\bin\debug\net8.0\pos.tests.dll" id="10ed7303-3338-cdca-e730-0aa588e51b2c">
      <Execution id="62c7c383-b6c6-451d-991a-85bb276757a4" />
      <TestMethod codeBase="C:\projects\POS\tests\POS.Tests\bin\Debug\net8.0\POS.Tests.dll" adapterTypeName="executor://xunit/VsTestRunner2/netcoreapp" className="POS.Tests.InvoiceSyncServiceTests" name="Pull_remote_audit_logs_applies_snapshot_and_persists_cursor" />
    </UnitTest>
    <UnitTest name="POS.Tests.InvoiceSyncServiceTests.Pull_remote_products_applies_snapshot_updates_inventory_and_persists_cursor" storage="c:\projects\pos\tests\pos.tests\bin\debug\net8.0\pos.tests.dll" id="90b500e4-4cec-b83e-782d-50b128475173">
      <Execution id="27f7ba2e-d7e9-4a72-9817-faeeabf63501" />
      <TestMethod codeBase="C:\projects\POS\tests\POS.Tests\bin\Debug\net8.0\POS.Tests.dll" adapterTypeName="executor://xunit/VsTestRunner2/netcoreapp" className="POS.Tests.InvoiceSyncServiceTests" name="Pull_remote_products_applies_snapshot_updates_inventory_and_persists_cursor" />
    </UnitTest>
    <UnitTest name="POS.Tests.ApiIntegrationTests.Sync_devices_push_endpoint_skips_older_same_name_snapshot_without_changing_server_device_identity" storage="c:\projects\pos\tests\pos.tests\bin\debug\net8.0\pos.tests.dll" id="7bf4d9e4-505b-c4e2-ab4a-19827318a1d0">
      <Execution id="7315b5a0-f9fb-4b06-ae98-ff973a08d46e" />
      <TestMethod codeBase="C:\projects\POS\tests\POS.Tests\bin\Debug\net8.0\POS.Tests.dll" adapterTypeName="executor://xunit/VsTestRunner2/netcoreapp" className="POS.Tests.ApiIntegrationTests" name="Sync_devices_push_endpoint_skips_older_same_name_snapshot_without_changing_server_device_identity" />
    </UnitTest>
    <UnitTest name="POS.Tests.WebIntegrationTests.Management_postbacks_create_user_and_persist_operational_settings" storage="c:\projects\pos\tests\pos.tests\bin\debug\net8.0\pos.tests.dll" id="426fc058-a14c-0d44-caba-3b3cceddcea2">
      <Execution id="c2bcca28-d796-4d9c-ba5f-1f3a8813031c" />
      <TestMethod codeBase="C:\projects\POS\tests\POS.Tests\bin\Debug\net8.0\POS.Tests.dll" adapterTypeName="executor://xunit/VsTestRunner2/netcoreapp" className="POS.Tests.WebIntegrationTests" name="Management_postbacks_create_user_and_persist_operational_settings" />
    </UnitTest>
    <UnitTest name="POS.Tests.ApiIntegrationTests.Sync_settings_push_endpoint_applies_snapshot_on_server" storage="c:\projects\pos\tests\pos.tests\bin\debug\net8.0\pos.tests.dll" id="30b5d756-adfc-f568-265b-5e3e4ff673c3">
      <Execution id="531bad1f-bb12-4745-a000-e9c8c1898ef3" />
      <TestMethod codeBase="C:\projects\POS\tests\POS.Tests\bin\Debug\net8.0\POS.Tests.dll" adapterTypeName="executor://xunit/VsTestRunner2/netcoreapp" className="POS.Tests.ApiIntegrationTests" name="Sync_settings_push_endpoint_applies_snapshot_on_server" />
    </UnitTest>
    <UnitTest name="POS.Tests.ApiIntegrationTests.Sync_product_pull_endpoint_returns_server_product_changes_after_cursor" storage="c:\projects\pos\tests\pos.tests\bin\debug\net8.0\pos.tests.dll" id="e4221f37-9e5f-6627-e042-951eeaffa750">
      <Execution id="bbdb81f8-276c-44e7-af96-a663849d8ae0" />
      <TestMethod codeBase="C:\projects\POS\tests\POS.Tests\bin\Debug\net8.0\POS.Tests.dll" adapterTypeName="executor://xunit/VsTestRunner2/netcoreapp" className="POS.Tests.ApiIntegrationTests" name="Sync_product_pull_endpoint_returns_server_product_changes_after_cursor" />
    </UnitTest>
    <UnitTest name="POS.Tests.SyncMetadataTests.Invoice_mutations_increment_sync_version" storage="c:\projects\pos\tests\pos.tests\bin\debug\net8.0\pos.tests.dll" id="7542509e-5afb-609e-e0ed-c9580a7d671b">
      <Execution id="725e1093-5a00-4943-b912-472ad3ddb26f" />
      <TestMethod codeBase="C:\projects\POS\tests\POS.Tests\bin\Debug\net8.0\POS.Tests.dll" adapterTypeName="executor://xunit/VsTestRunner2/netcoreapp" className="POS.Tests.SyncMetadataTests" name="Invoice_mutations_increment_sync_version" />
    </UnitTest>
    <UnitTest name="POS.Tests.InvoiceSyncServiceTests.Push_updated_products_sends_snapshots_and_persists_cursor" storage="c:\projects\pos\tests\pos.tests\bin\debug\net8.0\pos.tests.dll" id="21c9afa1-2904-5ab8-67d6-440b77a50fd5">
      <Execution id="28d142ac-f6d4-47fb-8ad0-add027fd92cd" />
      <TestMethod codeBase="C:\projects\POS\tests\POS.Tests\bin\Debug\net8.0\POS.Tests.dll" adapterTypeName="executor://xunit/VsTestRunner2/netcoreapp" className="POS.Tests.InvoiceSyncServiceTests" name="Push_updated_products_sends_snapshots_and_persists_cursor" />
    </UnitTest>
    <UnitTest name="POS.Tests.SaleServiceSettingsTests.Negative_stock_policy_blocks_when_disabled" storage="c:\projects\pos\tests\pos.tests\bin\debug\net8.0\pos.tests.dll" id="986bd36d-0e1d-f0d2-3e67-0ef978eb3cdb">
      <Execution id="8c5b5b46-56ad-4d0c-9f4c-b2afbe15ea74" />
      <TestMethod codeBase="C:\projects\POS\tests\POS.Tests\bin\Debug\net8.0\POS.Tests.dll" adapterTypeName="executor://xunit/VsTestRunner2/netcoreapp" className="POS.Tests.SaleServiceSettingsTests" name="Negative_stock_policy_blocks_when_disabled" />
    </UnitTest>
    <UnitTest name="POS.Tests.ApiIntegrationTests.Lifecycle_endpoints_transition_invoice_status_and_allow_refund_after_payment" storage="c:\projects\pos\tests\pos.tests\bin\debug\net8.0\pos.tests.dll" id="daadd110-ba0d-c21e-bd3c-a936ce19c5d5">
      <Execution id="dbcc798f-6bfc-40cd-a5e3-2e819d486d92" />
      <TestMethod codeBase="C:\projects\POS\tests\POS.Tests\bin\Debug\net8.0\POS.Tests.dll" adapterTypeName="executor://xunit/VsTestRunner2/netcoreapp" className="POS.Tests.ApiIntegrationTests" name="Lifecycle_endpoints_transition_invoice_status_and_allow_refund_after_payment" />
    </UnitTest>
    <UnitTest name="POS.Tests.InvoiceSyncServiceTests.Push_updated_devices_sends_snapshots_and_persists_cursor" storage="c:\projects\pos\tests\pos.tests\bin\debug\net8.0\pos.tests.dll" id="1c88e101-8a8e-7201-859a-b9066ef7f21c">
      <Execution id="0c0303eb-d72c-45c5-8a53-da6c2cc8219e" />
      <TestMethod codeBase="C:\projects\POS\tests\POS.Tests\bin\Debug\net8.0\POS.Tests.dll" adapterTypeName="executor://xunit/VsTestRunner2/netcoreapp" className="POS.Tests.InvoiceSyncServiceTests" name="Push_updated_devices_sends_snapshots_and_persists_cursor" />
    </UnitTest>
    <UnitTest name="POS.Tests.CurrencyConversionTests.ToBase_converts_using_rate_ratio" storage="c:\projects\pos\tests\pos.tests\bin\debug\net8.0\pos.tests.dll" id="e7cd6e02-6031-1f3f-466f-32a7997cdadc">
      <Execution id="33834161-d39f-4f58-8885-42556dff0924" />
      <TestMethod codeBase="C:\projects\POS\tests\POS.Tests\bin\Debug\net8.0\POS.Tests.dll" adapterTypeName="executor://xunit/VsTestRunner2/netcoreapp" className="POS.Tests.CurrencyConversionTests" name="ToBase_converts_using_rate_ratio" />
    </UnitTest>
    <UnitTest name="POS.Tests.InvoiceSyncServiceTests.Push_currency_policy_sends_snapshot_and_persists_cursor" storage="c:\projects\pos\tests\pos.tests\bin\debug\net8.0\pos.tests.dll" id="60c7eb3e-afd1-29e6-3a0d-9062d3397450">
      <Execution id="d7b061e0-6ff2-471a-af45-8f85aa6c8497" />
      <TestMethod codeBase="C:\projects\POS\tests\POS.Tests\bin\Debug\net8.0\POS.Tests.dll" adapterTypeName="executor://xunit/VsTestRunner2/netcoreapp" className="POS.Tests.InvoiceSyncServiceTests" name="Push_currency_policy_sends_snapshot_and_persists_cursor" />
    </UnitTest>
    <UnitTest name="POS.Tests.LineTotalTests.Line_total_handles_midpoint_decimal" storage="c:\projects\pos\tests\pos.tests\bin\debug\net8.0\pos.tests.dll" id="1f34e7a7-5750-e733-ef19-438e12e21a26">
      <Execution id="65f93d34-40c3-4b25-b67d-9eeefd25da88" />
      <TestMethod codeBase="C:\projects\POS\tests\POS.Tests\bin\Debug\net8.0\POS.Tests.dll" adapterTypeName="executor://xunit/VsTestRunner2/netcoreapp" className="POS.Tests.LineTotalTests" name="Line_total_handles_midpoint_decimal" />
    </UnitTest>
    <UnitTest name="POS.Tests.SyncMetadataTests.New_sale_assigns_device_and_initial_sync_metadata" storage="c:\projects\pos\tests\pos.tests\bin\debug\net8.0\pos.tests.dll" id="ae94d76e-57d7-9ebf-e9f3-15d5b87775f5">
      <Execution id="8a977ee4-f859-4c46-ab1d-04f71c0e0a84" />
      <TestMethod codeBase="C:\projects\POS\tests\POS.Tests\bin\Debug\net8.0\POS.Tests.dll" adapterTypeName="executor://xunit/VsTestRunner2/netcoreapp" className="POS.Tests.SyncMetadataTests" name="New_sale_assigns_device_and_initial_sync_metadata" />
    </UnitTest>
    <UnitTest name="POS.Tests.LineTotalTests.Line_total_rounds_away_from_zero" storage="c:\projects\pos\tests\pos.tests\bin\debug\net8.0\pos.tests.dll" id="8d315db6-2a0e-4c64-fe64-6d9dab174c37">
      <Execution id="abb634ab-19ae-41df-9152-be7c0538394b" />
      <TestMethod codeBase="C:\projects\POS\tests\POS.Tests\bin\Debug\net8.0\POS.Tests.dll" adapterTypeName="executor://xunit/VsTestRunner2/netcoreapp" className="POS.Tests.LineTotalTests" name="Line_total_rounds_away_from_zero" />
    </UnitTest>
    <UnitTest name="POS.Tests.ApiIntegrationTests.Sync_currency_policy_push_endpoint_applies_newer_policy_on_server" storage="c:\projects\pos\tests\pos.tests\bin\debug\net8.0\pos.tests.dll" id="7c648003-73c0-0119-a724-1a61f1ad9e1e">
      <Execution id="493e8f71-0d26-4808-909b-95fc1ca87626" />
      <TestMethod codeBase="C:\projects\POS\tests\POS.Tests\bin\Debug\net8.0\POS.Tests.dll" adapterTypeName="executor://xunit/VsTestRunner2/netcoreapp" className="POS.Tests.ApiIntegrationTests" name="Sync_currency_policy_push_endpoint_applies_newer_policy_on_server" />
    </UnitTest>
    <UnitTest name="POS.Tests.InvoiceSyncServiceTests.Pull_currency_policy_applies_snapshot_and_persists_cursors" storage="c:\projects\pos\tests\pos.tests\bin\debug\net8.0\pos.tests.dll" id="4bb901e6-8f3f-4842-06d2-05b25401fef0">
      <Execution id="a1a9ecec-9f2a-4e9b-a13a-a43f5af3de46" />
      <TestMethod codeBase="C:\projects\POS\tests\POS.Tests\bin\Debug\net8.0\POS.Tests.dll" adapterTypeName="executor://xunit/VsTestRunner2/netcoreapp" className="POS.Tests.InvoiceSyncServiceTests" name="Pull_currency_policy_applies_snapshot_and_persists_cursors" />
    </UnitTest>
    <UnitTest name="POS.Tests.SyncMetadataTests.Tracked_user_save_emits_store_scoped_sync_change_row" storage="c:\projects\pos\tests\pos.tests\bin\debug\net8.0\pos.tests.dll" id="cd566374-774f-a109-ee1f-71e7ac86cc59">
      <Execution id="ab0f3f41-8ca9-4e0d-8063-8736702dcc58" />
      <TestMethod codeBase="C:\projects\POS\tests\POS.Tests\bin\Debug\net8.0\POS.Tests.dll" adapterTypeName="executor://xunit/VsTestRunner2/netcoreapp" className="POS.Tests.SyncMetadataTests" name="Tracked_user_save_emits_store_scoped_sync_change_row" />
    </UnitTest>
    <UnitTest name="POS.Tests.ApiIntegrationTests.Sync_devices_push_endpoint_applies_snapshot_on_server" storage="c:\projects\pos\tests\pos.tests\bin\debug\net8.0\pos.tests.dll" id="0050df26-b947-58b4-c4b4-6f2f659a251a">
      <Execution id="92d1a394-9365-4887-82cb-2e5c93ab5d77" />
      <TestMethod codeBase="C:\projects\POS\tests\POS.Tests\bin\Debug\net8.0\POS.Tests.dll" adapterTypeName="executor://xunit/VsTestRunner2/netcoreapp" className="POS.Tests.ApiIntegrationTests" name="Sync_devices_push_endpoint_applies_snapshot_on_server" />
    </UnitTest>
    <UnitTest name="POS.Tests.ApiIntegrationTests.Sync_endpoint_reconciles_inventory_when_paid_invoice_is_later_refunded" storage="c:\projects\pos\tests\pos.tests\bin\debug\net8.0\pos.tests.dll" id="d8188e0c-4832-e29a-22ae-965c7b053d74">
      <Execution id="adee9c61-fbc3-4a7b-b033-224b9dd4eaa7" />
      <TestMethod codeBase="C:\projects\POS\tests\POS.Tests\bin\Debug\net8.0\POS.Tests.dll" adapterTypeName="executor://xunit/VsTestRunner2/netcoreapp" className="POS.Tests.ApiIntegrationTests" name="Sync_endpoint_reconciles_inventory_when_paid_invoice_is_later_refunded" />
    </UnitTest>
    <UnitTest name="POS.Tests.CurrencyConversionTests.ToBase_zero_base_rate_throws" storage="c:\projects\pos\tests\pos.tests\bin\debug\net8.0\pos.tests.dll" id="6c59921a-70d3-7570-64ad-d2dff5146048">
      <Execution id="f4c80a7c-caf3-439a-8228-729fdeecb890" />
      <TestMethod codeBase="C:\projects\POS\tests\POS.Tests\bin\Debug\net8.0\POS.Tests.dll" adapterTypeName="executor://xunit/VsTestRunner2/netcoreapp" className="POS.Tests.CurrencyConversionTests" name="ToBase_zero_base_rate_throws" />
    </UnitTest>
    <UnitTest name="POS.Tests.InvoiceSyncServiceTests.Pull_remote_settings_applies_snapshot_and_persists_cursor" storage="c:\projects\pos\tests\pos.tests\bin\debug\net8.0\pos.tests.dll" id="2a6bea22-6cfa-b098-fbb1-89db86be6be6">
      <Execution id="c6b8e2d3-6143-4de4-95e5-f6e56b29f0ad" />
      <TestMethod codeBase="C:\projects\POS\tests\POS.Tests\bin\Debug\net8.0\POS.Tests.dll" adapterTypeName="executor://xunit/VsTestRunner2/netcoreapp" className="POS.Tests.InvoiceSyncServiceTests" name="Pull_remote_settings_applies_snapshot_and_persists_cursor" />
    </UnitTest>
    <UnitTest name="POS.Tests.InvoiceSyncServiceTests.Pull_remote_users_applies_snapshot_creates_role_and_persists_cursor" storage="c:\projects\pos\tests\pos.tests\bin\debug\net8.0\pos.tests.dll" id="4ab80519-a504-dfd8-520e-6faf8362710e">
      <Execution id="fdb0cc10-8e02-4fac-b36c-fe55004abe6e" />
      <TestMethod codeBase="C:\projects\POS\tests\POS.Tests\bin\Debug\net8.0\POS.Tests.dll" adapterTypeName="executor://xunit/VsTestRunner2/netcoreapp" className="POS.Tests.InvoiceSyncServiceTests" name="Pull_remote_users_applies_snapshot_creates_role_and_persists_cursor" />
    </UnitTest>
    <UnitTest name="POS.Tests.InvoiceSyncServiceTests.Push_unsynced_invoices_marks_local_invoice_synced_when_server_accepts" storage="c:\projects\pos\tests\pos.tests\bin\debug\net8.0\pos.tests.dll" id="92deb2b5-8a60-64f9-32a1-d5189eb1991a">
      <Execution id="912e84de-c4bf-4af1-b684-e4f234456cb7" />
      <TestMethod codeBase="C:\projects\POS\tests\POS.Tests\bin\Debug\net8.0\POS.Tests.dll" adapterTypeName="executor://xunit/VsTestRunner2/netcoreapp" className="POS.Tests.InvoiceSyncServiceTests" name="Push_unsynced_invoices_marks_local_invoice_synced_when_server_accepts" />
    </UnitTest>
    <UnitTest name="POS.Tests.AuditLogTests.Product_update_writes_product_and_manual_stock_audits" storage="c:\projects\pos\tests\pos.tests\bin\debug\net8.0\pos.tests.dll" id="652c050b-d14c-c4b8-7605-fbfc86c2e75e">
      <Execution id="a1b703f9-23fc-46dd-98e2-2345df9ebf3c" />
      <TestMethod codeBase="C:\projects\POS\tests\POS.Tests\bin\Debug\net8.0\POS.Tests.dll" adapterTypeName="executor://xunit/VsTestRunner2/netcoreapp" className="POS.Tests.AuditLogTests" name="Product_update_writes_product_and_manual_stock_audits" />
    </UnitTest>
    <UnitTest name="POS.Tests.ApiIntegrationTests.Sync_category_pull_endpoint_returns_server_category_changes_after_cursor" storage="c:\projects\pos\tests\pos.tests\bin\debug\net8.0\pos.tests.dll" id="a8088a4c-fb11-8488-280a-49105ec1c2fb">
      <Execution id="3206a750-044b-4a8b-b20d-c5b466e89e83" />
      <TestMethod codeBase="C:\projects\POS\tests\POS.Tests\bin\Debug\net8.0\POS.Tests.dll" adapterTypeName="executor://xunit/VsTestRunner2/netcoreapp" className="POS.Tests.ApiIntegrationTests" name="Sync_category_pull_endpoint_returns_server_category_changes_after_cursor" />
    </UnitTest>
    <UnitTest name="POS.Tests.ApiIntegrationTests.Sync_users_push_endpoint_applies_snapshot_on_server_and_creates_missing_role" storage="c:\projects\pos\tests\pos.tests\bin\debug\net8.0\pos.tests.dll" id="406ac49f-a9db-abd8-6605-474ab1766f43">
      <Execution id="96201dea-3b2e-49fb-a73c-4b420fbc9796" />
      <TestMethod codeBase="C:\projects\POS\tests\POS.Tests\bin\Debug\net8.0\POS.Tests.dll" adapterTypeName="executor://xunit/VsTestRunner2/netcoreapp" className="POS.Tests.ApiIntegrationTests" name="Sync_users_push_endpoint_applies_snapshot_on_server_and_creates_missing_role" />
    </UnitTest>
    <UnitTest name="POS.Tests.InvoiceSyncServiceTests.Push_updated_categories_resumes_from_persisted_numeric_sequence_cursor" storage="c:\projects\pos\tests\pos.tests\bin\debug\net8.0\pos.tests.dll" id="85b3b6ed-94d3-2ff9-a2cb-8b0e3ee6b4db">
      <Execution id="5f5c4862-51bc-4959-a34e-fc74c47cd366" />
      <TestMethod codeBase="C:\projects\POS\tests\POS.Tests\bin\Debug\net8.0\POS.Tests.dll" adapterTypeName="executor://xunit/VsTestRunner2/netcoreapp" className="POS.Tests.InvoiceSyncServiceTests" name="Push_updated_categories_resumes_from_persisted_numeric_sequence_cursor" />
    </UnitTest>
    <UnitTest name="POS.Tests.SyncMetadataTests.Sync_cursor_setting_save_does_not_emit_sync_change_row" storage="c:\projects\pos\tests\pos.tests\bin\debug\net8.0\pos.tests.dll" id="28dca536-678a-e9d0-d276-1bcabfb4e70a">
      <Execution id="e6f0ca0c-ae36-42a1-b0e3-9973fc149c14" />
      <TestMethod codeBase="C:\projects\POS\tests\POS.Tests\bin\Debug\net8.0\POS.Tests.dll" adapterTypeName="executor://xunit/VsTestRunner2/netcoreapp" className="POS.Tests.SyncMetadataTests" name="Sync_cursor_setting_save_does_not_emit_sync_change_row" />
    </UnitTest>
    <UnitTest name="POS.Tests.ApiIntegrationTests.Cash_sale_flow_returns_updated_snapshots_and_receipt" storage="c:\projects\pos\tests\pos.tests\bin\debug\net8.0\pos.tests.dll" id="c066c2df-147c-a15a-a61f-ea4ea453263b">
      <Execution id="34f1aec9-5f00-4a00-8980-9c80a4a8823b" />
      <TestMethod codeBase="C:\projects\POS\tests\POS.Tests\bin\Debug\net8.0\POS.Tests.dll" adapterTypeName="executor://xunit/VsTestRunner2/netcoreapp" className="POS.Tests.ApiIntegrationTests" name="Cash_sale_flow_returns_updated_snapshots_and_receipt" />
    </UnitTest>
    <UnitTest name="POS.Tests.InvoiceSyncServiceTests.Pull_remote_devices_applies_snapshot_and_persists_cursor" storage="c:\projects\pos\tests\pos.tests\bin\debug\net8.0\pos.tests.dll" id="dc7608db-b803-d9ad-2276-b67da9722d2b">
      <Execution id="de55c6a6-06db-464b-8ead-2de13e1df959" />
      <TestMethod codeBase="C:\projects\POS\tests\POS.Tests\bin\Debug\net8.0\POS.Tests.dll" adapterTypeName="executor://xunit/VsTestRunner2/netcoreapp" className="POS.Tests.InvoiceSyncServiceTests" name="Pull_remote_devices_applies_snapshot_and_persists_cursor" />
    </UnitTest>
    <UnitTest name="POS.Tests.CurrencyConversionTests.ToBase_same_rate_is_identity" storage="c:\projects\pos\tests\pos.tests\bin\debug\net8.0\pos.tests.dll" id="a3ff68e3-f599-f05f-4bc8-b0a94354099f">
      <Execution id="63d492f3-f24b-4a6f-8d8c-6c230b735e68" />
      <TestMethod codeBase="C:\projects\POS\tests\POS.Tests\bin\Debug\net8.0\POS.Tests.dll" adapterTypeName="executor://xunit/VsTestRunner2/netcoreapp" className="POS.Tests.CurrencyConversionTests" name="ToBase_same_rate_is_identity" />
    </UnitTest>
    <UnitTest name="POS.Tests.InvoiceSyncServiceTests.Push_updated_users_sends_snapshots_and_persists_cursor" storage="c:\projects\pos\tests\pos.tests\bin\debug\net8.0\pos.tests.dll" id="8caed3c1-0240-0112-54fb-7af6d16ea07c">
      <Execution id="c500dda0-71da-4fa7-9100-ea3a1c941669" />
      <TestMethod codeBase="C:\projects\POS\tests\POS.Tests\bin\Debug\net8.0\POS.Tests.dll" adapterTypeName="executor://xunit/VsTestRunner2/netcoreapp" className="POS.Tests.InvoiceSyncServiceTests" name="Push_updated_users_sends_snapshots_and_persists_cursor" />
    </UnitTest>
    <UnitTest name="POS.Tests.ApiIntegrationTests.Sync_devices_pull_endpoint_returns_server_device_changes_after_cursor" storage="c:\projects\pos\tests\pos.tests\bin\debug\net8.0\pos.tests.dll" id="d4beec55-8bb4-e04e-5263-607e5d0be97e">
      <Execution id="812ab5c2-fe2c-47ed-af37-36619cf1c719" />
      <TestMethod codeBase="C:\projects\POS\tests\POS.Tests\bin\Debug\net8.0\POS.Tests.dll" adapterTypeName="executor://xunit/VsTestRunner2/netcoreapp" className="POS.Tests.ApiIntegrationTests" name="Sync_devices_pull_endpoint_returns_server_device_changes_after_cursor" />
    </UnitTest>
    <UnitTest name="POS.Tests.InvoiceSyncServiceTests.Push_updated_settings_sends_snapshots_and_persists_cursor" storage="c:\projects\pos\tests\pos.tests\bin\debug\net8.0\pos.tests.dll" id="340de893-fb2a-1668-befc-9e5785d88e96">
      <Execution id="79c4d96b-32bb-4c9f-bb8f-7dd22249ed76" />
      <TestMethod codeBase="C:\projects\POS\tests\POS.Tests\bin\Debug\net8.0\POS.Tests.dll" adapterTypeName="executor://xunit/VsTestRunner2/netcoreapp" className="POS.Tests.InvoiceSyncServiceTests" name="Push_updated_settings_sends_snapshots_and_persists_cursor" />
    </UnitTest>
    <UnitTest name="POS.Tests.InvoiceSyncServiceTests.Pull_remote_devices_skips_older_same_name_snapshot_without_changing_local_device_identity" storage="c:\projects\pos\tests\pos.tests\bin\debug\net8.0\pos.tests.dll" id="6a510e97-aa63-7844-dc18-473fe572af25">
      <Execution id="a12da253-35aa-4579-9744-73a61ea982cc" />
      <TestMethod codeBase="C:\projects\POS\tests\POS.Tests\bin\Debug\net8.0\POS.Tests.dll" adapterTypeName="executor://xunit/VsTestRunner2/netcoreapp" className="POS.Tests.InvoiceSyncServiceTests" name="Pull_remote_devices_skips_older_same_name_snapshot_without_changing_local_device_identity" />
    </UnitTest>
    <UnitTest name="POS.Tests.InvoiceSyncServiceTests.Push_updated_categories_sends_snapshots_and_persists_cursor" storage="c:\projects\pos\tests\pos.tests\bin\debug\net8.0\pos.tests.dll" id="7332bb65-ad3a-168f-042e-1329d1c21107">
      <Execution id="e0e07f7c-e867-46b0-b5be-8e028938f4f6" />
      <TestMethod codeBase="C:\projects\POS\tests\POS.Tests\bin\Debug\net8.0\POS.Tests.dll" adapterTypeName="executor://xunit/VsTestRunner2/netcoreapp" className="POS.Tests.InvoiceSyncServiceTests" name="Push_updated_categories_sends_snapshots_and_persists_cursor" />
    </UnitTest>
    <UnitTest name="POS.Tests.ApiIntegrationTests.Sync_currency_policy_pull_endpoint_returns_newer_server_policy" storage="c:\projects\pos\tests\pos.tests\bin\debug\net8.0\pos.tests.dll" id="bbf1eece-04dc-2fd0-b4f6-d049225ca1d9">
      <Execution id="beb82602-9d0f-44d4-81e9-2ada4aaa9f48" />
      <TestMethod codeBase="C:\projects\POS\tests\POS.Tests\bin\Debug\net8.0\POS.Tests.dll" adapterTypeName="executor://xunit/VsTestRunner2/netcoreapp" className="POS.Tests.ApiIntegrationTests" name="Sync_currency_policy_pull_endpoint_returns_newer_server_policy" />
    </UnitTest>
    <UnitTest name="POS.Tests.ApiIntegrationTests.Sync_audit_logs_pull_endpoint_returns_server_audit_changes_after_cursor" storage="c:\projects\pos\tests\pos.tests\bin\debug\net8.0\pos.tests.dll" id="ed0f8c76-67bb-5864-f350-751c29b914c9">
      <Execution id="98d67f6b-67ec-4ef6-bc63-39310c194fa4" />
      <TestMethod codeBase="C:\projects\POS\tests\POS.Tests\bin\Debug\net8.0\POS.Tests.dll" adapterTypeName="executor://xunit/VsTestRunner2/netcoreapp" className="POS.Tests.ApiIntegrationTests" name="Sync_audit_logs_pull_endpoint_returns_server_audit_changes_after_cursor" />
    </UnitTest>
    <UnitTest name="POS.Tests.ApiIntegrationTests.Sync_product_push_endpoint_applies_snapshot_on_server" storage="c:\projects\pos\tests\pos.tests\bin\debug\net8.0\pos.tests.dll" id="7416d6d4-e56d-4258-3f01-88f6f1561081">
      <Execution id="eee48275-159c-43f2-b41d-a407340581cc" />
      <TestMethod codeBase="C:\projects\POS\tests\POS.Tests\bin\Debug\net8.0\POS.Tests.dll" adapterTypeName="executor://xunit/VsTestRunner2/netcoreapp" className="POS.Tests.ApiIntegrationTests" name="Sync_product_push_endpoint_applies_snapshot_on_server" />
    </UnitTest>
    <UnitTest name="POS.Tests.ApiIntegrationTests.Login_and_catalog_endpoints_return_seeded_data" storage="c:\projects\pos\tests\pos.tests\bin\debug\net8.0\pos.tests.dll" id="1591ecf0-66d5-413a-ed23-c8a2ebf63ec4">
      <Execution id="312d7fba-1bee-4d15-965a-7521f7b96e5f" />
      <TestMethod codeBase="C:\projects\POS\tests\POS.Tests\bin\Debug\net8.0\POS.Tests.dll" adapterTypeName="executor://xunit/VsTestRunner2/netcoreapp" className="POS.Tests.ApiIntegrationTests" name="Login_and_catalog_endpoints_return_seeded_data" />
    </UnitTest>
    <UnitTest name="POS.Tests.InvoiceSyncServiceTests.Pull_remote_categories_applies_snapshot_and_persists_cursor" storage="c:\projects\pos\tests\pos.tests\bin\debug\net8.0\pos.tests.dll" id="7644cd85-3bbc-2e2a-8057-dcc426f641a0">
      <Execution id="6334fc41-ec6f-4445-a33d-35094bb2f348" />
      <TestMethod codeBase="C:\projects\POS\tests\POS.Tests\bin\Debug\net8.0\POS.Tests.dll" adapterTypeName="executor://xunit/VsTestRunner2/netcoreapp" className="POS.Tests.InvoiceSyncServiceTests" name="Pull_remote_categories_applies_snapshot_and_persists_cursor" />
    </UnitTest>
    <UnitTest name="POS.Tests.ApiIntegrationTests.Sync_audit_logs_push_endpoint_applies_snapshot_on_server" storage="c:\projects\pos\tests\pos.tests\bin\debug\net8.0\pos.tests.dll" id="d2a709b9-b92d-ae03-6f86-4196e0eef0f2">
      <Execution id="902e18a1-286a-4eff-968f-d65379af96ab" />
      <TestMethod codeBase="C:\projects\POS\tests\POS.Tests\bin\Debug\net8.0\POS.Tests.dll" adapterTypeName="executor://xunit/VsTestRunner2/netcoreapp" className="POS.Tests.ApiIntegrationTests" name="Sync_audit_logs_push_endpoint_applies_snapshot_on_server" />
    </UnitTest>
    <UnitTest name="POS.Tests.SettingsServiceTests.Search_products_uses_configured_low_stock_threshold" storage="c:\projects\pos\tests\pos.tests\bin\debug\net8.0\pos.tests.dll" id="b821df00-112c-df99-f89b-86fee22c4368">
      <Execution id="4f29c51f-e2ed-420e-9f4d-ce51b04437c4" />
      <TestMethod codeBase="C:\projects\POS\tests\POS.Tests\bin\Debug\net8.0\POS.Tests.dll" adapterTypeName="executor://xunit/VsTestRunner2/netcoreapp" className="POS.Tests.SettingsServiceTests" name="Search_products_uses_configured_low_stock_threshold" />
    </UnitTest>
    <UnitTest name="POS.Tests.AuditLogTests.Currency_policy_update_writes_audit_row" storage="c:\projects\pos\tests\pos.tests\bin\debug\net8.0\pos.tests.dll" id="a0e26765-302c-ee09-992f-a7ef7407a4f8">
      <Execution id="b53327fe-01c2-4876-baa4-ee4cc421d1ff" />
      <TestMethod codeBase="C:\projects\POS\tests\POS.Tests\bin\Debug\net8.0\POS.Tests.dll" adapterTypeName="executor://xunit/VsTestRunner2/netcoreapp" className="POS.Tests.AuditLogTests" name="Currency_policy_update_writes_audit_row" />
    </UnitTest>
    <UnitTest name="POS.Tests.WebIntegrationTests.Login_flow_redirects_unauthenticated_dashboard_requests_and_then_renders_dashboard" storage="c:\projects\pos\tests\pos.tests\bin\debug\net8.0\pos.tests.dll" id="74383383-f939-07d1-39da-0d7a2c60cf16">
      <Execution id="6e50c024-e648-45d9-a23a-82984d77533d" />
      <TestMethod codeBase="C:\projects\POS\tests\POS.Tests\bin\Debug\net8.0\POS.Tests.dll" adapterTypeName="executor://xunit/VsTestRunner2/netcoreapp" className="POS.Tests.WebIntegrationTests" name="Login_flow_redirects_unauthenticated_dashboard_requests_and_then_renders_dashboard" />
    </UnitTest>
    <UnitTest name="POS.Tests.StoreTests.Store_can_set_Name" storage="c:\projects\pos\tests\pos.tests\bin\debug\net8.0\pos.tests.dll" id="36d33af1-d87f-eccc-6359-c6311f13b9c0">
      <Execution id="10f7fe82-16fb-4e9c-a250-f61f8879d8d5" />
      <TestMethod codeBase="C:\projects\POS\tests\POS.Tests\bin\Debug\net8.0\POS.Tests.dll" adapterTypeName="executor://xunit/VsTestRunner2/netcoreapp" className="POS.Tests.StoreTests" name="Store_can_set_Name" />
    </UnitTest>
    <UnitTest name="POS.Tests.ApiIntegrationTests.Sync_users_pull_endpoint_returns_server_user_changes_after_cursor" storage="c:\projects\pos\tests\pos.tests\bin\debug\net8.0\pos.tests.dll" id="442c2e9e-e7c6-d499-78cc-a66e1f40e3f1">
      <Execution id="db78faa7-719d-45d9-b690-dcf6d0fcbabd" />
      <TestMethod codeBase="C:\projects\POS\tests\POS.Tests\bin\Debug\net8.0\POS.Tests.dll" adapterTypeName="executor://xunit/VsTestRunner2/netcoreapp" className="POS.Tests.ApiIntegrationTests" name="Sync_users_pull_endpoint_returns_server_user_changes_after_cursor" />
    </UnitTest>
    <UnitTest name="POS.Tests.ApiIntegrationTests.Sync_category_push_endpoint_applies_snapshot_on_server" storage="c:\projects\pos\tests\pos.tests\bin\debug\net8.0\pos.tests.dll" id="cdd07177-6813-55e3-9970-7431a43631cc">
      <Execution id="00bca394-900b-4ff9-8c86-797f2b54febe" />
      <TestMethod codeBase="C:\projects\POS\tests\POS.Tests\bin\Debug\net8.0\POS.Tests.dll" adapterTypeName="executor://xunit/VsTestRunner2/netcoreapp" className="POS.Tests.ApiIntegrationTests" name="Sync_category_push_endpoint_applies_snapshot_on_server" />
    </UnitTest>
    <UnitTest name="POS.Tests.ApiIntegrationTests.Sync_endpoint_applies_invoice_snapshot_and_reports_conflict_for_stale_version" storage="c:\projects\pos\tests\pos.tests\bin\debug\net8.0\pos.tests.dll" id="3bab6a12-176a-4b40-df1c-1344d20e4493">
      <Execution id="38ee129a-c414-4a4d-851e-45b9eb0ccdd2" />
      <TestMethod codeBase="C:\projects\POS\tests\POS.Tests\bin\Debug\net8.0\POS.Tests.dll" adapterTypeName="executor://xunit/VsTestRunner2/netcoreapp" className="POS.Tests.ApiIntegrationTests" name="Sync_endpoint_applies_invoice_snapshot_and_reports_conflict_for_stale_version" />
    </UnitTest>
    <UnitTest name="POS.Tests.InvoiceSyncServiceTests.Pull_remote_invoices_applies_snapshot_updates_inventory_and_persists_cursor" storage="c:\projects\pos\tests\pos.tests\bin\debug\net8.0\pos.tests.dll" id="e704cf59-a5be-860b-625c-da022a9f48bb">
      <Execution id="84c11e5a-aaa0-48e3-a41a-f83ac8bb60e3" />
      <TestMethod codeBase="C:\projects\POS\tests\POS.Tests\bin\Debug\net8.0\POS.Tests.dll" adapterTypeName="executor://xunit/VsTestRunner2/netcoreapp" className="POS.Tests.InvoiceSyncServiceTests" name="Pull_remote_invoices_applies_snapshot_updates_inventory_and_persists_cursor" />
    </UnitTest>
    <UnitTest name="POS.Tests.SettingsServiceTests.Settings_round_trip_persists_and_loads" storage="c:\projects\pos\tests\pos.tests\bin\debug\net8.0\pos.tests.dll" id="80860392-46c6-8311-6952-cb692ad00414">
      <Execution id="6fcd164b-fbbc-4862-991d-ff1124a04b2e" />
      <TestMethod codeBase="C:\projects\POS\tests\POS.Tests\bin\Debug\net8.0\POS.Tests.dll" adapterTypeName="executor://xunit/VsTestRunner2/netcoreapp" className="POS.Tests.SettingsServiceTests" name="Settings_round_trip_persists_and_loads" />
    </UnitTest>
    <UnitTest name="POS.Tests.ApiIntegrationTests.Sync_pull_endpoint_returns_server_invoice_changes_after_cursor" storage="c:\projects\pos\tests\pos.tests\bin\debug\net8.0\pos.tests.dll" id="496f23fb-f239-d8dc-3698-518f2f5ba751">
      <Execution id="8aac5aff-2470-4f1d-bfe0-82e8151bcb2f" />
      <TestMethod codeBase="C:\projects\POS\tests\POS.Tests\bin\Debug\net8.0\POS.Tests.dll" adapterTypeName="executor://xunit/VsTestRunner2/netcoreapp" className="POS.Tests.ApiIntegrationTests" name="Sync_pull_endpoint_returns_server_invoice_changes_after_cursor" />
    </UnitTest>
    <UnitTest name="POS.Tests.AuditLogTests.Refund_writes_invoice_refunded_audit_row" storage="c:\projects\pos\tests\pos.tests\bin\debug\net8.0\pos.tests.dll" id="20263a67-98bf-c1c1-3ab6-3ec180636e5c">
      <Execution id="204ad15f-ad21-454c-a3bd-69d3977c78a7" />
      <TestMethod codeBase="C:\projects\POS\tests\POS.Tests\bin\Debug\net8.0\POS.Tests.dll" adapterTypeName="executor://xunit/VsTestRunner2/netcoreapp" className="POS.Tests.AuditLogTests" name="Refund_writes_invoice_refunded_audit_row" />
    </UnitTest>
    <UnitTest name="POS.Tests.InvoiceSyncServiceTests.Push_updated_audit_logs_sends_snapshots_and_persists_cursor" storage="c:\projects\pos\tests\pos.tests\bin\debug\net8.0\pos.tests.dll" id="862c06d0-8947-7d42-dfe2-8aec5cbe17a7">
      <Execution id="f21e1354-5719-47f6-ab79-eedb84b4600a" />
      <TestMethod codeBase="C:\projects\POS\tests\POS.Tests\bin\Debug\net8.0\POS.Tests.dll" adapterTypeName="executor://xunit/VsTestRunner2/netcoreapp" className="POS.Tests.InvoiceSyncServiceTests" name="Push_updated_audit_logs_sends_snapshots_and_persists_cursor" />
    </UnitTest>
    <UnitTest name="POS.Tests.StoreTests.Store_defaults_Id_is_empty_guid" storage="c:\projects\pos\tests\pos.tests\bin\debug\net8.0\pos.tests.dll" id="1cc5788a-0742-e1df-8236-2dadfebbb8ba">
      <Execution id="af9ba86a-fc9f-498e-a4eb-b5a450b992d4" />
      <TestMethod codeBase="C:\projects\POS\tests\POS.Tests\bin\Debug\net8.0\POS.Tests.dll" adapterTypeName="executor://xunit/VsTestRunner2/netcoreapp" className="POS.Tests.StoreTests" name="Store_defaults_Id_is_empty_guid" />
    </UnitTest>
    <UnitTest name="POS.Tests.ApiIntegrationTests.Sync_settings_pull_endpoint_returns_server_setting_changes_after_cursor" storage="c:\projects\pos\tests\pos.tests\bin\debug\net8.0\pos.tests.dll" id="aa81bcc1-5dd5-1acf-433e-f733cd728233">
      <Execution id="ae491148-5899-4ffa-989d-a9bd920dadbb" />
      <TestMethod codeBase="C:\projects\POS\tests\POS.Tests\bin\Debug\net8.0\POS.Tests.dll" adapterTypeName="executor://xunit/VsTestRunner2/netcoreapp" className="POS.Tests.ApiIntegrationTests" name="Sync_settings_pull_endpoint_returns_server_setting_changes_after_cursor" />
    </UnitTest>
    <UnitTest name="POS.Tests.SaleServiceSettingsTests.Negative_stock_policy_allows_oversell_and_uses_default_tax" storage="c:\projects\pos\tests\pos.tests\bin\debug\net8.0\pos.tests.dll" id="89177fa3-a6d3-201f-8bdc-49d838b6d227">
      <Execution id="f4931af0-6381-4934-b003-e6e94e0a26c7" />
      <TestMethod codeBase="C:\projects\POS\tests\POS.Tests\bin\Debug\net8.0\POS.Tests.dll" adapterTypeName="executor://xunit/VsTestRunner2/netcoreapp" className="POS.Tests.SaleServiceSettingsTests" name="Negative_stock_policy_allows_oversell_and_uses_default_tax" />
    </UnitTest>
    <UnitTest name="POS.Tests.SyncMetadataTests.Tracked_category_save_emits_sync_change_row" storage="c:\projects\pos\tests\pos.tests\bin\debug\net8.0\pos.tests.dll" id="80b0d0ec-e3c3-6fe7-6f6a-a1b59b45d544">
      <Execution id="1ac57c3f-c7de-4e55-9802-fdd33cd6ca38" />
      <TestMethod codeBase="C:\projects\POS\tests\POS.Tests\bin\Debug\net8.0\POS.Tests.dll" adapterTypeName="executor://xunit/VsTestRunner2/netcoreapp" className="POS.Tests.SyncMetadataTests" name="Tracked_category_save_emits_sync_change_row" />
    </UnitTest>
  </TestDefinitions>
  <TestEntries>
    <TestEntry testId="e7cd6e02-6031-1f3f-466f-32a7997cdadc" executionId="33834161-d39f-4f58-8885-42556dff0924" testListId="8c84fa94-04c1-424b-9868-57a2d4851a1d" />
    <TestEntry testId="90b500e4-4cec-b83e-782d-50b128475173" executionId="27f7ba2e-d7e9-4a72-9817-faeeabf63501" testListId="8c84fa94-04c1-424b-9868-57a2d4851a1d" />
    <TestEntry testId="986bd36d-0e1d-f0d2-3e67-0ef978eb3cdb" executionId="8c5b5b46-56ad-4d0c-9f4c-b2afbe15ea74" testListId="8c84fa94-04c1-424b-9868-57a2d4851a1d" />
    <TestEntry testId="85b3b6ed-94d3-2ff9-a2cb-8b0e3ee6b4db" executionId="5f5c4862-51bc-4959-a34e-fc74c47cd366" testListId="8c84fa94-04c1-424b-9868-57a2d4851a1d" />
    <TestEntry testId="bbf1eece-04dc-2fd0-b4f6-d049225ca1d9" executionId="beb82602-9d0f-44d4-81e9-2ada4aaa9f48" testListId="8c84fa94-04c1-424b-9868-57a2d4851a1d" />
    <TestEntry testId="7332bb65-ad3a-168f-042e-1329d1c21107" executionId="e0e07f7c-e867-46b0-b5be-8e028938f4f6" testListId="8c84fa94-04c1-424b-9868-57a2d4851a1d" />
    <TestEntry testId="340de893-fb2a-1668-befc-9e5785d88e96" executionId="79c4d96b-32bb-4c9f-bb8f-7dd22249ed76" testListId="8c84fa94-04c1-424b-9868-57a2d4851a1d" />
    <TestEntry testId="862c06d0-8947-7d42-dfe2-8aec5cbe17a7" executionId="f21e1354-5719-47f6-ab79-eedb84b4600a" testListId="8c84fa94-04c1-424b-9868-57a2d4851a1d" />
    <TestEntry testId="6c59921a-70d3-7570-64ad-d2dff5146048" executionId="f4c80a7c-caf3-439a-8228-729fdeecb890" testListId="8c84fa94-04c1-424b-9868-57a2d4851a1d" />
    <TestEntry testId="4bb901e6-8f3f-4842-06d2-05b25401fef0" executionId="a1a9ecec-9f2a-4e9b-a13a-a43f5af3de46" testListId="8c84fa94-04c1-424b-9868-57a2d4851a1d" />
    <TestEntry testId="1591ecf0-66d5-413a-ed23-c8a2ebf63ec4" executionId="312d7fba-1bee-4d15-965a-7521f7b96e5f" testListId="8c84fa94-04c1-424b-9868-57a2d4851a1d" />
    <TestEntry testId="80860392-46c6-8311-6952-cb692ad00414" executionId="6fcd164b-fbbc-4862-991d-ff1124a04b2e" testListId="8c84fa94-04c1-424b-9868-57a2d4851a1d" />
    <TestEntry testId="d8188e0c-4832-e29a-22ae-965c7b053d74" executionId="adee9c61-fbc3-4a7b-b033-224b9dd4eaa7" testListId="8c84fa94-04c1-424b-9868-57a2d4851a1d" />
    <TestEntry testId="426fc058-a14c-0d44-caba-3b3cceddcea2" executionId="c2bcca28-d796-4d9c-ba5f-1f3a8813031c" testListId="8c84fa94-04c1-424b-9868-57a2d4851a1d" />
    <TestEntry testId="1cc5788a-0742-e1df-8236-2dadfebbb8ba" executionId="af9ba86a-fc9f-498e-a4eb-b5a450b992d4" testListId="8c84fa94-04c1-424b-9868-57a2d4851a1d" />
    <TestEntry testId="496f23fb-f239-d8dc-3698-518f2f5ba751" executionId="8aac5aff-2470-4f1d-bfe0-82e8151bcb2f" testListId="8c84fa94-04c1-424b-9868-57a2d4851a1d" />
    <TestEntry testId="1f34e7a7-5750-e733-ef19-438e12e21a26" executionId="65f93d34-40c3-4b25-b67d-9eeefd25da88" testListId="8c84fa94-04c1-424b-9868-57a2d4851a1d" />
    <TestEntry testId="8d315db6-2a0e-4c64-fe64-6d9dab174c37" executionId="abb634ab-19ae-41df-9152-be7c0538394b" testListId="8c84fa94-04c1-424b-9868-57a2d4851a1d" />
    <TestEntry testId="c066c2df-147c-a15a-a61f-ea4ea453263b" executionId="34f1aec9-5f00-4a00-8980-9c80a4a8823b" testListId="8c84fa94-04c1-424b-9868-57a2d4851a1d" />
    <TestEntry testId="92deb2b5-8a60-64f9-32a1-d5189eb1991a" executionId="912e84de-c4bf-4af1-b684-e4f234456cb7" testListId="8c84fa94-04c1-424b-9868-57a2d4851a1d" />
    <TestEntry testId="80b0d0ec-e3c3-6fe7-6f6a-a1b59b45d544" executionId="1ac57c3f-c7de-4e55-9802-fdd33cd6ca38" testListId="8c84fa94-04c1-424b-9868-57a2d4851a1d" />
    <TestEntry testId="7bf4d9e4-505b-c4e2-ab4a-19827318a1d0" executionId="7315b5a0-f9fb-4b06-ae98-ff973a08d46e" testListId="8c84fa94-04c1-424b-9868-57a2d4851a1d" />
    <TestEntry testId="0050df26-b947-58b4-c4b4-6f2f659a251a" executionId="92d1a394-9365-4887-82cb-2e5c93ab5d77" testListId="8c84fa94-04c1-424b-9868-57a2d4851a1d" />
    <TestEntry testId="36d33af1-d87f-eccc-6359-c6311f13b9c0" executionId="10f7fe82-16fb-4e9c-a250-f61f8879d8d5" testListId="8c84fa94-04c1-424b-9868-57a2d4851a1d" />
    <TestEntry testId="cdd07177-6813-55e3-9970-7431a43631cc" executionId="00bca394-900b-4ff9-8c86-797f2b54febe" testListId="8c84fa94-04c1-424b-9868-57a2d4851a1d" />
    <TestEntry testId="6a510e97-aa63-7844-dc18-473fe572af25" executionId="a12da253-35aa-4579-9744-73a61ea982cc" testListId="8c84fa94-04c1-424b-9868-57a2d4851a1d" />
    <TestEntry testId="74383383-f939-07d1-39da-0d7a2c60cf16" executionId="6e50c024-e648-45d9-a23a-82984d77533d" testListId="8c84fa94-04c1-424b-9868-57a2d4851a1d" />
    <TestEntry testId="d2a709b9-b92d-ae03-6f86-4196e0eef0f2" executionId="902e18a1-286a-4eff-968f-d65379af96ab" testListId="8c84fa94-04c1-424b-9868-57a2d4851a1d" />
    <TestEntry testId="30b5d756-adfc-f568-265b-5e3e4ff673c3" executionId="531bad1f-bb12-4745-a000-e9c8c1898ef3" testListId="8c84fa94-04c1-424b-9868-57a2d4851a1d" />
    <TestEntry testId="4ab80519-a504-dfd8-520e-6faf8362710e" executionId="fdb0cc10-8e02-4fac-b36c-fe55004abe6e" testListId="8c84fa94-04c1-424b-9868-57a2d4851a1d" />
    <TestEntry testId="20263a67-98bf-c1c1-3ab6-3ec180636e5c" executionId="204ad15f-ad21-454c-a3bd-69d3977c78a7" testListId="8c84fa94-04c1-424b-9868-57a2d4851a1d" />
    <TestEntry testId="2a6bea22-6cfa-b098-fbb1-89db86be6be6" executionId="c6b8e2d3-6143-4de4-95e5-f6e56b29f0ad" testListId="8c84fa94-04c1-424b-9868-57a2d4851a1d" />
    <TestEntry testId="a0e26765-302c-ee09-992f-a7ef7407a4f8" executionId="b53327fe-01c2-4876-baa4-ee4cc421d1ff" testListId="8c84fa94-04c1-424b-9868-57a2d4851a1d" />
    <TestEntry testId="daadd110-ba0d-c21e-bd3c-a936ce19c5d5" executionId="dbcc798f-6bfc-40cd-a5e3-2e819d486d92" testListId="8c84fa94-04c1-424b-9868-57a2d4851a1d" />
    <TestEntry testId="a8088a4c-fb11-8488-280a-49105ec1c2fb" executionId="3206a750-044b-4a8b-b20d-c5b466e89e83" testListId="8c84fa94-04c1-424b-9868-57a2d4851a1d" />
    <TestEntry testId="442c2e9e-e7c6-d499-78cc-a66e1f40e3f1" executionId="db78faa7-719d-45d9-b690-dcf6d0fcbabd" testListId="8c84fa94-04c1-424b-9868-57a2d4851a1d" />
    <TestEntry testId="7c648003-73c0-0119-a724-1a61f1ad9e1e" executionId="493e8f71-0d26-4808-909b-95fc1ca87626" testListId="8c84fa94-04c1-424b-9868-57a2d4851a1d" />
    <TestEntry testId="ae94d76e-57d7-9ebf-e9f3-15d5b87775f5" executionId="8a977ee4-f859-4c46-ab1d-04f71c0e0a84" testListId="8c84fa94-04c1-424b-9868-57a2d4851a1d" />
    <TestEntry testId="e4221f37-9e5f-6627-e042-951eeaffa750" executionId="bbdb81f8-276c-44e7-af96-a663849d8ae0" testListId="8c84fa94-04c1-424b-9868-57a2d4851a1d" />
    <TestEntry testId="7644cd85-3bbc-2e2a-8057-dcc426f641a0" executionId="6334fc41-ec6f-4445-a33d-35094bb2f348" testListId="8c84fa94-04c1-424b-9868-57a2d4851a1d" />
    <TestEntry testId="89177fa3-a6d3-201f-8bdc-49d838b6d227" executionId="f4931af0-6381-4934-b003-e6e94e0a26c7" testListId="8c84fa94-04c1-424b-9868-57a2d4851a1d" />
    <TestEntry testId="8caed3c1-0240-0112-54fb-7af6d16ea07c" executionId="c500dda0-71da-4fa7-9100-ea3a1c941669" testListId="8c84fa94-04c1-424b-9868-57a2d4851a1d" />
    <TestEntry testId="b821df00-112c-df99-f89b-86fee22c4368" executionId="4f29c51f-e2ed-420e-9f4d-ce51b04437c4" testListId="8c84fa94-04c1-424b-9868-57a2d4851a1d" />
    <TestEntry testId="1c88e101-8a8e-7201-859a-b9066ef7f21c" executionId="0c0303eb-d72c-45c5-8a53-da6c2cc8219e" testListId="8c84fa94-04c1-424b-9868-57a2d4851a1d" />
    <TestEntry testId="7542509e-5afb-609e-e0ed-c9580a7d671b" executionId="725e1093-5a00-4943-b912-472ad3ddb26f" testListId="8c84fa94-04c1-424b-9868-57a2d4851a1d" />
    <TestEntry testId="21c9afa1-2904-5ab8-67d6-440b77a50fd5" executionId="28d142ac-f6d4-47fb-8ad0-add027fd92cd" testListId="8c84fa94-04c1-424b-9868-57a2d4851a1d" />
    <TestEntry testId="d4beec55-8bb4-e04e-5263-607e5d0be97e" executionId="812ab5c2-fe2c-47ed-af37-36619cf1c719" testListId="8c84fa94-04c1-424b-9868-57a2d4851a1d" />
    <TestEntry testId="406ac49f-a9db-abd8-6605-474ab1766f43" executionId="96201dea-3b2e-49fb-a73c-4b420fbc9796" testListId="8c84fa94-04c1-424b-9868-57a2d4851a1d" />
    <TestEntry testId="aa81bcc1-5dd5-1acf-433e-f733cd728233" executionId="ae491148-5899-4ffa-989d-a9bd920dadbb" testListId="8c84fa94-04c1-424b-9868-57a2d4851a1d" />
    <TestEntry testId="28dca536-678a-e9d0-d276-1bcabfb4e70a" executionId="e6f0ca0c-ae36-42a1-b0e3-9973fc149c14" testListId="8c84fa94-04c1-424b-9868-57a2d4851a1d" />
    <TestEntry testId="e704cf59-a5be-860b-625c-da022a9f48bb" executionId="84c11e5a-aaa0-48e3-a41a-f83ac8bb60e3" testListId="8c84fa94-04c1-424b-9868-57a2d4851a1d" />
    <TestEntry testId="10ed7303-3338-cdca-e730-0aa588e51b2c" executionId="62c7c383-b6c6-451d-991a-85bb276757a4" testListId="8c84fa94-04c1-424b-9868-57a2d4851a1d" />
    <TestEntry testId="cd566374-774f-a109-ee1f-71e7ac86cc59" executionId="ab0f3f41-8ca9-4e0d-8063-8736702dcc58" testListId="8c84fa94-04c1-424b-9868-57a2d4851a1d" />
    <TestEntry testId="7416d6d4-e56d-4258-3f01-88f6f1561081" executionId="eee48275-159c-43f2-b41d-a407340581cc" testListId="8c84fa94-04c1-424b-9868-57a2d4851a1d" />
    <TestEntry testId="652c050b-d14c-c4b8-7605-fbfc86c2e75e" executionId="a1b703f9-23fc-46dd-98e2-2345df9ebf3c" testListId="8c84fa94-04c1-424b-9868-57a2d4851a1d" />
    <TestEntry testId="ed0f8c76-67bb-5864-f350-751c29b914c9" executionId="98d67f6b-67ec-4ef6-bc63-39310c194fa4" testListId="8c84fa94-04c1-424b-9868-57a2d4851a1d" />
    <TestEntry testId="a3ff68e3-f599-f05f-4bc8-b0a94354099f" executionId="63d492f3-f24b-4a6f-8d8c-6c230b735e68" testListId="8c84fa94-04c1-424b-9868-57a2d4851a1d" />
    <TestEntry testId="60c7eb3e-afd1-29e6-3a0d-9062d3397450" executionId="d7b061e0-6ff2-471a-af45-8f85aa6c8497" testListId="8c84fa94-04c1-424b-9868-57a2d4851a1d" />
    <TestEntry testId="3bab6a12-176a-4b40-df1c-1344d20e4493" executionId="38ee129a-c414-4a4d-851e-45b9eb0ccdd2" testListId="8c84fa94-04c1-424b-9868-57a2d4851a1d" />
    <TestEntry testId="dc7608db-b803-d9ad-2276-b67da9722d2b" executionId="de55c6a6-06db-464b-8ead-2de13e1df959" testListId="8c84fa94-04c1-424b-9868-57a2d4851a1d" />
  </TestEntries>
  <TestLists>
    <TestList name="Results Not in a List" id="8c84fa94-04c1-424b-9868-57a2d4851a1d" />
    <TestList name="All Loaded Results" id="19431567-8539-422a-85d7-44ee4e166bda" />
  </TestLists>
  <ResultSummary outcome="Completed">
    <Counters total="60" executed="60" passed="60" failed="0" error="0" timeout="0" aborted="0" inconclusive="0" passedButRunAborted="0" notRunnable="0" notExecuted="0" disconnected="0" warning="0" completed="0" inProgress="0" pending="0" />
    <Output>
      <StdOut>[xUnit.net 00:00:00.00] xUnit.net VSTest Adapter v2.5.3.1+6b60a9e56a (64-bit .NET 8.0.25)&#xD;
[xUnit.net 00:00:00.29]   Discovering: POS.Tests&#xD;
[xUnit.net 00:00:00.36]   Discovered:  POS.Tests&#xD;
[xUnit.net 00:00:00.38]   Starting:    POS.Tests&#xD;
warn: Microsoft.EntityFrameworkCore.Query[10103]&#xD;
      The query uses the 'First'/'FirstOrDefault' operator without 'OrderBy' and filter operators. This may lead to unpredictable results.&#xD;
warn: Microsoft.EntityFrameworkCore.Query[20504]&#xD;
      Compiling a query which loads related collections for more than one collection navigation, either via 'Include' or through projection, but no 'QuerySplittingBehavior' has been configured. By default, Entity Framework will use 'QuerySplittingBehavior.SingleQuery', which can potentially result in slow query performance. See https://go.microsoft.com/fwlink/?linkid=2134277 for more information. To identify the query that's triggering this warning call 'ConfigureWarnings(w =&gt; w.Throw(RelationalEventId.MultipleCollectionIncludeWarning))'.&#xD;
warn: Microsoft.EntityFrameworkCore.Query[20504]&#xD;
      Compiling a query which loads related collections for more than one collection navigation, either via 'Include' or through projection, but no 'QuerySplittingBehavior' has been configured. By default, Entity Framework will use 'QuerySplittingBehavior.SingleQuery', which can potentially result in slow query performance. See https://go.microsoft.com/fwlink/?linkid=2134277 for more information. To identify the query that's triggering this warning call 'ConfigureWarnings(w =&gt; w.Throw(RelationalEventId.MultipleCollectionIncludeWarning))'.&#xD;
[xUnit.net 00:00:22.39]   Finished:    POS.Tests&#xD;
</StdOut>
    </Output>
  </ResultSummary>
</TestRun>