<?xml version="1.0" encoding="utf-8"?>
<TestRun id="e7df94c1-5014-4d4a-a2f6-5b6b08cfe733" name="User@ASUS 2026-05-21 15:45:34" runUser="Asus\User" xmlns="http://microsoft.com/schemas/VisualStudio/TeamTest/2010">
  <Times creation="2026-05-21T15:45:34.7921068+03:00" queuing="2026-05-21T15:45:34.7921073+03:00" start="2026-05-21T15:45:21.1169306+03:00" finish="2026-05-21T15:45:34.8095789+03:00" />
  <TestSettings name="default" id="a76f1a9f-8d8e-405b-9ac4-f707f9a37121">
    <Deployment runDeploymentRoot="User_ASUS_2026-05-21_15_45_34" />
  </TestSettings>
  <Results>
    <UnitTestResult executionId="3de9299a-6258-45f8-bfaf-394cae7d8cf6" testId="3e8bc961-418f-22cc-1c15-b7441605b0a9" testName="POS.Tests.WebIntegrationTests.Management_get_stock_ledger_filter_supports_yesterday_preset" computerName="ASUS" duration="00:00:09.9840161" startTime="2026-05-21T15:45:34.5892366+03:00" endTime="2026-05-21T15:45:34.5892653+03:00" testType="13cdc9d9-ddb5-4fa4-a97d-d965ccfc6d4b" outcome="Passed" testListId="8c84fa94-04c1-424b-9868-57a2d4851a1d" relativeResultsDirectory="3de9299a-6258-45f8-bfaf-394cae7d8cf6" />
  </Results>
  <TestDefinitions>
    <UnitTest name="POS.Tests.WebIntegrationTests.Management_get_stock_ledger_filter_supports_yesterday_preset" storage="c:\projects\pos\tests\pos.tests\bin\debug\net8.0\pos.tests.dll" id="3e8bc961-418f-22cc-1c15-b7441605b0a9">
      <Execution id="3de9299a-6258-45f8-bfaf-394cae7d8cf6" />
      <TestMethod codeBase="C:\projects\POS\tests\POS.Tests\bin\Debug\net8.0\POS.Tests.dll" adapterTypeName="executor://xunit/VsTestRunner2/netcoreapp" className="POS.Tests.WebIntegrationTests" name="Management_get_stock_ledger_filter_supports_yesterday_preset" />
    </UnitTest>
  </TestDefinitions>
  <TestEntries>
    <TestEntry testId="3e8bc961-418f-22cc-1c15-b7441605b0a9" executionId="3de9299a-6258-45f8-bfaf-394cae7d8cf6" testListId="8c84fa94-04c1-424b-9868-57a2d4851a1d" />
  </TestEntries>
  <TestLists>
    <TestList name="Results Not in a List" id="8c84fa94-04c1-424b-9868-57a2d4851a1d" />
    <TestList name="All Loaded Results" id="19431567-8539-422a-85d7-44ee4e166bda" />
  </TestLists>
  <ResultSummary outcome="Completed">
    <Counters total="1" executed="1" passed="1" failed="0" error="0" timeout="0" aborted="0" inconclusive="0" passedButRunAborted="0" notRunnable="0" notExecuted="0" disconnected="0" warning="0" completed="0" inProgress="0" pending="0" />
    <Output>
      <StdOut>[xUnit.net 00:00:00.01] xUnit.net VSTest Adapter v2.5.3.1+6b60a9e56a (64-bit .NET 8.0.25)&#xD;
[xUnit.net 00:00:00.79]   Discovering: POS.Tests&#xD;
[xUnit.net 00:00:00.93]   Discovered:  POS.Tests&#xD;
[xUnit.net 00:00:00.94]   Starting:    POS.Tests&#xD;
warn: Microsoft.EntityFrameworkCore.Query[10103]&#xD;
      The query uses the 'First'/'FirstOrDefault' operator without 'OrderBy' and filter operators. This may lead to unpredictable results.&#xD;
warn: Microsoft.EntityFrameworkCore.Query[10103]&#xD;
      The query uses the 'First'/'FirstOrDefault' operator without 'OrderBy' and filter operators. This may lead to unpredictable results.&#xD;
[xUnit.net 00:00:11.10]   Finished:    POS.Tests&#xD;
</StdOut>
    </Output>
  </ResultSummary>
</TestRun>